Component: ARM Compiler 5.06 update 6 (build 750) Tool: armlink [4d35ed]

==============================================================================

Section Cross References

    startup_stm32f103xb.o(RESET) refers to startup_stm32f103xb.o(STACK) for __initial_sp
    startup_stm32f103xb.o(RESET) refers to startup_stm32f103xb.o(.text) for Reset_Handler
    startup_stm32f103xb.o(RESET) refers to stm32f1xx_it.o(i.NMI_Handler) for NMI_Handler
    startup_stm32f103xb.o(RESET) refers to stm32f1xx_it.o(i.HardFault_Handler) for HardFault_Handler
    startup_stm32f103xb.o(RESET) refers to stm32f1xx_it.o(i.MemManage_Handler) for MemManage_Handler
    startup_stm32f103xb.o(RESET) refers to stm32f1xx_it.o(i.BusFault_Handler) for BusFault_Handler
    startup_stm32f103xb.o(RESET) refers to stm32f1xx_it.o(i.UsageFault_Handler) for UsageFault_Handler
    startup_stm32f103xb.o(RESET) refers to stm32f1xx_it.o(i.SVC_Handler) for SVC_Handler
    startup_stm32f103xb.o(RESET) refers to stm32f1xx_it.o(i.DebugMon_Handler) for DebugMon_Handler
    startup_stm32f103xb.o(RESET) refers to stm32f1xx_it.o(i.PendSV_Handler) for PendSV_Handler
    startup_stm32f103xb.o(RESET) refers to stm32f1xx_it.o(i.SysTick_Handler) for SysTick_Handler
    startup_stm32f103xb.o(RESET) refers to stm32f1xx_it.o(i.USB_LP_CAN1_RX0_IRQHandler) for USB_LP_CAN1_RX0_IRQHandler
    startup_stm32f103xb.o(RESET) refers to stm32f1xx_it.o(i.TIM3_IRQHandler) for TIM3_IRQHandler
    startup_stm32f103xb.o(RESET) refers to stm32f1xx_it.o(i.USART1_IRQHandler) for USART1_IRQHandler
    startup_stm32f103xb.o(RESET) refers to stm32f1xx_it.o(i.USART2_IRQHandler) for USART2_IRQHandler
    startup_stm32f103xb.o(.text) refers to system_stm32f1xx.o(i.SystemInit) for SystemInit
    startup_stm32f103xb.o(.text) refers to entry.o(.ARM.Collect$$$$00000000) for __main
    main.o(i.DeleteAllTemplateProcess) refers to finger.o(i.FPRN_DeleteAllTemplate) for FPRN_DeleteAllTemplate
    main.o(i.DeleteAllTemplateProcess) refers to memseta.o(.text) for __aeabi_memclr
    main.o(i.DeleteAllTemplateProcess) refers to main.o(.data) for IdentifyFlag
    main.o(i.DeleteAllTemplateProcess) refers to main.o(.bss) for fromAndroid
    main.o(i.DeletetrHead) refers to main.o(i.SaveRingDetail) for SaveRingDetail
    main.o(i.DeletetrHead) refers to main.o(i.send) for send
    main.o(i.DeletetrHead) refers to main.o(.data) for trHead
    main.o(i.Error_Handler) refers to stm32f1xx_hal_cortex.o(i.HAL_NVIC_SystemReset) for HAL_NVIC_SystemReset
    main.o(i.GetCPUiD) refers to printfa.o(i.__0sprintf) for __2sprintf
    main.o(i.GetCPUiD) refers to main.o(i.send) for send
    main.o(i.GetPage) refers to stm32f1xx_hal.o(i.HAL_GetTick) for HAL_GetTick
    main.o(i.GetPage) refers to stm32f1xx_hal.o(i.HAL_Delay) for HAL_Delay
    main.o(i.GetPage) refers to main.o(i.Sendpacket) for Sendpacket
    main.o(i.GetPage) refers to main.o(.bss) for fromAndroid
    main.o(i.GetPage) refers to main.o(.data) for rxBufferHeadPos
    main.o(i.HAL_TIM_PeriodElapsedCallback) refers to softuart.o(i.SoftUartHandler) for SoftUartHandler
    main.o(i.IncTrHead) refers to main.o(i.send) for send
    main.o(i.IncTrHead) refers to main.o(.data) for trHead
    main.o(i.LoadFromDFToRam) refers to flash.o(i.SPI_Flash_Read) for SPI_Flash_Read
    main.o(i.LoadFromDFToRam) refers to main.o(.bss) for hiwdg
    main.o(i.LoadRecordsInfo) refers to main.o(i.LoadFromDFToRam) for LoadFromDFToRam
    main.o(i.LoadRecordsInfo) refers to ecard.o(i.BytesToInt) for BytesToInt
    main.o(i.LoadRecordsInfo) refers to main.o(i.SaveRingDetail) for SaveRingDetail
    main.o(i.LoadRecordsInfo) refers to main.o(.data) for trHead
    main.o(i.MX_GPIO_Init) refers to stm32f1xx_hal_gpio.o(i.HAL_GPIO_WritePin) for HAL_GPIO_WritePin
    main.o(i.MX_GPIO_Init) refers to stm32f1xx_hal_gpio.o(i.HAL_GPIO_Init) for HAL_GPIO_Init
    main.o(i.MX_I2C1_Init) refers to stm32f1xx_hal_i2c.o(i.HAL_I2C_Init) for HAL_I2C_Init
    main.o(i.MX_I2C1_Init) refers to main.o(i.Error_Handler) for Error_Handler
    main.o(i.MX_I2C1_Init) refers to main.o(.bss) for hi2c1
    main.o(i.MX_IWDG_Init) refers to stm32f1xx_hal_iwdg.o(i.HAL_IWDG_Init) for HAL_IWDG_Init
    main.o(i.MX_IWDG_Init) refers to main.o(i.Error_Handler) for Error_Handler
    main.o(i.MX_IWDG_Init) refers to main.o(.bss) for hiwdg
    main.o(i.MX_RTC_Init) refers to stm32f1xx_hal_rtc.o(i.HAL_RTC_Init) for HAL_RTC_Init
    main.o(i.MX_RTC_Init) refers to main.o(i.Error_Handler) for Error_Handler
    main.o(i.MX_RTC_Init) refers to main.o(.bss) for hrtc
    main.o(i.MX_SPI1_Init) refers to stm32f1xx_hal_spi.o(i.HAL_SPI_Init) for HAL_SPI_Init
    main.o(i.MX_SPI1_Init) refers to main.o(i.Error_Handler) for Error_Handler
    main.o(i.MX_SPI1_Init) refers to main.o(.bss) for hspi1
    main.o(i.MX_SPI2_Init) refers to stm32f1xx_hal_spi.o(i.HAL_SPI_Init) for HAL_SPI_Init
    main.o(i.MX_SPI2_Init) refers to main.o(i.Error_Handler) for Error_Handler
    main.o(i.MX_SPI2_Init) refers to main.o(.bss) for hspi2
[...]
    MFRC522_Anticoll                         0x0800c829   Thumb Code    74  stm32f1_rc522.o(i.MFRC522_Anticoll)
    MFRC522_Auth                             0x0800c873   Thumb Code   110  stm32f1_rc522.o(i.MFRC522_Auth)
    MFRC522_Check                            0x0800c8e1   Thumb Code    36  stm32f1_rc522.o(i.MFRC522_Check)
    MFRC522_Init                             0x0800c905   Thumb Code   102  stm32f1_rc522.o(i.MFRC522_Init)
    MFRC522_Read                             0x0800c975   Thumb Code    54  stm32f1_rc522.o(i.MFRC522_Read)
    MFRC522_Request                          0x0800c9ab   Thumb Code    48  stm32f1_rc522.o(i.MFRC522_Request)
    MFRC522_Reset                            0x0800c9db   Thumb Code    12  stm32f1_rc522.o(i.MFRC522_Reset)
    MFRC522_SelectTag                        0x0800c9e7   Thumb Code    90  stm32f1_rc522.o(i.MFRC522_SelectTag)
    MFRC522_ToCard                           0x0800ca41   Thumb Code   290  stm32f1_rc522.o(i.MFRC522_ToCard)
    MX_USB_DEVICE_Init                       0x0800ced1   Thumb Code   114  usb_device.o(i.MX_USB_DEVICE_Init)
    MemManage_Handler                        0x0800cf59   Thumb Code     4  stm32f1xx_it.o(i.MemManage_Handler)
    NMI_Handler                              0x0800cf5d   Thumb Code     8  stm32f1xx_it.o(i.NMI_Handler)
    PendSV_Handler                           0x0800d357   Thumb Code     2  stm32f1xx_it.o(i.PendSV_Handler)
    Pos                                      0x0800d359   Thumb Code  2176  main.o(i.Pos)
    RC522_SPI_Transfer                       0x0800dc15   Thumb Code    26  stm32f1_rc522.o(i.RC522_SPI_Transfer)
    Read_MFRC522                             0x0800ddcd   Thumb Code    50  stm32f1_rc522.o(i.Read_MFRC522)
    SHA1                                     0x0800de05   Thumb Code   866  sha-1.o(i.SHA1)
    SPI_FLASH_Write_Enable                   0x0800e1ad   Thumb Code    46  flash.o(i.SPI_FLASH_Write_Enable)
    SPI_FLASH_Write_SR                       0x0800e1e9   Thumb Code    60  flash.o(i.SPI_FLASH_Write_SR)
    SPI_Flash_Erase_Sector                   0x0800e231   Thumb Code   114  flash.o(i.SPI_Flash_Erase_Sector)
    SPI_Flash_Read                           0x0800e2b1   Thumb Code   154  flash.o(i.SPI_Flash_Read)
    SPI_Flash_ReadID                         0x0800e359   Thumb Code   158  flash.o(i.SPI_Flash_ReadID)
    SPI_Flash_ReadSR                         0x0800e405   Thumb Code    76  flash.o(i.SPI_Flash_ReadSR)
    SPI_Flash_Wait_Busy                      0x0800e45d   Thumb Code    30  flash.o(i.SPI_Flash_Wait_Busy)
    SPI_Flash_Write                          0x0800e481   Thumb Code   268  flash.o(i.SPI_Flash_Write)
    SPI_Flash_Write2                         0x0800e595   Thumb Code   238  flash.o(i.SPI_Flash_Write2)
    SPI_Flash_Write_NoCheck                  0x0800e689   Thumb Code    80  flash.o(i.SPI_Flash_Write_NoCheck)
    SPI_Flash_Write_Page                     0x0800e6dd   Thumb Code   146  flash.o(i.SPI_Flash_Write_Page)
    SVC_Handler                              0x0800e855   Thumb Code     2  stm32f1xx_it.o(i.SVC_Handler)
    SaveFromRamToDF                          0x0800e859   Thumb Code    32  main.o(i.SaveFromRamToDF)
    SaveRingDetail                           0x0800e87d   Thumb Code   108  main.o(i.SaveRingDetail)
    Sendpacket                               0x0800e8f5   Thumb Code    80  main.o(i.Sendpacket)
    SetBitMask                               0x0800e95d   Thumb Code    26  stm32f1_rc522.o(i.SetBitMask)
    SoftUartEnableRx                         0x0800e979   Thumb Code    24  softuart.o(i.SoftUartEnableRx)
    SoftUartGpioReadPin                      0x0800e995   Thumb Code    16  softuart.o(i.SoftUartGpioReadPin)
    SoftUartGpioWritePin                     0x0800e9a5   Thumb Code    20  softuart.o(i.SoftUartGpioWritePin)
    SoftUartHandler                          0x0800e9b9   Thumb Code   102  softuart.o(i.SoftUartHandler)
    SoftUartInit                             0x0800ea29   Thumb Code   172  softuart.o(i.SoftUartInit)
    SoftUartPuts                             0x0800eadd   Thumb Code    90  softuart.o(i.SoftUartPuts)
    SoftUartRxDataBitProcess                 0x0800eb3d   Thumb Code   116  softuart.o(i.SoftUartRxDataBitProcess)
    SoftUartScanRxPorts                      0x0800ebb1   Thumb Code   106  softuart.o(i.SoftUartScanRxPorts)
    SoftUartTransmitBit                      0x0800ec25   Thumb Code    18  softuart.o(i.SoftUartTransmitBit)
    SoftUartTxProcess                        0x0800ec37   Thumb Code   140  softuart.o(i.SoftUartTxProcess)
    SysTick_Handler                          0x0800ecc5   Thumb Code    18  stm32f1xx_it.o(i.SysTick_Handler)
    SystemClock_Config                       0x0800ecdd   Thumb Code   148  main.o(i.SystemClock_Config)
    SystemInit                               0x0800ed71   Thumb Code     8  system_stm32f1xx.o(i.SystemInit)
    TIM3_IRQHandler                          0x0800ed81   Thumb Code    16  stm32f1xx_it.o(i.TIM3_IRQHandler)
    TIM_Base_SetConfig                       0x0800ed95   Thumb Code   104  stm32f1xx_hal_tim.o(i.TIM_Base_SetConfig)
    TIM_ETR_SetConfig                        0x0800ee09   Thumb Code    22  stm32f1xx_hal_tim.o(i.TIM_ETR_SetConfig)
    USART1_IRQHandler                        0x0800f195   Thumb Code    58  stm32f1xx_it.o(i.USART1_IRQHandler)
    USART2_IRQHandler                        0x0800f1e1   Thumb Code    64  stm32f1xx_it.o(i.USART2_IRQHandler)
    USBD_CDC_GetDeviceQualifierDescriptor    0x0800f369   Thumb Code    10  usbd_cdc.o(i.USBD_CDC_GetDeviceQualifierDescriptor)
    USBD_CDC_ReceivePacket                   0x0800f461   Thumb Code    58  usbd_cdc.o(i.USBD_CDC_ReceivePacket)
    USBD_CDC_RegisterInterface               0x0800f49b   Thumb Code    14  usbd_cdc.o(i.USBD_CDC_RegisterInterface)
    USBD_CDC_SetRxBuffer                     0x0800f4a9   Thumb Code    14  usbd_cdc.o(i.USBD_CDC_SetRxBuffer)
    USBD_CDC_SetTxBuffer                     0x0800f4b7   Thumb Code    20  usbd_cdc.o(i.USBD_CDC_SetTxBuffer)
    USBD_CDC_TransmitPacket                  0x0800f5bf   Thumb Code    62  usbd_cdc.o(i.USBD_CDC_TransmitPacket)
    USBD_ClrClassConfig                      0x0800f5fd   Thumb Code    22  usbd_core.o(i.USBD_ClrClassConfig)
    USBD_CtlContinueRx                       0x0800f651   Thumb Code    24  usbd_ioreq.o(i.USBD_CtlContinueRx)
    USBD_CtlContinueSendData                 0x0800f669   Thumb Code    24  usbd_ioreq.o(i.USBD_CtlContinueSendData)
    USBD_CtlError                            0x0800f681   Thumb Code    24  usbd_ctlreq.o(i.USBD_CtlError)
    USBD_CtlPrepareRx                        0x0800f699   Thumb Code    40  usbd_ioreq.o(i.USBD_CtlPrepareRx)
    USBD_CtlReceiveStatus                    0x0800f6c1   Thumb Code    26  usbd_ioreq.o(i.USBD_CtlReceiveStatus)
    USBD_CtlSendData                         0x0800f6db   Thumb Code    34  usbd_ioreq.o(i.USBD_CtlSendData)
    USBD_CtlSendStatus                       0x0800f6fd   Thumb Code    26  usbd_ioreq.o(i.USBD_CtlSendStatus)
    USBD_FS_ConfigStrDescriptor              0x0800f719   Thumb Code    34  usbd_desc.o(i.USBD_FS_ConfigStrDescriptor)
    USBD_FS_DeviceDescriptor                 0x0800f74d   Thumb Code    10  usbd_desc.o(i.USBD_FS_DeviceDescriptor)
    USBD_FS_InterfaceStrDescriptor           0x0800f75d   Thumb Code    34  usbd_desc.o(i.USBD_FS_InterfaceStrDescriptor)
    USBD_FS_LangIDStrDescriptor              0x0800f795   Thumb Code    10  usbd_desc.o(i.USBD_FS_LangIDStrDescriptor)
    USBD_FS_ManufacturerStrDescriptor        0x0800f7a5   Thumb Code    20  usbd_desc.o(i.USBD_FS_ManufacturerStrDescriptor)
    USBD_FS_ProductStrDescriptor             0x0800f7c9   Thumb Code    34  usbd_desc.o(i.USBD_FS_ProductStrDescriptor)
    USBD_FS_SerialStrDescriptor              0x0800f801   Thumb Code    18  usbd_desc.o(i.USBD_FS_SerialStrDescriptor)
    USBD_GetString                           0x0800fad1   Thumb Code    82  usbd_ctlreq.o(i.USBD_GetString)
    USBD_Init                                0x0800fb4f   Thumb Code    50  usbd_core.o(i.USBD_Init)
    USBD_LL_ClearStallEP                     0x0800fb81   Thumb Code    38  usbd_conf.o(i.USBD_LL_ClearStallEP)
    USBD_LL_CloseEP                          0x0800fba7   Thumb Code    38  usbd_conf.o(i.USBD_LL_CloseEP)
    USBD_LL_DataInStage                      0x0800fbcd   Thumb Code   256  usbd_core.o(i.USBD_LL_DataInStage)
    USBD_LL_DataOutStage                     0x0800fccd   Thumb Code   166  usbd_core.o(i.USBD_LL_DataOutStage)
    USBD_LL_GetRxDataSize                    0x0800fd73   Thumb Code    18  usbd_conf.o(i.USBD_LL_GetRxDataSize)
    USBD_LL_Init                             0x0800fd85   Thumb Code   124  usbd_conf.o(i.USBD_LL_Init)
    USBD_LL_IsStallEP                        0x0800fe09   Thumb Code    56  usbd_conf.o(i.USBD_LL_IsStallEP)
    USBD_LL_OpenEP                           0x0800fe41   Thumb Code    48  usbd_conf.o(i.USBD_LL_OpenEP)
    USBD_LL_PrepareReceive                   0x0800fe71   Thumb Code    48  usbd_conf.o(i.USBD_LL_PrepareReceive)
    USBD_LL_Reset                            0x0800fea1   Thumb Code    92  usbd_core.o(i.USBD_LL_Reset)
    USBD_LL_Resume                           0x0800fefd   Thumb Code    22  usbd_core.o(i.USBD_LL_Resume)
    USBD_LL_SOF                              0x0800ff13   Thumb Code    34  usbd_core.o(i.USBD_LL_SOF)
    USBD_LL_SetSpeed                         0x0800ff35   Thumb Code     8  usbd_core.o(i.USBD_LL_SetSpeed)
    USBD_LL_SetUSBAddress                    0x0800ff3d   Thumb Code    38  usbd_conf.o(i.USBD_LL_SetUSBAddress)
    USBD_LL_SetupStage                       0x0800ff63   Thumb Code   110  usbd_core.o(i.USBD_LL_SetupStage)
    USBD_LL_StallEP                          0x0800ffd1   Thumb Code    38  usbd_conf.o(i.USBD_LL_StallEP)
    USBD_LL_Start                            0x0800fff7   Thumb Code    30  usbd_conf.o(i.USBD_LL_Start)
    USBD_LL_Suspend                          0x08010015   Thumb Code    20  usbd_core.o(i.USBD_LL_Suspend)
    USBD_LL_Transmit                         0x08010029   Thumb Code    48  usbd_conf.o(i.USBD_LL_Transmit)
    USBD_ParseSetupRequest                   0x08010059   Thumb Code    40  usbd_ctlreq.o(i.USBD_ParseSetupRequest)
    USBD_RegisterClass                       0x08010081   Thumb Code    16  usbd_core.o(i.USBD_RegisterClass)
    USBD_RunTestMode                         0x08010091   Thumb Code     6  usbd_core.o(i.USBD_RunTestMode)
    USBD_SetClassConfig                      0x080100f1   Thumb Code    34  usbd_core.o(i.USBD_SetClassConfig)
    USBD_Start                               0x08010215   Thumb Code    14  usbd_core.o(i.USBD_Start)
    USBD_StdDevReq                           0x08010223   Thumb Code   162  usbd_ctlreq.o(i.USBD_StdDevReq)
    USBD_StdEPReq                            0x080102c5   Thumb Code   568  usbd_ctlreq.o(i.USBD_StdEPReq)
    USBD_StdItfReq                           0x080104fd   Thumb Code   126  usbd_ctlreq.o(i.USBD_StdItfReq)
    USBD_static_free                         0x0801057b   Thumb Code     2  usbd_conf.o(i.USBD_static_free)
    USBD_static_malloc                       0x0801057d   Thumb Code     6  usbd_conf.o(i.USBD_static_malloc)
    USB_ActivateEndpoint                     0x08010589   Thumb Code  1100  stm32f1xx_ll_usb.o(i.USB_ActivateEndpoint)
    USB_CoreInit                             0x080109d5   Thumb Code     8  stm32f1xx_ll_usb.o(i.USB_CoreInit)
    USB_DeactivateEndpoint                   0x080109dd   Thumb Code   636  stm32f1xx_ll_usb.o(i.USB_DeactivateEndpoint)
    USB_DevConnect                           0x08010c59   Thumb Code     6  stm32f1xx_ll_usb.o(i.USB_DevConnect)
    USB_DevDisconnect                        0x08010c5f   Thumb Code     6  stm32f1xx_ll_usb.o(i.USB_DevDisconnect)
    USB_DevInit                              0x08010c65   Thumb Code    22  stm32f1xx_ll_usb.o(i.USB_DevInit)
    USB_DisableGlobalInt                     0x08010c7b   Thumb Code    20  stm32f1xx_ll_usb.o(i.USB_DisableGlobalInt)
    USB_EP0_OutStart                         0x08010c8f   Thumb Code     6  stm32f1xx_ll_usb.o(i.USB_EP0_OutStart)
    USB_EPClearStall                         0x08010c95   Thumb Code   218  stm32f1xx_ll_usb.o(i.USB_EPClearStall)
    USB_EPSetStall                           0x08010d6f   Thumb Code    92  stm32f1xx_ll_usb.o(i.USB_EPSetStall)
    USB_EPStartXfer                          0x08010dcb   Thumb Code  2954  stm32f1xx_ll_usb.o(i.USB_EPStartXfer)
    USB_EnableGlobalInt                      0x08011955   Thumb Code    18  stm32f1xx_ll_usb.o(i.USB_EnableGlobalInt)
    USB_LP_CAN1_RX0_IRQHandler               0x08011969   Thumb Code    10  stm32f1xx_it.o(i.USB_LP_CAN1_RX0_IRQHandler)
    USB_ReadInterrupts                       0x08011979   Thumb Code     8  stm32f1xx_ll_usb.o(i.USB_ReadInterrupts)
    USB_ReadPMA                              0x08011981   Thumb Code    74  stm32f1xx_ll_usb.o(i.USB_ReadPMA)
    USB_SetCurrentMode                       0x080119cb   Thumb Code     6  stm32f1xx_ll_usb.o(i.USB_SetCurrentMode)
    USB_SetDevAddress                        0x080119d1   Thumb Code    14  stm32f1xx_ll_usb.o(i.USB_SetDevAddress)
    USB_WritePMA                             0x080119df   Thumb Code    66  stm32f1xx_ll_usb.o(i.USB_WritePMA)
    UsageFault_Handler                       0x08011a21   Thumb Code     4  stm32f1xx_it.o(i.UsageFault_Handler)
    WeightProccess                           0x08011a25   Thumb Code   518  main.o(i.WeightProccess)
    Write_MFRC522                            0x08011d21   Thumb Code    44  stm32f1_rc522.o(i.Write_MFRC522)
    __0printf                                0x08011d51   Thumb Code    22  printfa.o(i.__0printf)
    __1printf                                0x08011d51   Thumb Code     0  printfa.o(i.__0printf)
    __2printf                                0x08011d51   Thumb Code     0  printfa.o(i.__0printf)
    __c89printf                              0x08011d51   Thumb Code     0  printfa.o(i.__0printf)
    printf                                   0x08011d51   Thumb Code     0  printfa.o(i.__0printf)
    __0sprintf                               0x08011d71   Thumb Code    34  printfa.o(i.__0sprintf)
    __1sprintf                               0x08011d71   Thumb Code     0  printfa.o(i.__0sprintf)
    __2sprintf                               0x08011d71   Thumb Code     0  printfa.o(i.__0sprintf)
    __c89sprintf                             0x08011d71   Thumb Code     0  printfa.o(i.__0sprintf)
    sprintf                                  0x08011d71   Thumb Code     0  printfa.o(i.__0sprintf)
    __aeabi_errno_addr                       0x08011dd1   Thumb Code     4  errno.o(i.__aeabi_errno_addr)
    __rt_errno_addr                          0x08011dd1   Thumb Code     0  errno.o(i.__aeabi_errno_addr)
    __scatterload_copy                       0x08011dd9   Thumb Code    14  handlers.o(i.__scatterload_copy)
    __scatterload_null                       0x08011de7   Thumb Code     2  handlers.o(i.__scatterload_null)
    __scatterload_zeroinit                   0x08011de9   Thumb Code    14  handlers.o(i.__scatterload_zeroinit)
    _is_digit                                0x08011f7d   Thumb Code    14  scanf_fp.o(i._is_digit)
    cancelProcess                            0x080126c5   Thumb Code    30  main.o(i.cancelProcess)
    check_for_leap_year                      0x0801271d   Thumb Code    50  stm32f1xx_hal_rtc.o(i.check_for_leap_year)
    configBaudRate                           0x08012751   Thumb Code   302  main.o(i.configBaudRate)
    deleteTemplateProcess                    0x080128e9   Thumb Code   122  main.o(i.deleteTemplateProcess)
    ds7Proccess                              0x08012991   Thumb Code    28  main.o(i.ds7Proccess)
    ee_format                                0x080129cd   Thumb Code    76  ee.o(i.ee_format)
    ee_init                                  0x08012a21   Thumb Code    14  ee.o(i.ee_init)
    ee_read                                  0x08012a31   Thumb Code    60  ee.o(i.ee_read)
    ee_write                                 0x08012a75   Thumb Code    90  ee.o(i.ee_write)
    enrollProcess                            0x08012ad5   Thumb Code   268  main.o(i.enrollProcess)
    fputc                                    0x08012c21   Thumb Code    22  main.o(i.fputc)
    free                                     0x08012c39   Thumb Code    76  malloc.o(i.free)
    getResponse                              0x08012c89   Thumb Code   194  finger.o(i.getResponse)
    getTimeDate                              0x08012d59   Thumb Code   100  main.o(i.getTimeDate)
    identifyOffProcess                       0x08012e0d   Thumb Code    30  main.o(i.identifyOffProcess)
    identifyProcess                          0x08012e6d   Thumb Code    32  main.o(i.identifyProcess)
    ledBlik                                  0x08012ec9   Thumb Code    64  main.o(i.ledBlik)
    loadTransactionRecord                    0x08012f0d   Thumb Code   208  main.o(i.loadTransactionRecord)
    main                                     0x08013055   Thumb Code  2248  main.o(i.main)
    mainUpdateProccess                       0x080139b5   Thumb Code   306  main.o(i.mainUpdateProccess)
    makePosNumberArray                       0x08013b79   Thumb Code   116  main.o(i.makePosNumberArray)
    malloc                                   0x08013bed   Thumb Code    92  malloc.o(i.malloc)
    max30102Init                             0x08013c59   Thumb Code    92  main.o(i.max30102Init)
    max30102_clear_fifo                      0x08013cc1   Thumb Code    46  max30102.o(i.max30102_clear_fifo)
    max30102_init                            0x08013cef   Thumb Code    34  max30102.o(i.max30102_init)
    max30102_read                            0x08013d11   Thumb Code    54  max30102.o(i.max30102_read)
    max30102_read_fifo                       0x08013d49   Thumb Code   174  max30102.o(i.max30102_read_fifo)
    max30102_reset                           0x08013e15   Thumb Code    22  max30102.o(i.max30102_reset)
    max30102_set_a_full                      0x08013e2b   Thumb Code    60  max30102.o(i.max30102_set_a_full)
    max30102_set_adc_resolution              0x08013e67   Thumb Code    44  max30102.o(i.max30102_set_adc_resolution)
    max30102_set_fifo_config                 0x08013e93   Thumb Code    66  max30102.o(i.max30102_set_fifo_config)
    max30102_set_led_current_1               0x08013ed5   Thumb Code    50  max30102.o(i.max30102_set_led_current_1)
    max30102_set_led_current_2               0x08013f11   Thumb Code    50  max30102.o(i.max30102_set_led_current_2)
    max30102_set_led_pulse_width             0x08013f4d   Thumb Code    44  max30102.o(i.max30102_set_led_pulse_width)
    max30102_set_mode                        0x08013f79   Thumb Code    50  max30102.o(i.max30102_set_mode)
    max30102_set_sampling_rate               0x08013fab   Thumb Code    46  max30102.o(i.max30102_set_sampling_rate)
    max30102_write                           0x08013fd9   Thumb Code    68  max30102.o(i.max30102_write)
    pos_SendSerialData                       0x0801401d   Thumb Code    18  main.o(i.pos_SendSerialData)
    reSendLastTransaction                    0x08014035   Thumb Code   142  main.o(i.reSendLastTransaction)
    readTempalteProcess                      0x080140e9   Thumb Code   100  main.o(i.readTempalteProcess)
    relayState                               0x08014175   Thumb Code   188  main.o(i.relayState)
    send                                     0x080142fd   Thumb Code    50  main.o(i.send)
    sendResponsePos                          0x08014335   Thumb Code  1048  main.o(i.sendResponsePos)
    sendVersion                              0x0801474d   Thumb Code   246  main.o(i.sendVersion)
    sendWithSoftUart                         0x08014965   Thumb Code    48  main.o(i.sendWithSoftUart)
    serialSendCheck                          0x08014999   Thumb Code    50  main.o(i.serialSendCheck)
    setTimeDate                              0x08014a45   Thumb Code   178  main.o(i.setTimeDate)
    tabletOff                                0x08014b75   Thumb Code    30  main.o(i.tabletOff)
    tabletOn                                 0x08014bb9   Thumb Code    28  main.o(i.tabletOn)
    testConnection                           0x08014bf9   Thumb Code    96  finger.o(i.testConnection)
    testConnectionMax30102                   0x08014cb9   Thumb Code    92  main.o(i.testConnectionMax30102)
    trHeadSend                               0x08014d51   Thumb Code    44  main.o(i.trHeadSend)
    updateFirmware                           0x08014da5   Thumb Code   172  main.o(i.updateFirmware)
    KeyTable                                 0x08014f20   Data         256  main.o(.constdata)
    month_table                              0x08015089   Data          12  stm32f1xx_hal_rtc.o(.constdata)
    AHBPrescTable                            0x08015095   Data          16  system_stm32f1xx.o(.constdata)
    APBPrescTable                            0x080150a5   Data           8  system_stm32f1xx.o(.constdata)
    __ctype_table                            0x08015168   Data         129  ctype_o.o(.constdata)
    Region$$Table$$Base                      0x08015304   Number         0  anon$$obj.o(Region$$Table)
    Region$$Table$$Limit                     0x08015324   Number         0  anon$$obj.o(Region$$Table)
    trHead                                   0x20000000   Data           4  main.o(.data)
    trTail                                   0x20000004   Data           4  main.o(.data)
    serialConnect                            0x20000008   Data           1  main.o(.data)
    serialConnectWithTab                     0x20000009   Data           1  main.o(.data)
    resetSystem                              0x2000000a   Data           1  main.o(.data)
    reset_cause                              0x2000000b   Data           1  main.o(.data)
    idFR                                     0x2000000c   Data           4  main.o(.data)
    enrollFlag                               0x20000010   Data           1  main.o(.data)
    deleteTemplateFlag                       0x20000011   Data           1  main.o(.data)
    IdentifyFreeFlag                         0x20000012   Data           1  main.o(.data)
    readTemplateFlag                         0x20000013   Data           1  main.o(.data)
    fingerITflag                             0x20000014   Data           1  main.o(.data)
    rxBufferHeadPos                          0x20000016   Data           2  main.o(.data)
    rxBufferTailPos                          0x20000018   Data           2  main.o(.data)
    hr_old                                   0x2000001c   Data           4  main.o(.data)
    spo2_old                                 0x20000020   Data           4  main.o(.data)
    ID                                       0x20000024   Data           1  main.o(.data)
    max30102Flag                             0x20000025   Data           1  main.o(.data)
    rxITForFinger                            0x20000026   Data           1  main.o(.data)
    IdentifyFlag                             0x20000027   Data           1  main.o(.data)
    uart1Len                                 0x20000028   Data           1  main.o(.data)
    weight                                   0x2000002c   Data           4  main.o(.data)
    memID                                    0x20000030   Data           2  main.o(.data)
    flag                                     0x20000032   Data           1  main.o(.data)
    state                                    0x20000033   Data           1  main.o(.data)
    CDCReceiveLen                            0x20000034   Data           4  main.o(.data)
    crc                                      0x20000038   Data           2  main.o(.data)
    bufferLen                                0x2000003c   Data           4  main.o(.data)
    type                                     0x20000040   Data           4  main.o(.data)
    payMent                                  0x20000044   Data           4  main.o(.data)
    lastDevice                               0x20000048   Data           4  main.o(.data)
    MINEtebar                                0x2000004c   Data           4  main.o(.data)
    MAXEtebar                                0x20000050   Data           4  main.o(.data)
    deviceID                                 0x20000054   Data           4  main.o(.data)
    etebar                                   0x20000058   Data           4  main.o(.data)
    Hetebar                                  0x2000005c   Data           4  main.o(.data)
    preetebar                                0x20000060   Data           4  main.o(.data)
    LastoP                                   0x20000064   Data           1  main.o(.data)
    oPIndex                                  0x20000065   Data           1  main.o(.data)
    Month                                    0x20000066   Data           1  main.o(.data)
    Day                                      0x20000067   Data           1  main.o(.data)
    Hour                                     0x20000068   Data           1  main.o(.data)
    Min                                      0x20000069   Data           1  main.o(.data)
    Sec                                      0x2000006a   Data           1  main.o(.data)
    Year                                     0x2000006c   Data           4  main.o(.data)
    configUc                                 0x20000070   Data           4  main.o(.data)
    etebarFlag                               0x20000074   Data           1  main.o(.data)
    serialSendFlag                           0x20000075   Data           1  main.o(.data)
    reciveDataFlag                           0x20000076   Data           1  main.o(.data)
    zeroEtebarFlag                           0x20000077   Data           1  main.o(.data)
    flagRc522                                0x20000078   Data           1  main.o(.data)
    rxAndroid                                0x20000079   Data           1  main.o(.data)
    reciveAck                                0x2000007a   Data           1  main.o(.data)
    execTransactionFlag                      0x2000007b   Data           1  main.o(.data)
    toggleLed                                0x2000007c   Data           2  main.o(.data)
    crcCard                                  0x2000007e   Data           1  main.o(.data)
    sernum                                   0x2000007f   Data           5  main.o(.data)
    preSernum                                0x20000084   Data           5  main.o(.data)
    cardId                                   0x2000008c   Data           4  main.o(.data)
    uc                                       0x20000090   Data           4  main.o(.data)
    justOneRead                              0x20000094   Data           1  main.o(.data)
    readerTick                               0x20000098   Data           4  main.o(.data)
    Byte                                     0x2000009c   Data           1  main.o(.data)
    posType                                  0x2000009d   Data           1  main.o(.data)
    amount                                   0x200000a0   Data           4  main.o(.data)
    tick                                     0x200000a4   Data           4  main.o(.data)
    tickTime                                 0x200000a8   Data           4  main.o(.data)
    timePassive                              0x200000ac   Data           4  main.o(.data)
    timeAuth                                 0x200000b0   Data           4  main.o(.data)
    timeRead                                 0x200000b4   Data           4  main.o(.data)
    time1                                    0x200000b8   Data           4  main.o(.data)
    time2                                    0x200000bc   Data           4  main.o(.data)
    time3                                    0x200000c0   Data           4  main.o(.data)
    time4                                    0x200000c4   Data           4  main.o(.data)
    time5                                    0x200000c8   Data           4  main.o(.data)
    timeWrite                                0x200000cc   Data           4  main.o(.data)
    time                                     0x200000d0   Data           3  main.o(.data)
    date                                     0x200000d3   Data           4  main.o(.data)
    FS_Desc                                  0x200000d8   Data          28  usbd_desc.o(.data)
    USBD_FS_DeviceDesc                       0x200000f4   Data          18  usbd_desc.o(.data)
    USBD_LangIDDesc                          0x20000108   Data           4  usbd_desc.o(.data)
    USBD_StringSerial                        0x2000010c   Data          26  usbd_desc.o(.data)
    lineCoding                               0x20000128   Data           7  usbd_cdc_if.o(.data)
    USBD_Interface_fops_FS                   0x20000130   Data          16  usbd_cdc_if.o(.data)
    uwTick                                   0x20000140   Data           4  stm32f1xx_hal.o(.data)
    uwTickPrio                               0x20000144   Data           4  stm32f1xx_hal.o(.data)
    uwTickFreq                               0x20000148   Data           1  stm32f1xx_hal.o(.data)
    Temp_t                                   0x2000014c   Data           4  stm32f1xx_hal_rtc.o(.data)
    days_elapsed_2                           0x20000150   Data           4  stm32f1xx_hal_rtc.o(.data)
    cal_year                                 0x20000154   Data           4  stm32f1xx_hal_rtc.o(.data)
    SystemCoreClock                          0x2000015c   Data           4  system_stm32f1xx.o(.data)
    USBD_CDC                                 0x20000170   Data          56  usbd_cdc.o(.data)
    USBD_CDC_CfgHSDesc                       0x200001a8   Data          67  usbd_cdc.o(.data)
    USBD_CDC_CfgFSDesc                       0x200001ec   Data          67  usbd_cdc.o(.data)
    USBD_CDC_OtherSpeedCfgDesc               0x20000230   Data          67  usbd_cdc.o(.data)
    SU_Timer                                 0x20000273   Data           1  softuart.o(.data)
    __stdout                                 0x20000274   Data           4  stdout.o(.data)
    __microlib_freelist                      0x20000278   Data           4  mvars.o(.data)
    __microlib_freelist_initialised          0x2000027c   Data           4  mvars.o(.data)
    buffTransaction                          0x20000284   Data         300  main.o(.bss)
    HrSpo2Buffer                             0x200003b0   Data          32  main.o(.bss)
    uart1Buff                                0x200003d0   Data          10  main.o(.bss)
    GetResponse                              0x200003da   Data         600  main.o(.bss)
    fromAndroid                              0x20000632   Data         600  main.o(.bss)
    sendTimeDate                             0x2000088a   Data          60  main.o(.bss)
    globalBuff                               0x200008c6   Data         400  main.o(.bss)
    dataCard                                 0x20000a56   Data          32  main.o(.bss)
    buffRC522                                0x20000a76   Data         100  main.o(.bss)
    hiwdg                                    0x20000adc   Data          12  main.o(.bss)
    hi2c1                                    0x20000ae8   Data          84  main.o(.bss)
    max30102                                 0x20000b3c   Data         264  main.o(.bss)
    hrtc                                     0x20000c44   Data          20  main.o(.bss)
    hspi1                                    0x20000c58   Data          88  main.o(.bss)
    hspi2                                    0x20000cb0   Data          88  main.o(.bss)
    htim3                                    0x20000d08   Data          72  main.o(.bss)
    huart1                                   0x20000d50   Data          68  main.o(.bss)
    huart2                                   0x20000d94   Data          68  main.o(.bss)
    huart3                                   0x20000dd8   Data          68  main.o(.bss)
    hUsbDeviceFS                             0x20000e1c   Data         708  usb_device.o(.bss)
    USBD_StrDesc                             0x200010e0   Data         512  usbd_desc.o(.bss)
    UserRxBufferFS                           0x200012e0   Data        1000  usbd_cdc_if.o(.bss)
    UserTxBufferFS                           0x200016c8   Data        1000  usbd_cdc_if.o(.bss)
    hpcd_USB_FS                              0x20001ab0   Data         748  usbd_conf.o(.bss)
    pFlash                                   0x20001fc0   Data          32  stm32f1xx_hal_flash.o(.bss)
    ee_ram                                   0x20001fe0   Data          16  ee.o(.bss)
    SUart                                    0x20001ff0   Data          32  softuart.o(.bss)
    SUBuffer                                 0x20002010   Data          64  softuart.o(.bss)
    current_card_snr                         0x20002050   Data          10  iso14443ab.o(.bss)
    SPI_FLASH_BUF                            0x2000205a   Data        4096  flash.o(.bss)
    __heap_base                              0x20003060   Data           0  startup_stm32f103xb.o(HEAP)
    __heap_limit                             0x20003660   Data           0  startup_stm32f103xb.o(HEAP)
    __initial_sp                             0x20003c60   Data           0  startup_stm32f103xb.o(STACK)



==============================================================================

Memory Map of the image

  Image Entry point : 0x080058ed

  Load Region LR_IROM1 (Base: 0x08005800, Size: 0x0000fda8, Max: 0x0001a800, ABSOLUTE, COMPRESSED[0x0000fc08])

    Execution Region ER_IROM1 (Exec base: 0x08005800, Load base: 0x08005800, Size: 0x0000fb24, Max: 0x0001a800, ABSOLUTE)

    Exec Addr    Load Addr    Size         Type   Attr      Idx    E Section Name        Object

    0x08005800   0x08005800   0x000000ec   Data   RO            3    RESET               startup_stm32f103xb.o
    0x080058ec   0x080058ec   0x00000000   Code   RO         6915  * .ARM.Collect$$$$00000000  mc_w.l(entry.o)
    0x080058ec   0x080058ec   0x00000004   Code   RO         7231    .ARM.Collect$$$$00000001  mc_w.l(entry2.o)
    0x080058f0   0x080058f0   0x00000004   Code   RO         7234    .ARM.Collect$$$$00000004  mc_w.l(entry5.o)
    0x080058f4   0x080058f4   0x00000000   Code   RO         7236    .ARM.Collect$$$$00000008  mc_w.l(entry7b.o)
    0x080058f4   0x080058f4   0x00000000   Code   RO         7238    .ARM.Collect$$$$0000000A  mc_w.l(entry8b.o)
    0x080058f4   0x080058f4   0x00000008   Code   RO         7239    .ARM.Collect$$$$0000000B  mc_w.l(entry9a.o)
    0x080058fc   0x080058fc   0x00000000   Code   RO         7241    .ARM.Collect$$$$0000000D  mc_w.l(entry10a.o)
    0x080058fc   0x080058fc   0x00000000   Code   RO         7243    .ARM.Collect$$$$0000000F  mc_w.l(entry11a.o)
    0x080058fc   0x080058fc   0x00000004   Code   RO         7232    .ARM.Collect$$$$00002712  mc_w.l(entry2.o)
    0x08005900   0x08005900   0x00000024   Code   RO            4    .text               startup_stm32f103xb.o
    0x08005924   0x08005924   0x00000020   Code   RO         6918    .text               mc_w.l(llushr.o)
    0x08005944   0x08005944   0x00000024   Code   RO         6920    .text               mc_w.l(memcpya.o)
    0x08005968   0x08005968   0x00000024   Code   RO         6922    .text               mc_w.l(memseta.o)
    0x0800598c   0x0800598c   0x0000000e   Code   RO         6924    .text               mc_w.l(strlen.o)
    0x0800599a   0x0800599a   0x00000002   PAD
    0x0800599c   0x0800599c   0x00000038   Code   RO         7217    .text               mc_w.l(__0sscanf.o)
    0x080059d4   0x080059d4   0x00000360   Code   RO         7219    .text               mc_w.l(scanf_fp.o)
    0x08005d34   0x08005d34   0x0000001a   Code   RO         7223    .text               mc_w.l(atoi.o)
    0x08005d4e   0x08005d4e   0x000000de   Code   RO         7225    .text               mf_w.l(ddiv.o)
    0x08005e2c   0x08005e2c   0x00000032   Code   RO         7227    .text               mf_w.l(dfixui.o)
    0x08005e5e   0x08005e5e   0x00000026   Code   RO         7229    .text               mf_w.l(f2d.o)
    0x08005e84   0x08005e84   0x0000002c   Code   RO         7246    .text               mc_w.l(uidiv.o)
    0x08005eb0   0x08005eb0   0x00000062   Code   RO         7248    .text               mc_w.l(uldiv.o)
    0x08005f12   0x08005f12   0x00000002   PAD
    0x08005f14   0x08005f14   0x00000028   Code   RO         7259    .text               mc_w.l(scanf_char.o)
    0x08005f3c   0x08005f3c   0x00000040   Code   RO         7261    .text               mc_w.l(_sgetc.o)
    0x08005f7c   0x08005f7c   0x00000070   Code   RO         7263    .text               mc_w.l(strtol.o)
    0x08005fec   0x08005fec   0x00000000   Code   RO         7265    .text               mc_w.l(iusefp.o)
    0x08005fec   0x08005fec   0x000000ba   Code   RO         7266    .text               mf_w.l(depilogue.o)
    0x080060a6   0x080060a6   0x0000014e   Code   RO         7268    .text               mf_w.l(dadd.o)
    0x080061f4   0x080061f4   0x000000e4   Code   RO         7270    .text               mf_w.l(dmul.o)
    0x080062d8   0x080062d8   0x00000018   Code   RO         7272    .text               mf_w.l(dfltul.o)
    0x080062f0   0x080062f0   0x00000030   Code   RO         7274    .text               mf_w.l(dfixul.o)
    0x08006320   0x08006320   0x00000030   Code   RO         7276    .text               mf_w.l(cdrcmple.o)
    0x08006350   0x08006350   0x00000038   Code   RO         7278    .text               mf_w.l(d2f.o)
    0x08006388   0x08006388   0x00000024   Code   RO         7280    .text               mc_w.l(init.o)
    0x080063ac   0x080063ac   0x0000001e   Code   RO         7282    .text               mc_w.l(llshl.o)
    0x080063ca   0x080063ca   0x00000024   Code   RO         7284    .text               mc_w.l(llsshr.o)
    0x080063ee   0x080063ee   0x00000002   PAD
    0x080063f0   0x080063f0   0x00000008   Code   RO         7288    .text               mc_w.l(ctype_o.o)
    0x080063f8   0x080063f8   0x00000012   Code   RO         7310    .text               mc_w.l(isspace_o.o)
    0x0800640a   0x0800640a   0x00000002   PAD
    0x0800640c   0x0800640c   0x0000032c   Code   RO         7316    .text               mc_w.l(_scanf.o)
    0x08006738   0x08006738   0x0000009e   Code   RO         7318    .text               mc_w.l(_strtoul.o)
    0x080067d6   0x080067d6   0x0000006e   Code   RO         7320    .text               mf_w.l(fepilogue.o)
    0x08006844   0x08006844   0x0000001c   Code   RO         7325    .text               mc_w.l(_chval.o)
    0x08006860   0x08006860   0x00000056   Code   RO         7335    .text               mc_w.l(__dczerorl2.o)
    0x080068b6   0x080068b6   0x00000012   Code   RO         5717    i.AntennaOn         stm32f1_rc522.o
    0x080068c8   0x080068c8   0x00000004   Code   RO          541    i.BusFault_Handler  stm32f1xx_it.o
    0x080068cc   0x080068cc   0x00000030   Code   RO         5863    i.BytesToInt        ecard.o
    0x080068fc   0x080068fc   0x00000090   Code   RO          870    i.CDC_Control_FS    usbd_cdc_if.o
    0x0800698c   0x0800698c   0x00000004   Code   RO          871    i.CDC_DeInit_FS     usbd_cdc_if.o
    0x08006990   0x08006990   0x0000002c   Code   RO          872    i.CDC_FlushRxBuffer_FS  usbd_cdc_if.o
    0x080069bc   0x080069bc   0x00000024   Code   RO          874    i.CDC_Init_FS       usbd_cdc_if.o
    0x080069e0   0x080069e0   0x00000070   Code   RO          876    i.CDC_Receive_FS    usbd_cdc_if.o
    0x08006a50   0x08006a50   0x00000038   Code   RO          877    i.CDC_Transmit_FS   usbd_cdc_if.o
    0x08006a88   0x08006a88   0x00000064   Code   RO         5718    i.CalulateCRC       stm32f1_rc522.o
    0x08006aec   0x08006aec   0x0000001a   Code   RO         5719    i.ClearBitMask      stm32f1_rc522.o
    0x08006b06   0x08006b06   0x00000002   Code   RO          542    i.DebugMon_Handler  stm32f1xx_it.o
    0x08006b08   0x08006b08   0x00000020   Code   RO           13    i.DeleteAllTemplateProcess  main.o
    0x08006b28   0x08006b28   0x00000038   Code   RO           14    i.DeletetrHead      main.o
    0x08006b60   0x08006b60   0x0000000a   Code   RO           15    i.Error_Handler     main.o
    0x08006b6a   0x08006b6a   0x00000002   PAD
    0x08006b6c   0x08006b6c   0x00000028   Code   RO         2469    i.FLASH_MassErase   stm32f1xx_hal_flash_ex.o
    0x08006b94   0x08006b94   0x00000028   Code   RO         2478    i.FLASH_PageErase   stm32f1xx_hal_flash_ex.o
    0x08006bbc   0x08006bbc   0x00000020   Code   RO         2366    i.FLASH_Program_HalfWord  stm32f1xx_hal_flash.o
    0x08006bdc   0x08006bdc   0x00000084   Code   RO         2367    i.FLASH_SetErrorCode  stm32f1xx_hal_flash.o
    0x08006c60   0x08006c60   0x00000014   Code   RO         6771    i.FLASH_UNLOCK      flash.o
    0x08006c74   0x08006c74   0x00000070   Code   RO         2368    i.FLASH_WaitForLastOperation  stm32f1xx_hal_flash.o
    0x08006ce4   0x08006ce4   0x00000050   Code   RO         6016    i.FPRNCancelCmd     finger.o
    0x08006d34   0x08006d34   0x000004b8   Code   RO         6017    i.FPRN_AddNewUser   finger.o
    0x080071ec   0x080071ec   0x0000001c   Code   RO         6018    i.FPRN_CancelCmd    finger.o
    0x08007208   0x08007208   0x00000160   Code   RO         6020    i.FPRN_DeleteAllTemplate  finger.o
    0x08007368   0x08007368   0x00000114   Code   RO         6021    i.FPRN_DeleteTemplate  finger.o
    0x0800747c   0x0800747c   0x000000f0   Code   RO         6022    i.FPRN_GetEmptyID   finger.o
    0x0800756c   0x0800756c   0x00000348   Code   RO         6026    i.FPRN_GetTemplateByID  finger.o
    0x080078b4   0x080078b4   0x0000012c   Code   RO         6027    i.FPRN_Identify     finger.o
    0x080079e0   0x080079e0   0x0000014c   Code   RO         6029    i.FPRN_Send_Command  finger.o
    0x08007b2c   0x08007b2c   0x00000108   Code   RO         6030    i.FPRN_Send_TemplateDataPacket  finger.o
    0x08007c34   0x08007c34   0x00000238   Code   RO         6032    i.FPRN_WriteTemplateByID  finger.o
    0x08007e6c   0x08007e6c   0x00000018   Code   RO         6033    i.FP_SendSerialData  finger.o
    0x08007e84   0x08007e84   0x00000060   Code   RO           16    i.GetCPUiD          main.o
    0x08007ee4   0x08007ee4   0x00000088   Code   RO         6034    i.GetFrimware       finger.o
    0x08007f6c   0x08007f6c   0x000000c0   Code   RO           17    i.GetPage           main.o
    0x0800802c   0x0800802c   0x00000034   Code   RO          780    i.Get_SerialNum     usbd_desc.o
    0x08008060   0x08008060   0x00000056   Code   RO         2025    i.HAL_DMA_Abort     stm32f1xx_hal_dma.o
    0x080080b6   0x080080b6   0x00000002   PAD
    0x080080b8   0x080080b8   0x000000b0   Code   RO         2026    i.HAL_DMA_Abort_IT  stm32f1xx_hal_dma.o
    0x08008168   0x08008168   0x00000028   Code   RO         1648    i.HAL_Delay         stm32f1xx_hal.o
    0x08008190   0x08008190   0x000000b0   Code   RO         2479    i.HAL_FLASHEx_Erase  stm32f1xx_hal_flash_ex.o
    0x08008240   0x08008240   0x00000014   Code   RO         2372    i.HAL_FLASH_Lock    stm32f1xx_hal_flash.o
    0x08008254   0x08008254   0x000000b0   Code   RO         2377    i.HAL_FLASH_Program  stm32f1xx_hal_flash.o
    0x08008304   0x08008304   0x00000030   Code   RO         2379    i.HAL_FLASH_Unlock  stm32f1xx_hal_flash.o
    0x08008334   0x08008334   0x00000320   Code   RO         1961    i.HAL_GPIO_Init     stm32f1xx_hal_gpio.o
    0x08008654   0x08008654   0x00000010   Code   RO         1963    i.HAL_GPIO_ReadPin  stm32f1xx_hal_gpio.o
    0x08008664   0x08008664   0x00000014   Code   RO         1964    i.HAL_GPIO_TogglePin  stm32f1xx_hal_gpio.o
    0x08008678   0x08008678   0x0000000c   Code   RO         1965    i.HAL_GPIO_WritePin  stm32f1xx_hal_gpio.o
    0x08008684   0x08008684   0x0000000c   Code   RO         1652    i.HAL_GetTick       stm32f1xx_hal.o
    0x08008690   0x08008690   0x000001d0   Code   RO         4648    i.HAL_I2C_Init      stm32f1xx_hal_i2c.o
    0x08008860   0x08008860   0x00000358   Code   RO         4654    i.HAL_I2C_Master_Receive  stm32f1xx_hal_i2c.o
    0x08008bb8   0x08008bb8   0x00000170   Code   RO         4661    i.HAL_I2C_Master_Transmit  stm32f1xx_hal_i2c.o
    0x08008d28   0x08008d28   0x00000364   Code   RO         4666    i.HAL_I2C_Mem_Read  stm32f1xx_hal_i2c.o
    0x0800908c   0x0800908c   0x0000008c   Code   RO          649    i.HAL_I2C_MspInit   stm32f1xx_hal_msp.o
    0x08009118   0x08009118   0x0000005e   Code   RO         2647    i.HAL_IWDG_Init     stm32f1xx_hal_iwdg.o
    0x08009176   0x08009176   0x00000002   PAD
    0x08009178   0x08009178   0x00000018   Code   RO         1658    i.HAL_IncTick       stm32f1xx_hal.o
    0x08009190   0x08009190   0x00000028   Code   RO         1659    i.HAL_Init          stm32f1xx_hal.o
    0x080091b8   0x080091b8   0x0000004c   Code   RO         1660    i.HAL_InitTick      stm32f1xx_hal.o
    0x08009204   0x08009204   0x00000054   Code   RO          650    i.HAL_MspInit       stm32f1xx_hal_msp.o
    0x08009258   0x08009258   0x00000020   Code   RO         2121    i.HAL_NVIC_EnableIRQ  stm32f1xx_hal_cortex.o
    0x08009278   0x08009278   0x0000007c   Code   RO         2127    i.HAL_NVIC_SetPriority  stm32f1xx_hal_cortex.o
    0x080092f4   0x080092f4   0x00000028   Code   RO         2128    i.HAL_NVIC_SetPriorityGrouping  stm32f1xx_hal_cortex.o
    0x0800931c   0x0800931c   0x00000044   Code   RO         2129    i.HAL_NVIC_SystemReset  stm32f1xx_hal_cortex.o
    0x08009360   0x08009360   0x00000044   Code   RO         1421    i.HAL_PCDEx_PMAConfig  stm32f1xx_hal_pcd_ex.o
    0x080093a4   0x080093a4   0x00000002   Code   RO          940    i.HAL_PCDEx_SetConnectionState  usbd_conf.o
    0x080093a6   0x080093a6   0x00000020   Code   RO          942    i.HAL_PCD_DataInStageCallback  usbd_conf.o
    0x080093c6   0x080093c6   0x00000020   Code   RO          943    i.HAL_PCD_DataOutStageCallback  usbd_conf.o
    0x080093e6   0x080093e6   0x0000006a   Code   RO         1197    i.HAL_PCD_EP_Close  stm32f1xx_hal_pcd.o
    0x08009450   0x08009450   0x0000007c   Code   RO         1198    i.HAL_PCD_EP_ClrStall  stm32f1xx_hal_pcd.o
    0x080094cc   0x080094cc   0x00000158   Code   RO         1199    i.HAL_PCD_EP_DB_Receive  stm32f1xx_hal_pcd.o
    0x08009624   0x08009624   0x00000528   Code   RO         1200    i.HAL_PCD_EP_DB_Transmit  stm32f1xx_hal_pcd.o
    0x08009b4c   0x08009b4c   0x00000016   Code   RO         1202    i.HAL_PCD_EP_GetRxCount  stm32f1xx_hal_pcd.o
    0x08009b62   0x08009b62   0x0000008c   Code   RO         1203    i.HAL_PCD_EP_Open   stm32f1xx_hal_pcd.o
    0x08009bee   0x08009bee   0x0000004c   Code   RO         1204    i.HAL_PCD_EP_Receive  stm32f1xx_hal_pcd.o
    0x08009c3a   0x08009c3a   0x00000088   Code   RO         1205    i.HAL_PCD_EP_SetStall  stm32f1xx_hal_pcd.o
    0x08009cc2   0x08009cc2   0x00000056   Code   RO         1206    i.HAL_PCD_EP_Transmit  stm32f1xx_hal_pcd.o
    0x08009d18   0x08009d18   0x000001e2   Code   RO         1208    i.HAL_PCD_IRQHandler  stm32f1xx_hal_pcd.o
    0x08009efa   0x08009efa   0x00000158   Code   RO         1211    i.HAL_PCD_Init      stm32f1xx_hal_pcd.o
    0x0800a052   0x0800a052   0x00000002   PAD
    0x0800a054   0x0800a054   0x00000044   Code   RO          948    i.HAL_PCD_MspInit   usbd_conf.o
    0x0800a098   0x0800a098   0x00000024   Code   RO          949    i.HAL_PCD_ResetCallback  usbd_conf.o
    0x0800a0bc   0x0800a0bc   0x0000000e   Code   RO          950    i.HAL_PCD_ResumeCallback  usbd_conf.o
    0x0800a0ca   0x0800a0ca   0x0000000e   Code   RO          951    i.HAL_PCD_SOFCallback  usbd_conf.o
    0x0800a0d8   0x0800a0d8   0x00000036   Code   RO         1217    i.HAL_PCD_SetAddress  stm32f1xx_hal_pcd.o
    0x0800a10e   0x0800a10e   0x00000012   Code   RO          952    i.HAL_PCD_SetupStageCallback  usbd_conf.o
    0x0800a120   0x0800a120   0x0000003c   Code   RO         1219    i.HAL_PCD_Start     stm32f1xx_hal_pcd.o
    0x0800a15c   0x0800a15c   0x00000024   Code   RO          953    i.HAL_PCD_SuspendCallback  usbd_conf.o
    0x0800a180   0x0800a180   0x0000000c   Code   RO         2248    i.HAL_PWR_EnableBkUpAccess  stm32f1xx_hal_pwr.o
    0x0800a18c   0x0800a18c   0x00000118   Code   RO         1923    i.HAL_RCCEx_GetPeriphCLKFreq  stm32f1xx_hal_rcc_ex.o
    0x0800a2a4   0x0800a2a4   0x00000130   Code   RO         1924    i.HAL_RCCEx_PeriphCLKConfig  stm32f1xx_hal_rcc_ex.o
    0x0800a3d4   0x0800a3d4   0x00000002   Code   RO         1815    i.HAL_RCC_CSSCallback  stm32f1xx_hal_rcc.o
    0x0800a3d6   0x0800a3d6   0x00000002   PAD
    0x0800a3d8   0x0800a3d8   0x0000018c   Code   RO         1816    i.HAL_RCC_ClockConfig  stm32f1xx_hal_rcc.o
    0x0800a564   0x0800a564   0x0000000c   Code   RO         1819    i.HAL_RCC_EnableCSS  stm32f1xx_hal_rcc.o
    0x0800a570   0x0800a570   0x0000000c   Code   RO         1821    i.HAL_RCC_GetHCLKFreq  stm32f1xx_hal_rcc.o
    0x0800a57c   0x0800a57c   0x00000020   Code   RO         1823    i.HAL_RCC_GetPCLK1Freq  stm32f1xx_hal_rcc.o
    0x0800a59c   0x0800a59c   0x00000020   Code   RO         1824    i.HAL_RCC_GetPCLK2Freq  stm32f1xx_hal_rcc.o
    0x0800a5bc   0x0800a5bc   0x00000094   Code   RO         1825    i.HAL_RCC_GetSysClockFreq  stm32f1xx_hal_rcc.o
    0x0800a650   0x0800a650   0x00000020   Code   RO         1827    i.HAL_RCC_NMI_IRQHandler  stm32f1xx_hal_rcc.o
    0x0800a670   0x0800a670   0x00000464   Code   RO         1828    i.HAL_RCC_OscConfig  stm32f1xx_hal_rcc.o
    0x0800aad4   0x0800aad4   0x000000bc   Code   RO         4457    i.HAL_RTC_GetDate   stm32f1xx_hal_rtc.o
    0x0800ab90   0x0800ab90   0x00000080   Code   RO         4459    i.HAL_RTC_GetTime   stm32f1xx_hal_rtc.o
    0x0800ac10   0x0800ac10   0x000000d0   Code   RO         4460    i.HAL_RTC_Init      stm32f1xx_hal_rtc.o
    0x0800ace0   0x0800ace0   0x00000040   Code   RO          652    i.HAL_RTC_MspInit   stm32f1xx_hal_msp.o
    0x0800ad20   0x0800ad20   0x0000015c   Code   RO         4466    i.HAL_RTC_SetDate   stm32f1xx_hal_rtc.o
    0x0800ae7c   0x0800ae7c   0x000000c2   Code   RO         4467    i.HAL_RTC_SetTime   stm32f1xx_hal_rtc.o
    0x0800af3e   0x0800af3e   0x00000040   Code   RO         4468    i.HAL_RTC_WaitForSynchro  stm32f1xx_hal_rtc.o
    0x0800af7e   0x0800af7e   0x000000be   Code   RO         2790    i.HAL_SPI_Init      stm32f1xx_hal_spi.o
    0x0800b03c   0x0800b03c   0x000000f4   Code   RO          654    i.HAL_SPI_MspInit   stm32f1xx_hal_msp.o
    0x0800b130   0x0800b130   0x000001ae   Code   RO         2798    i.HAL_SPI_Transmit  stm32f1xx_hal_spi.o
    0x0800b2de   0x0800b2de   0x0000022a   Code   RO         2799    i.HAL_SPI_TransmitReceive  stm32f1xx_hal_spi.o
    0x0800b508   0x0800b508   0x00000034   Code   RO         2132    i.HAL_SYSTICK_Config  stm32f1xx_hal_cortex.o
    0x0800b53c   0x0800b53c   0x00000002   Code   RO         3818    i.HAL_TIMEx_BreakCallback  stm32f1xx_hal_tim_ex.o
    0x0800b53e   0x0800b53e   0x00000002   Code   RO         3819    i.HAL_TIMEx_CommutCallback  stm32f1xx_hal_tim_ex.o
    0x0800b540   0x0800b540   0x00000084   Code   RO         3837    i.HAL_TIMEx_MasterConfigSynchronization  stm32f1xx_hal_tim_ex.o
    0x0800b5c4   0x0800b5c4   0x00000066   Code   RO         3103    i.HAL_TIM_Base_Init  stm32f1xx_hal_tim.o
    0x0800b62a   0x0800b62a   0x00000002   PAD
    0x0800b62c   0x0800b62c   0x000000a4   Code   RO          656    i.HAL_TIM_Base_MspInit  stm32f1xx_hal_msp.o
    0x0800b6d0   0x0800b6d0   0x0000006c   Code   RO         3106    i.HAL_TIM_Base_Start  stm32f1xx_hal_tim.o
    0x0800b73c   0x0800b73c   0x00000078   Code   RO         3108    i.HAL_TIM_Base_Start_IT  stm32f1xx_hal_tim.o
    0x0800b7b4   0x0800b7b4   0x00000108   Code   RO         3112    i.HAL_TIM_ConfigClockSource  stm32f1xx_hal_tim.o
    0x0800b8bc   0x0800b8bc   0x00000002   Code   RO         3137    i.HAL_TIM_IC_CaptureCallback  stm32f1xx_hal_tim.o
    0x0800b8be   0x0800b8be   0x00000196   Code   RO         3151    i.HAL_TIM_IRQHandler  stm32f1xx_hal_tim.o
    0x0800ba54   0x0800ba54   0x00000002   Code   RO         3154    i.HAL_TIM_OC_DelayElapsedCallback  stm32f1xx_hal_tim.o
    0x0800ba56   0x0800ba56   0x00000002   Code   RO         3181    i.HAL_TIM_PWM_PulseFinishedCallback  stm32f1xx_hal_tim.o
    0x0800ba58   0x0800ba58   0x00000018   Code   RO           18    i.HAL_TIM_PeriodElapsedCallback  main.o
    0x0800ba70   0x0800ba70   0x00000002   Code   RO         3194    i.HAL_TIM_TriggerCallback  stm32f1xx_hal_tim.o
    0x0800ba72   0x0800ba72   0x00000002   Code   RO         4096    i.HAL_UARTEx_RxEventCallback  stm32f1xx_hal_uart.o
    0x0800ba74   0x0800ba74   0x00000002   Code   RO         4110    i.HAL_UART_ErrorCallback  stm32f1xx_hal_uart.o
    0x0800ba76   0x0800ba76   0x00000002   PAD
    0x0800ba78   0x0800ba78   0x0000024c   Code   RO         4113    i.HAL_UART_IRQHandler  stm32f1xx_hal_uart.o
    0x0800bcc4   0x0800bcc4   0x00000072   Code   RO         4114    i.HAL_UART_Init     stm32f1xx_hal_uart.o
    0x0800bd36   0x0800bd36   0x00000002   PAD
    0x0800bd38   0x0800bd38   0x000001a4   Code   RO          658    i.HAL_UART_MspInit  stm32f1xx_hal_msp.o
    0x0800bedc   0x0800bedc   0x00000002   Code   RO         4120    i.HAL_UART_RxCpltCallback  stm32f1xx_hal_uart.o
    0x0800bede   0x0800bede   0x000000d2   Code   RO         4122    i.HAL_UART_Transmit  stm32f1xx_hal_uart.o
    0x0800bfb0   0x0800bfb0   0x00000002   Code   RO         4125    i.HAL_UART_TxCpltCallback  stm32f1xx_hal_uart.o
    0x0800bfb2   0x0800bfb2   0x00000002   PAD
    0x0800bfb4   0x0800bfb4   0x00000028   Code   RO          543    i.HardFault_Handler  stm32f1xx_it.o
    0x0800bfdc   0x0800bfdc   0x0000003e   Code   RO         4691    i.I2C_IsAcknowledgeFailed  stm32f1xx_hal_i2c.o
    0x0800c01a   0x0800c01a   0x00000002   PAD
    0x0800c01c   0x0800c01c   0x00000138   Code   RO         4694    i.I2C_MasterRequestRead  stm32f1xx_hal_i2c.o
    0x0800c154   0x0800c154   0x000000c0   Code   RO         4695    i.I2C_MasterRequestWrite  stm32f1xx_hal_i2c.o
    0x0800c214   0x0800c214   0x00000160   Code   RO         4702    i.I2C_RequestMemoryRead  stm32f1xx_hal_i2c.o
    0x0800c374   0x0800c374   0x0000005c   Code   RO         4711    i.I2C_WaitOnBTFFlagUntilTimeout  stm32f1xx_hal_i2c.o
    0x0800c3d0   0x0800c3d0   0x00000090   Code   RO         4712    i.I2C_WaitOnFlagUntilTimeout  stm32f1xx_hal_i2c.o
    0x0800c460   0x0800c460   0x000000c4   Code   RO         4713    i.I2C_WaitOnMasterAddressFlagUntilTimeout  stm32f1xx_hal_i2c.o
    0x0800c524   0x0800c524   0x00000080   Code   RO         4714    i.I2C_WaitOnRXNEFlagUntilTimeout  stm32f1xx_hal_i2c.o
    0x0800c5a4   0x0800c5a4   0x0000005c   Code   RO         4717    i.I2C_WaitOnTXEFlagUntilTimeout  stm32f1xx_hal_i2c.o
    0x0800c600   0x0800c600   0x000000b4   Code   RO         6168    i.ISO14443_LoginE2  iso14443ab.o
    0x0800c6b4   0x0800c6b4   0x00000010   Code   RO         6169    i.ISO14443_ReadBlock  iso14443ab.o
    0x0800c6c4   0x0800c6c4   0x00000060   Code   RO         6171    i.ISO14443_SingleTagSelect  iso14443ab.o
    0x0800c724   0x0800c724   0x00000010   Code   RO         5872    i.IntToBytes        ecard.o
    0x0800c734   0x0800c734   0x0000003e   Code   RO          781    i.IntToUnicode      usbd_desc.o
    0x0800c772   0x0800c772   0x00000002   PAD
    0x0800c774   0x0800c774   0x00000024   Code   RO           20    i.LoadFromDFToRam   main.o
    0x0800c798   0x0800c798   0x00000090   Code   RO           21    i.LoadRecordsInfo   main.o
    0x0800c828   0x0800c828   0x0000004a   Code   RO         5720    i.MFRC522_Anticoll  stm32f1_rc522.o
    0x0800c872   0x0800c872   0x0000006e   Code   RO         5721    i.MFRC522_Auth      stm32f1_rc522.o
    0x0800c8e0   0x0800c8e0   0x00000024   Code   RO         5722    i.MFRC522_Check     stm32f1_rc522.o
    0x0800c904   0x0800c904   0x00000070   Code   RO         5724    i.MFRC522_Init      stm32f1_rc522.o
    0x0800c974   0x0800c974   0x00000036   Code   RO         5725    i.MFRC522_Read      stm32f1_rc522.o
    0x0800c9aa   0x0800c9aa   0x00000030   Code   RO         5726    i.MFRC522_Request   stm32f1_rc522.o
    0x0800c9da   0x0800c9da   0x0000000c   Code   RO         5727    i.MFRC522_Reset     stm32f1_rc522.o
    0x0800c9e6   0x0800c9e6   0x0000005a   Code   RO         5728    i.MFRC522_SelectTag  stm32f1_rc522.o
    0x0800ca40   0x0800ca40   0x00000122   Code   RO         5729    i.MFRC522_ToCard    stm32f1_rc522.o
    0x0800cb62   0x0800cb62   0x00000002   PAD
    0x0800cb64   0x0800cb64   0x0000016c   Code   RO           22    i.MX_GPIO_Init      main.o
    0x0800ccd0   0x0800ccd0   0x0000003c   Code   RO           23    i.MX_I2C1_Init      main.o
    0x0800cd0c   0x0800cd0c   0x00000028   Code   RO           24    i.MX_IWDG_Init      main.o
    0x0800cd34   0x0800cd34   0x00000030   Code   RO           25    i.MX_RTC_Init       main.o
    0x0800cd64   0x0800cd64   0x00000048   Code   RO           26    i.MX_SPI1_Init      main.o
    0x0800cdac   0x0800cdac   0x00000048   Code   RO           27    i.MX_SPI2_Init      main.o
    0x0800cdf4   0x0800cdf4   0x0000006c   Code   RO           28    i.MX_TIM3_Init      main.o
    0x0800ce60   0x0800ce60   0x00000038   Code   RO           29    i.MX_USART1_UART_Init  main.o
    0x0800ce98   0x0800ce98   0x00000038   Code   RO           30    i.MX_USART2_UART_Init  main.o
    0x0800ced0   0x0800ced0   0x00000088   Code   RO          732    i.MX_USB_DEVICE_Init  usb_device.o
    0x0800cf58   0x0800cf58   0x00000004   Code   RO          544    i.MemManage_Handler  stm32f1xx_it.o
    0x0800cf5c   0x0800cf5c   0x00000008   Code   RO          545    i.NMI_Handler       stm32f1xx_it.o
    0x0800cf64   0x0800cf64   0x000003f2   Code   RO         1223    i.PCD_EP_ISR_Handler  stm32f1xx_hal_pcd.o
    0x0800d356   0x0800d356   0x00000002   Code   RO          546    i.PendSV_Handler    stm32f1xx_it.o
    0x0800d358   0x0800d358   0x000008bc   Code   RO           32    i.Pos               main.o
    0x0800dc14   0x0800dc14   0x00000020   Code   RO         5732    i.RC522_SPI_Transfer  stm32f1_rc522.o
    0x0800dc34   0x0800dc34   0x00000028   Code   RO         1829    i.RCC_Delay         stm32f1xx_hal_rcc.o
    0x0800dc5c   0x0800dc5c   0x00000016   Code   RO         4469    i.RTC_Bcd2ToByte    stm32f1xx_hal_rtc.o
    0x0800dc72   0x0800dc72   0x0000003a   Code   RO         4472    i.RTC_EnterInitMode  stm32f1xx_hal_rtc.o
    0x0800dcac   0x0800dcac   0x0000003a   Code   RO         4473    i.RTC_ExitInitMode  stm32f1xx_hal_rtc.o
    0x0800dce6   0x0800dce6   0x00000034   Code   RO         4476    i.RTC_ReadTimeCounter  stm32f1xx_hal_rtc.o
    0x0800dd1a   0x0800dd1a   0x00000084   Code   RO         4477    i.RTC_WeekDayNum    stm32f1xx_hal_rtc.o
    0x0800dd9e   0x0800dd9e   0x0000002e   Code   RO         4479    i.RTC_WriteTimeCounter  stm32f1xx_hal_rtc.o
    0x0800ddcc   0x0800ddcc   0x00000038   Code   RO         5733    i.Read_MFRC522      stm32f1_rc522.o
    0x0800de04   0x0800de04   0x00000380   Code   RO         6746    i.SHA1              sha-1.o
    0x0800e184   0x0800e184   0x00000028   Code   RO         2828    i.SPI_EndRxTxTransaction  stm32f1xx_hal_spi.o
    0x0800e1ac   0x0800e1ac   0x0000003c   Code   RO         6774    i.SPI_FLASH_Write_Enable  flash.o
    0x0800e1e8   0x0800e1e8   0x00000048   Code   RO         6775    i.SPI_FLASH_Write_SR  flash.o
    0x0800e230   0x0800e230   0x00000080   Code   RO         6778    i.SPI_Flash_Erase_Sector  flash.o
    0x0800e2b0   0x0800e2b0   0x000000a8   Code   RO         6781    i.SPI_Flash_Read    flash.o
    0x0800e358   0x0800e358   0x000000ac   Code   RO         6782    i.SPI_Flash_ReadID  flash.o
    0x0800e404   0x0800e404   0x00000058   Code   RO         6783    i.SPI_Flash_ReadSR  flash.o
    0x0800e45c   0x0800e45c   0x00000024   Code   RO         6786    i.SPI_Flash_Wait_Busy  flash.o
    0x0800e480   0x0800e480   0x00000114   Code   RO         6787    i.SPI_Flash_Write   flash.o
    0x0800e594   0x0800e594   0x000000f4   Code   RO         6788    i.SPI_Flash_Write2  flash.o
    0x0800e688   0x0800e688   0x00000054   Code   RO         6789    i.SPI_Flash_Write_NoCheck  flash.o
    0x0800e6dc   0x0800e6dc   0x000000a0   Code   RO         6790    i.SPI_Flash_Write_Page  flash.o
    0x0800e77c   0x0800e77c   0x000000d8   Code   RO         2833    i.SPI_WaitFlagStateUntilTimeout  stm32f1xx_hal_spi.o
    0x0800e854   0x0800e854   0x00000002   Code   RO          547    i.SVC_Handler       stm32f1xx_it.o
    0x0800e856   0x0800e856   0x00000002   PAD
    0x0800e858   0x0800e858   0x00000024   Code   RO           33    i.SaveFromRamToDF   main.o
    0x0800e87c   0x0800e87c   0x00000078   Code   RO           34    i.SaveRingDetail    main.o
    0x0800e8f4   0x0800e8f4   0x00000068   Code   RO           36    i.Sendpacket        main.o
    0x0800e95c   0x0800e95c   0x0000001a   Code   RO         5734    i.SetBitMask        stm32f1_rc522.o
    0x0800e976   0x0800e976   0x00000002   PAD
    0x0800e978   0x0800e978   0x0000001c   Code   RO         5608    i.SoftUartEnableRx  softuart.o
    0x0800e994   0x0800e994   0x00000010   Code   RO         5609    i.SoftUartGpioReadPin  softuart.o
    0x0800e9a4   0x0800e9a4   0x00000014   Code   RO         5610    i.SoftUartGpioWritePin  softuart.o
    0x0800e9b8   0x0800e9b8   0x00000070   Code   RO         5611    i.SoftUartHandler   softuart.o
    0x0800ea28   0x0800ea28   0x000000b4   Code   RO         5612    i.SoftUartInit      softuart.o
    0x0800eadc   0x0800eadc   0x00000060   Code   RO         5613    i.SoftUartPuts      softuart.o
    0x0800eb3c   0x0800eb3c   0x00000074   Code   RO         5616    i.SoftUartRxDataBitProcess  softuart.o
    0x0800ebb0   0x0800ebb0   0x00000074   Code   RO         5617    i.SoftUartScanRxPorts  softuart.o
    0x0800ec24   0x0800ec24   0x00000012   Code   RO         5618    i.SoftUartTransmitBit  softuart.o
    0x0800ec36   0x0800ec36   0x0000008c   Code   RO         5619    i.SoftUartTxProcess  softuart.o
    0x0800ecc2   0x0800ecc2   0x00000002   PAD
    0x0800ecc4   0x0800ecc4   0x00000018   Code   RO          548    i.SysTick_Handler   stm32f1xx_it.o
    0x0800ecdc   0x0800ecdc   0x00000094   Code   RO           37    i.SystemClock_Config  main.o
    0x0800ed70   0x0800ed70   0x00000010   Code   RO         5110    i.SystemInit        system_stm32f1xx.o
    0x0800ed80   0x0800ed80   0x00000014   Code   RO          549    i.TIM3_IRQHandler   stm32f1xx_it.o
    0x0800ed94   0x0800ed94   0x00000074   Code   RO         3196    i.TIM_Base_SetConfig  stm32f1xx_hal_tim.o
    0x0800ee08   0x0800ee08   0x00000016   Code   RO         3207    i.TIM_ETR_SetConfig  stm32f1xx_hal_tim.o
    0x0800ee1e   0x0800ee1e   0x00000012   Code   RO         3208    i.TIM_ITRx_SetConfig  stm32f1xx_hal_tim.o
    0x0800ee30   0x0800ee30   0x00000026   Code   RO         3214    i.TIM_TI1_ConfigInputStage  stm32f1xx_hal_tim.o
    0x0800ee56   0x0800ee56   0x00000028   Code   RO         3216    i.TIM_TI2_ConfigInputStage  stm32f1xx_hal_tim.o
    0x0800ee7e   0x0800ee7e   0x00000014   Code   RO         4127    i.UART_DMAAbortOnError  stm32f1xx_hal_uart.o
    0x0800ee92   0x0800ee92   0x00000036   Code   RO         4137    i.UART_EndRxTransfer  stm32f1xx_hal_uart.o
    0x0800eec8   0x0800eec8   0x00000020   Code   RO         4138    i.UART_EndTransmit_IT  stm32f1xx_hal_uart.o
    0x0800eee8   0x0800eee8   0x000000e4   Code   RO         4140    i.UART_Receive_IT   stm32f1xx_hal_uart.o
    0x0800efcc   0x0800efcc   0x000000fc   Code   RO         4141    i.UART_SetConfig    stm32f1xx_hal_uart.o
    0x0800f0c8   0x0800f0c8   0x00000060   Code   RO         4144    i.UART_Transmit_IT  stm32f1xx_hal_uart.o
    0x0800f128   0x0800f128   0x0000006c   Code   RO         4145    i.UART_WaitOnFlagUntilTimeout  stm32f1xx_hal_uart.o
    0x0800f194   0x0800f194   0x0000004c   Code   RO          550    i.USART1_IRQHandler  stm32f1xx_it.o
    0x0800f1e0   0x0800f1e0   0x00000058   Code   RO          551    i.USART2_IRQHandler  stm32f1xx_it.o
    0x0800f238   0x0800f238   0x0000007c   Code   RO         5439    i.USBD_CDC_DataIn   usbd_cdc.o
    0x0800f2b4   0x0800f2b4   0x00000034   Code   RO         5440    i.USBD_CDC_DataOut  usbd_cdc.o
    0x0800f2e8   0x0800f2e8   0x0000004e   Code   RO         5441    i.USBD_CDC_DeInit   usbd_cdc.o
    0x0800f336   0x0800f336   0x00000032   Code   RO         5442    i.USBD_CDC_EP0_RxReady  usbd_cdc.o
    0x0800f368   0x0800f368   0x00000010   Code   RO         5443    i.USBD_CDC_GetDeviceQualifierDescriptor  usbd_cdc.o
    0x0800f378   0x0800f378   0x00000010   Code   RO         5444    i.USBD_CDC_GetFSCfgDesc  usbd_cdc.o
    0x0800f388   0x0800f388   0x00000010   Code   RO         5445    i.USBD_CDC_GetHSCfgDesc  usbd_cdc.o
    0x0800f398   0x0800f398   0x00000010   Code   RO         5446    i.USBD_CDC_GetOtherSpeedCfgDesc  usbd_cdc.o
    0x0800f3a8   0x0800f3a8   0x000000b8   Code   RO         5447    i.USBD_CDC_Init     usbd_cdc.o
    0x0800f460   0x0800f460   0x0000003a   Code   RO         5448    i.USBD_CDC_ReceivePacket  usbd_cdc.o
    0x0800f49a   0x0800f49a   0x0000000e   Code   RO         5449    i.USBD_CDC_RegisterInterface  usbd_cdc.o
    0x0800f4a8   0x0800f4a8   0x0000000e   Code   RO         5450    i.USBD_CDC_SetRxBuffer  usbd_cdc.o
    0x0800f4b6   0x0800f4b6   0x00000014   Code   RO         5451    i.USBD_CDC_SetTxBuffer  usbd_cdc.o
    0x0800f4ca   0x0800f4ca   0x000000f4   Code   RO         5452    i.USBD_CDC_Setup    usbd_cdc.o
    0x0800f5be   0x0800f5be   0x0000003e   Code   RO         5453    i.USBD_CDC_TransmitPacket  usbd_cdc.o
    0x0800f5fc   0x0800f5fc   0x00000016   Code   RO         5146    i.USBD_ClrClassConfig  usbd_core.o
    0x0800f612   0x0800f612   0x0000003e   Code   RO         5284    i.USBD_ClrFeature   usbd_ctlreq.o
    0x0800f650   0x0800f650   0x00000018   Code   RO         5379    i.USBD_CtlContinueRx  usbd_ioreq.o
    0x0800f668   0x0800f668   0x00000018   Code   RO         5380    i.USBD_CtlContinueSendData  usbd_ioreq.o
    0x0800f680   0x0800f680   0x00000018   Code   RO         5285    i.USBD_CtlError     usbd_ctlreq.o
    0x0800f698   0x0800f698   0x00000028   Code   RO         5381    i.USBD_CtlPrepareRx  usbd_ioreq.o
    0x0800f6c0   0x0800f6c0   0x0000001a   Code   RO         5382    i.USBD_CtlReceiveStatus  usbd_ioreq.o
    0x0800f6da   0x0800f6da   0x00000022   Code   RO         5383    i.USBD_CtlSendData  usbd_ioreq.o
    0x0800f6fc   0x0800f6fc   0x0000001a   Code   RO         5384    i.USBD_CtlSendStatus  usbd_ioreq.o
    0x0800f716   0x0800f716   0x00000002   PAD
    0x0800f718   0x0800f718   0x00000034   Code   RO          782    i.USBD_FS_ConfigStrDescriptor  usbd_desc.o
    0x0800f74c   0x0800f74c   0x00000010   Code   RO          783    i.USBD_FS_DeviceDescriptor  usbd_desc.o
    0x0800f75c   0x0800f75c   0x00000038   Code   RO          784    i.USBD_FS_InterfaceStrDescriptor  usbd_desc.o
    0x0800f794   0x0800f794   0x00000010   Code   RO          785    i.USBD_FS_LangIDStrDescriptor  usbd_desc.o
    0x0800f7a4   0x0800f7a4   0x00000024   Code   RO          786    i.USBD_FS_ManufacturerStrDescriptor  usbd_desc.o
    0x0800f7c8   0x0800f7c8   0x00000038   Code   RO          787    i.USBD_FS_ProductStrDescriptor  usbd_desc.o
    0x0800f800   0x0800f800   0x00000018   Code   RO          788    i.USBD_FS_SerialStrDescriptor  usbd_desc.o
    0x0800f818   0x0800f818   0x00000056   Code   RO         5286    i.USBD_GetConfig    usbd_ctlreq.o
    0x0800f86e   0x0800f86e   0x000001f4   Code   RO         5287    i.USBD_GetDescriptor  usbd_ctlreq.o
    0x0800fa62   0x0800fa62   0x00000014   Code   RO         5288    i.USBD_GetLen       usbd_ctlreq.o
    0x0800fa76   0x0800fa76   0x0000005a   Code   RO         5289    i.USBD_GetStatus    usbd_ctlreq.o
    0x0800fad0   0x0800fad0   0x00000052   Code   RO         5290    i.USBD_GetString    usbd_ctlreq.o
    0x0800fb22   0x0800fb22   0x0000002c   Code   RO          954    i.USBD_Get_USB_Status  usbd_conf.o
    0x0800fb4e   0x0800fb4e   0x00000032   Code   RO         5148    i.USBD_Init         usbd_core.o
    0x0800fb80   0x0800fb80   0x00000026   Code   RO          955    i.USBD_LL_ClearStallEP  usbd_conf.o
    0x0800fba6   0x0800fba6   0x00000026   Code   RO          956    i.USBD_LL_CloseEP   usbd_conf.o
    0x0800fbcc   0x0800fbcc   0x00000100   Code   RO         5149    i.USBD_LL_DataInStage  usbd_core.o
    0x0800fccc   0x0800fccc   0x000000a6   Code   RO         5150    i.USBD_LL_DataOutStage  usbd_core.o
    0x0800fd72   0x0800fd72   0x00000012   Code   RO          960    i.USBD_LL_GetRxDataSize  usbd_conf.o
    0x0800fd84   0x0800fd84   0x00000084   Code   RO          961    i.USBD_LL_Init      usbd_conf.o
    0x0800fe08   0x0800fe08   0x00000038   Code   RO          962    i.USBD_LL_IsStallEP  usbd_conf.o
    0x0800fe40   0x0800fe40   0x00000030   Code   RO          963    i.USBD_LL_OpenEP    usbd_conf.o
    0x0800fe70   0x0800fe70   0x00000030   Code   RO          964    i.USBD_LL_PrepareReceive  usbd_conf.o
    0x0800fea0   0x0800fea0   0x0000005c   Code   RO         5155    i.USBD_LL_Reset     usbd_core.o
    0x0800fefc   0x0800fefc   0x00000016   Code   RO         5156    i.USBD_LL_Resume    usbd_core.o
    0x0800ff12   0x0800ff12   0x00000022   Code   RO         5157    i.USBD_LL_SOF       usbd_core.o
    0x0800ff34   0x0800ff34   0x00000008   Code   RO         5158    i.USBD_LL_SetSpeed  usbd_core.o
    0x0800ff3c   0x0800ff3c   0x00000026   Code   RO          965    i.USBD_LL_SetUSBAddress  usbd_conf.o
    0x0800ff62   0x0800ff62   0x0000006e   Code   RO         5159    i.USBD_LL_SetupStage  usbd_core.o
    0x0800ffd0   0x0800ffd0   0x00000026   Code   RO          966    i.USBD_LL_StallEP   usbd_conf.o
    0x0800fff6   0x0800fff6   0x0000001e   Code   RO          967    i.USBD_LL_Start     usbd_conf.o
    0x08010014   0x08010014   0x00000014   Code   RO         5160    i.USBD_LL_Suspend   usbd_core.o
    0x08010028   0x08010028   0x00000030   Code   RO          969    i.USBD_LL_Transmit  usbd_conf.o
    0x08010058   0x08010058   0x00000028   Code   RO         5291    i.USBD_ParseSetupRequest  usbd_ctlreq.o
    0x08010080   0x08010080   0x00000010   Code   RO         5161    i.USBD_RegisterClass  usbd_core.o
    0x08010090   0x08010090   0x00000006   Code   RO         5162    i.USBD_RunTestMode  usbd_core.o
    0x08010096   0x08010096   0x0000005a   Code   RO         5292    i.USBD_SetAddress   usbd_ctlreq.o
    0x080100f0   0x080100f0   0x00000022   Code   RO         5163    i.USBD_SetClassConfig  usbd_core.o
    0x08010112   0x08010112   0x00000002   PAD
    0x08010114   0x08010114   0x000000e8   Code   RO         5293    i.USBD_SetConfig    usbd_ctlreq.o
    0x080101fc   0x080101fc   0x00000018   Code   RO         5294    i.USBD_SetFeature   usbd_ctlreq.o
    0x08010214   0x08010214   0x0000000e   Code   RO         5164    i.USBD_Start        usbd_core.o
    0x08010222   0x08010222   0x000000a2   Code   RO         5295    i.USBD_StdDevReq    usbd_ctlreq.o
    0x080102c4   0x080102c4   0x00000238   Code   RO         5296    i.USBD_StdEPReq     usbd_ctlreq.o
    0x080104fc   0x080104fc   0x0000007e   Code   RO         5297    i.USBD_StdItfReq    usbd_ctlreq.o
    0x0801057a   0x0801057a   0x00000002   Code   RO          970    i.USBD_static_free  usbd_conf.o
    0x0801057c   0x0801057c   0x0000000c   Code   RO          971    i.USBD_static_malloc  usbd_conf.o
    0x08010588   0x08010588   0x0000044c   Code   RO         1461    i.USB_ActivateEndpoint  stm32f1xx_ll_usb.o
    0x080109d4   0x080109d4   0x00000008   Code   RO         1464    i.USB_CoreInit      stm32f1xx_ll_usb.o
    0x080109dc   0x080109dc   0x0000027c   Code   RO         1466    i.USB_DeactivateEndpoint  stm32f1xx_ll_usb.o
    0x08010c58   0x08010c58   0x00000006   Code   RO         1467    i.USB_DevConnect    stm32f1xx_ll_usb.o
    0x08010c5e   0x08010c5e   0x00000006   Code   RO         1468    i.USB_DevDisconnect  stm32f1xx_ll_usb.o
    0x08010c64   0x08010c64   0x00000016   Code   RO         1469    i.USB_DevInit       stm32f1xx_ll_usb.o
    0x08010c7a   0x08010c7a   0x00000014   Code   RO         1470    i.USB_DisableGlobalInt  stm32f1xx_ll_usb.o
    0x08010c8e   0x08010c8e   0x00000006   Code   RO         1471    i.USB_EP0_OutStart  stm32f1xx_ll_usb.o
    0x08010c94   0x08010c94   0x000000da   Code   RO         1472    i.USB_EPClearStall  stm32f1xx_ll_usb.o
    0x08010d6e   0x08010d6e   0x0000005c   Code   RO         1473    i.USB_EPSetStall    stm32f1xx_ll_usb.o
    0x08010dca   0x08010dca   0x00000b8a   Code   RO         1474    i.USB_EPStartXfer   stm32f1xx_ll_usb.o
    0x08011954   0x08011954   0x00000012   Code   RO         1475    i.USB_EnableGlobalInt  stm32f1xx_ll_usb.o
    0x08011966   0x08011966   0x00000002   PAD
    0x08011968   0x08011968   0x00000010   Code   RO          552    i.USB_LP_CAN1_RX0_IRQHandler  stm32f1xx_it.o
    0x08011978   0x08011978   0x00000008   Code   RO         1482    i.USB_ReadInterrupts  stm32f1xx_ll_usb.o
    0x08011980   0x08011980   0x0000004a   Code   RO         1483    i.USB_ReadPMA       stm32f1xx_ll_usb.o
    0x080119ca   0x080119ca   0x00000006   Code   RO         1484    i.USB_SetCurrentMode  stm32f1xx_ll_usb.o
    0x080119d0   0x080119d0   0x0000000e   Code   RO         1485    i.USB_SetDevAddress  stm32f1xx_ll_usb.o
    0x080119de   0x080119de   0x00000042   Code   RO         1487    i.USB_WritePMA      stm32f1xx_ll_usb.o
    0x08011a20   0x08011a20   0x00000004   Code   RO          553    i.UsageFault_Handler  stm32f1xx_it.o
    0x08011a24   0x08011a24   0x000002fc   Code   RO           38    i.WeightProccess    main.o
    0x08011d20   0x08011d20   0x00000030   Code   RO         5735    i.Write_MFRC522     stm32f1_rc522.o
    0x08011d50   0x08011d50   0x00000020   Code   RO         7161    i.__0printf         mc_w.l(printfa.o)
    0x08011d70   0x08011d70   0x00000028   Code   RO         7163    i.__0sprintf        mc_w.l(printfa.o)
    0x08011d98   0x08011d98   0x00000010   Code   RO         2134    i.__NVIC_GetPriorityGrouping  stm32f1xx_hal_cortex.o
    0x08011da8   0x08011da8   0x00000028   Code   RO         2135    i.__NVIC_SetPriority  stm32f1xx_hal_cortex.o
    0x08011dd0   0x08011dd0   0x00000008   Code   RO         7252    i.__aeabi_errno_addr  mc_w.l(errno.o)
    0x08011dd8   0x08011dd8   0x0000000e   Code   RO         7329    i.__scatterload_copy  mc_w.l(handlers.o)
    0x08011de6   0x08011de6   0x00000002   Code   RO         7330    i.__scatterload_null  mc_w.l(handlers.o)
    0x08011de8   0x08011de8   0x0000000e   Code   RO         7331    i.__scatterload_zeroinit  mc_w.l(handlers.o)
    0x08011df6   0x08011df6   0x00000002   PAD
    0x08011df8   0x08011df8   0x00000184   Code   RO         7168    i._fp_digits        mc_w.l(printfa.o)
    0x08011f7c   0x08011f7c   0x0000000e   Code   RO         7221    i._is_digit         mc_w.l(scanf_fp.o)
    0x08011f8a   0x08011f8a   0x00000002   PAD
    0x08011f8c   0x08011f8c   0x000006dc   Code   RO         7169    i._printf_core      mc_w.l(printfa.o)
    0x08012668   0x08012668   0x00000024   Code   RO         7170    i._printf_post_padding  mc_w.l(printfa.o)
    0x0801268c   0x0801268c   0x0000002e   Code   RO         7171    i._printf_pre_padding  mc_w.l(printfa.o)
    0x080126ba   0x080126ba   0x0000000a   Code   RO         7173    i._sputc            mc_w.l(printfa.o)
    0x080126c4   0x080126c4   0x00000058   Code   RO           39    i.cancelProcess     main.o
    0x0801271c   0x0801271c   0x00000032   Code   RO         4480    i.check_for_leap_year  stm32f1xx_hal_rtc.o
    0x0801274e   0x0801274e   0x00000002   PAD
    0x08012750   0x08012750   0x00000198   Code   RO           40    i.configBaudRate    main.o
    0x080128e8   0x080128e8   0x000000a8   Code   RO           41    i.deleteTemplateProcess  main.o
    0x08012990   0x08012990   0x0000003c   Code   RO           42    i.ds7Proccess       main.o
    0x080129cc   0x080129cc   0x00000054   Code   RO         5545    i.ee_format         ee.o
    0x08012a20   0x08012a20   0x0000000e   Code   RO         5546    i.ee_init           ee.o
    0x08012a2e   0x08012a2e   0x00000002   PAD
    0x08012a30   0x08012a30   0x00000044   Code   RO         5548    i.ee_read           ee.o
    0x08012a74   0x08012a74   0x00000060   Code   RO         5549    i.ee_write          ee.o
    0x08012ad4   0x08012ad4   0x0000014c   Code   RO           43    i.enrollProcess     main.o
    0x08012c20   0x08012c20   0x00000016   Code   RO           44    i.fputc             main.o
    0x08012c36   0x08012c36   0x00000002   PAD
    0x08012c38   0x08012c38   0x00000050   Code   RO         7189    i.free              mc_w.l(malloc.o)
    0x08012c88   0x08012c88   0x000000d0   Code   RO         6035    i.getResponse       finger.o
    0x08012d58   0x08012d58   0x000000b4   Code   RO           45    i.getTimeDate       main.o
    0x08012e0c   0x08012e0c   0x00000060   Code   RO           46    i.identifyOffProcess  main.o
    0x08012e6c   0x08012e6c   0x0000005c   Code   RO           47    i.identifyProcess   main.o
    0x08012ec8   0x08012ec8   0x00000044   Code   RO           48    i.ledBlik           main.o
    0x08012f0c   0x08012f0c   0x00000148   Code   RO           49    i.loadTransactionRecord  main.o
    0x08013054   0x08013054   0x00000960   Code   RO           50    i.main              main.o
    0x080139b4   0x080139b4   0x000001c4   Code   RO           51    i.mainUpdateProccess  main.o
    0x08013b78   0x08013b78   0x00000074   Code   RO           52    i.makePosNumberArray  main.o
    0x08013bec   0x08013bec   0x0000006c   Code   RO         7190    i.malloc            mc_w.l(malloc.o)
    0x08013c58   0x08013c58   0x00000068   Code   RO           53    i.max30102Init      main.o
    0x08013cc0   0x08013cc0   0x0000002e   Code   RO         6305    i.max30102_clear_fifo  max30102.o
    0x08013cee   0x08013cee   0x00000022   Code   RO         6307    i.max30102_init     max30102.o
    0x08013d10   0x08013d10   0x00000036   Code   RO         6311    i.max30102_read     max30102.o
    0x08013d46   0x08013d46   0x00000002   PAD
    0x08013d48   0x08013d48   0x000000cc   Code   RO         6312    i.max30102_read_fifo  max30102.o
    0x08013e14   0x08013e14   0x00000016   Code   RO         6314    i.max30102_reset    max30102.o
    0x08013e2a   0x08013e2a   0x0000003c   Code   RO         6315    i.max30102_set_a_full  max30102.o
    0x08013e66   0x08013e66   0x0000002c   Code   RO         6316    i.max30102_set_adc_resolution  max30102.o
    0x08013e92   0x08013e92   0x00000042   Code   RO         6320    i.max30102_set_fifo_config  max30102.o
    0x08013ed4   0x08013ed4   0x0000003c   Code   RO         6321    i.max30102_set_led_current_1  max30102.o
    0x08013f10   0x08013f10   0x0000003c   Code   RO         6322    i.max30102_set_led_current_2  max30102.o
    0x08013f4c   0x08013f4c   0x0000002c   Code   RO         6323    i.max30102_set_led_pulse_width  max30102.o
    0x08013f78   0x08013f78   0x00000032   Code   RO         6324    i.max30102_set_mode  max30102.o
    0x08013faa   0x08013faa   0x0000002e   Code   RO         6328    i.max30102_set_sampling_rate  max30102.o
    0x08013fd8   0x08013fd8   0x00000044   Code   RO         6330    i.max30102_write    max30102.o
    0x0801401c   0x0801401c   0x00000018   Code   RO           54    i.pos_SendSerialData  main.o
    0x08014034   0x08014034   0x000000b4   Code   RO           55    i.reSendLastTransaction  main.o
    0x080140e8   0x080140e8   0x0000008c   Code   RO           56    i.readTempalteProcess  main.o
    0x08014174   0x08014174   0x00000188   Code   RO           57    i.relayState        main.o
    0x080142fc   0x080142fc   0x00000038   Code   RO           58    i.send              main.o
    0x08014334   0x08014334   0x00000418   Code   RO           59    i.sendResponsePos   main.o
    0x0801474c   0x0801474c   0x00000218   Code   RO           60    i.sendVersion       main.o
    0x08014964   0x08014964   0x00000034   Code   RO           62    i.sendWithSoftUart  main.o
    0x08014998   0x08014998   0x000000ac   Code   RO           63    i.serialSendCheck   main.o
    0x08014a44   0x08014a44   0x00000130   Code   RO           64    i.setTimeDate       main.o
    0x08014b74   0x08014b74   0x00000044   Code   RO           65    i.tabletOff         main.o
    0x08014bb8   0x08014bb8   0x00000040   Code   RO           66    i.tabletOn          main.o
    0x08014bf8   0x08014bf8   0x000000c0   Code   RO         6036    i.testConnection    finger.o
    0x08014cb8   0x08014cb8   0x00000098   Code   RO           67    i.testConnectionMax30102  main.o
    0x08014d50   0x08014d50   0x00000054   Code   RO           68    i.trHeadSend        main.o
    0x08014da4   0x08014da4   0x0000017c   Code   RO           69    i.updateFirmware    main.o
    0x08014f20   0x08014f20   0x00000169   Data   RO           71    .constdata          main.o
    0x08015089   0x08015089   0x0000000c   Data   RO         4481    .constdata          stm32f1xx_hal_rtc.o
    0x08015095   0x08015095   0x00000018   Data   RO         5111    .constdata          system_stm32f1xx.o
    0x080150ad   0x080150ad   0x00000003   PAD
    0x080150b0   0x080150b0   0x00000048   Data   RO         6037    .constdata          finger.o
    0x080150f8   0x080150f8   0x00000070   Data   RO         6177    .constdata          iso14443ab.o
    0x08015168   0x08015168   0x00000081   Data   RO         7289    .constdata          mc_w.l(ctype_o.o)
    0x080151e9   0x080151e9   0x00000003   PAD
    0x080151ec   0x080151ec   0x00000004   Data   RO         7290    .constdata          mc_w.l(ctype_o.o)
    0x080151f0   0x080151f0   0x00000046   Data   RO           72    .conststring        main.o
    0x08015236   0x08015236   0x00000002   PAD
    0x08015238   0x08015238   0x000000c9   Data   RO         6038    .conststring        finger.o
    0x08015301   0x08015301   0x00000003   PAD
    0x08015304   0x08015304   0x00000020   Data   RO         7327    Region$$Table       anon$$obj.o


    Execution Region RW_IRAM1 (Exec base: 0x20000000, Load base: 0x08015324, Size: 0x00003c60, Max: 0x00005000, ABSOLUTE, COMPRESSED[0x000000e4])

    Exec Addr    Load Addr    Size         Type   Attr      Idx    E Section Name        Object

    0x20000000   COMPRESSED   0x000000d7   Data   RW           73    .data               main.o
    0x200000d7   COMPRESSED   0x00000001   PAD
    0x200000d8   COMPRESSED   0x0000004e   Data   RW          790    .data               usbd_desc.o
    0x20000126   COMPRESSED   0x00000002   PAD
    0x20000128   COMPRESSED   0x00000018   Data   RW          879    .data               usbd_cdc_if.o
    0x20000140   COMPRESSED   0x00000009   Data   RW         1666    .data               stm32f1xx_hal.o
    0x20000149   COMPRESSED   0x00000003   PAD
    0x2000014c   COMPRESSED   0x00000010   Data   RW         4482    .data               stm32f1xx_hal_rtc.o
    0x2000015c   COMPRESSED   0x00000004   Data   RW         5112    .data               system_stm32f1xx.o
    0x20000160   COMPRESSED   0x00000001   Data   RW         5298    .data               usbd_ctlreq.o
    0x20000161   COMPRESSED   0x00000003   PAD
    0x20000164   COMPRESSED   0x0000010f   Data   RW         5454    .data               usbd_cdc.o
    0x20000273   COMPRESSED   0x00000001   Data   RW         5622    .data               softuart.o
    0x20000274   COMPRESSED   0x00000004   Data   RW         7245    .data               mc_w.l(stdout.o)
    0x20000278   COMPRESSED   0x00000004   Data   RW         7250    .data               mc_w.l(mvars.o)
    0x2000027c   COMPRESSED   0x00000004   Data   RW         7251    .data               mc_w.l(mvars.o)
    0x20000280   COMPRESSED   0x00000004   Data   RW         7255    .data               mc_w.l(errno.o)
    0x20000284        -       0x00000b98   Zero   RW           70    .bss                main.o
    0x20000e1c        -       0x000002c4   Zero   RW          733    .bss                usb_device.o
    0x200010e0        -       0x00000200   Zero   RW          789    .bss                usbd_desc.o
    0x200012e0        -       0x000007d0   Zero   RW          878    .bss                usbd_cdc_if.o
    0x20001ab0        -       0x0000050c   Zero   RW          972    .bss                usbd_conf.o
    0x20001fbc   COMPRESSED   0x00000004   PAD
    0x20001fc0        -       0x00000020   Zero   RW         2380    .bss                stm32f1xx_hal_flash.o
    0x20001fe0        -       0x00000010   Zero   RW         5551    .bss                ee.o
    0x20001ff0        -       0x00000060   Zero   RW         5621    .bss                softuart.o
    0x20002050        -       0x0000000a   Zero   RW         6176    .bss                iso14443ab.o
    0x2000205a        -       0x00001000   Zero   RW         6791    .bss                flash.o
    0x2000305a   COMPRESSED   0x00000006   PAD
    0x20003060        -       0x00000600   Zero   RW            2    HEAP                startup_stm32f103xb.o
    0x20003660        -       0x00000600   Zero   RW            1    STACK               startup_stm32f103xb.o


==============================================================================

Image component sizes


      Code (inc. data)   RO Data    RW Data    ZI Data      Debug   Object Name

        64          0          0          0          0       1882   ecard.o
       262         22          0          0         16       3052   ee.o
      5048       1406        273          0          0      12248   finger.o
      1508        118          0          0       4096       8347   flash.o
       292         16        112          0         10       2728   iso14443ab.o
     13440       3096        431        215       2968     545591   main.o
       858         50          0          0          0       8622   max30102.o
       896         30          0          0          0       1515   sha-1.o
       842         38          0          1         96       7257   softuart.o
        36          8        236          0       3072        780   startup_stm32f103xb.o
      1132         26          0          0          0       9749   stm32f1_rc522.o
       192         36          0          9          0       5693   stm32f1xx_hal.o
       372         30          0          0          0      29822   stm32f1xx_hal_cortex.o
       262          4          0          0          0       1683   stm32f1xx_hal_dma.o
       520         48          0          0         32       3990   stm32f1xx_hal_flash.o
       256         26          0          0          0       2455   stm32f1xx_hal_flash_ex.o
       848         34          0          0          0       3804   stm32f1xx_hal_gpio.o
      4126         74          0          0          0      13513   stm32f1xx_hal_i2c.o
        94          0          0          0          0       1200   stm32f1xx_hal_iwdg.o
      1116         98          0          0          0       4578   stm32f1xx_hal_msp.o
      4304          0          0          0          0      14201   stm32f1xx_hal_pcd.o
        68          0          0          0          0       1126   stm32f1xx_hal_pcd_ex.o
        12          4          0          0          0        491   stm32f1xx_hal_pwr.o
      1830        120          0          0          0       7271   stm32f1xx_hal_rcc.o
       584         46          0          0          0       2329   stm32f1xx_hal_rcc_ex.o
      1548         42         12         16          0      10843   stm32f1xx_hal_rtc.o
      1430          6          0          0          0       5560   stm32f1xx_hal_spi.o
      1242         40          0          0          0       9484   stm32f1xx_hal_tim.o
       136         14          0          0          0       2293   stm32f1xx_hal_tim_ex.o
      1710         10          0          0          0       9960   stm32f1xx_hal_uart.o
       290         88          0          0          0       8237   stm32f1xx_it.o
      5254          0          0          0          0      19079   stm32f1xx_ll_usb.o
        16          8         24          4          0       1139   system_stm32f1xx.o
       136         22          0          0        708       2495   usb_device.o
       964         24          0        271          0      12578   usbd_cdc.o
       396         68          0         24       2000       4635   usbd_cdc_if.o
       842         30          0          0       1292      14221   usbd_conf.o
       850          0          0          0          0       9551   usbd_core.o
      2106         28          0          1          0      10304   usbd_ctlreq.o
       370        106          0         78        512       6313   usbd_desc.o
       174          0          0          0          0       4360   usbd_ioreq.o

    ----------------------------------------------------------------------
     56470       5816       1128        628      14812     824979   Object Totals
         0          0         32          0          0          0   (incl. Generated)
        44          0          8          9         10          0   (incl. Padding)

    ----------------------------------------------------------------------

      Code (inc. data)   RO Data    RW Data    ZI Data      Debug   Library Member Name

        56          8          0          0          0         84   __0sscanf.o
        86          0          0          0          0          0   __dczerorl2.o
        28          0          0          0          0         68   _chval.o
       812          4          0          0          0        112   _scanf.o
        64          0          0          0          0         84   _sgetc.o
       158          0          0          0          0         92   _strtoul.o
        26          0          0          0          0         80   atoi.o
         8          4        133          0          0         68   ctype_o.o
         0          0          0          0          0          0   entry.o
         0          0          0          0          0          0   entry10a.o
         0          0          0          0          0          0   entry11a.o
         8          4          0          0          0          0   entry2.o
         4          0          0          0          0          0   entry5.o
         0          0          0          0          0          0   entry7b.o
         0          0          0          0          0          0   entry8b.o
         8          4          0          0          0          0   entry9a.o
         8          4          0          4          0         68   errno.o
        30          0          0          0          0          0   handlers.o
        36          8          0          0          0         68   init.o
        18          0          0          0          0         76   isspace_o.o
         0          0          0          0          0          0   iusefp.o
        30          0          0          0          0         68   llshl.o
        36          0          0          0          0         68   llsshr.o
        32          0          0          0          0         68   llushr.o
       188         20          0          0          0        160   malloc.o
        36          0          0          0          0         68   memcpya.o
        36          0          0          0          0        108   memseta.o
         0          0          0          8          0          0   mvars.o
      2308         96          0          0          0        604   printfa.o
        40          8          0          0          0         84   scanf_char.o
       878         12          0          0          0        216   scanf_fp.o
         0          0          0          4          0          0   stdout.o
        14          0          0          0          0         68   strlen.o
       112          0          0          0          0         88   strtol.o
        44          0          0          0          0         80   uidiv.o
        98          0          0          0          0         92   uldiv.o
        48          0          0          0          0         68   cdrcmple.o
        56          0          0          0          0         88   d2f.o
       334          0          0          0          0        148   dadd.o
       222          0          0          0          0        100   ddiv.o
       186          0          0          0          0        176   depilogue.o
        50          0          0          0          0         76   dfixui.o
        48          0          0          0          0         68   dfixul.o
        24          0          0          0          0         76   dfltul.o
       228          0          0          0          0         96   dmul.o
        38          0          0          0          0         68   f2d.o
       110          0          0          0          0        168   fepilogue.o

    ----------------------------------------------------------------------
      6558        172        136         16          0       3704   Library Totals
        12          0          3          0          0          0   (incl. Padding)

    ----------------------------------------------------------------------

      Code (inc. data)   RO Data    RW Data    ZI Data      Debug   Library Name

      5202        172        133         16          0       2572   mc_w.l
      1344          0          0          0          0       1132   mf_w.l

    ----------------------------------------------------------------------
      6558        172        136         16          0       3704   Library Totals

    ----------------------------------------------------------------------

==============================================================================


      Code (inc. data)   RO Data    RW Data    ZI Data      Debug   

     63028       5988       1264        644      14812     807803   Grand Totals
     63028       5988       1264        228      14812     807803   ELF Image Totals (compressed)
     63028       5988       1264        228          0          0   ROM Totals

==============================================================================

    Total RO  Size (Code + RO Data)                64292 (  62.79kB)
    Total RW  Size (RW Data + ZI Data)             15456 (  15.09kB)
    Total ROM Size (Code + RO Data + RW Data)      64520 (  63.01kB)

==============================================================================

