Component: ARM Compiler 5.06 update 6 (build 750) Tool: armlink [4d35ed]

==============================================================================

Section Cross References

    startup_stm32f103xb.o(RESET) refers to startup_stm32f103xb.o(STACK) for __initial_sp
    startup_stm32f103xb.o(RESET) refers to startup_stm32f103xb.o(.text) for Reset_Handler
    startup_stm32f103xb.o(RESET) refers to stm32f1xx_it.o(i.NMI_Handler) for NMI_Handler
    startup_stm32f103xb.o(RESET) refers to stm32f1xx_it.o(i.HardFault_Handler) for HardFault_Handler
    startup_stm32f103xb.o(RESET) refers to stm32f1xx_it.o(i.MemManage_Handler) for MemManage_Handler
    startup_stm32f103xb.o(RESET) refers to stm32f1xx_it.o(i.BusFault_Handler) for BusFault_Handler
    startup_stm32f103xb.o(RESET) refers to stm32f1xx_it.o(i.UsageFault_Handler) for UsageFault_Handler
    startup_stm32f103xb.o(RESET) refers to stm32f1xx_it.o(i.SVC_Handler) for SVC_Handler
    startup_stm32f103xb.o(RESET) refers to stm32f1xx_it.o(i.DebugMon_Handler) for DebugMon_Handler
    startup_stm32f103xb.o(RESET) refers to stm32f1xx_it.o(i.PendSV_Handler) for PendSV_Handler
    startup_stm32f103xb.o(RESET) refers to stm32f1xx_it.o(i.SysTick_Handler) for SysTick_Handler
    startup_stm32f103xb.o(RESET) refers to stm32f1xx_it.o(i.USB_LP_CAN1_RX0_IRQHandler) for USB_LP_CAN1_RX0_IRQHandler
    startup_stm32f103xb.o(RESET) refers to stm32f1xx_it.o(i.TIM3_IRQHandler) for TIM3_IRQHandler
    startup_stm32f103xb.o(RESET) refers to stm32f1xx_it.o(i.USART1_IRQHandler) for USART1_IRQHandler
    startup_stm32f103xb.o(RESET) refers to stm32f1xx_it.o(i.USART2_IRQHandler) for USART2_IRQHandler
    startup_stm32f103xb.o(RESET) refers to stm32f1xx_it.o(i.USART3_IRQHandler) for USART3_IRQHandler
    startup_stm32f103xb.o(.text) refers to system_stm32f1xx.o(i.SystemInit) for SystemInit
    startup_stm32f103xb.o(.text) refers to entry.o(.ARM.Collect$$$$00000000) for __main
    main.o(i.DeleteAllTemplateProcess) refers to finger.o(i.FPRN_DeleteAllTemplate) for FPRN_DeleteAllTemplate
    main.o(i.DeleteAllTemplateProcess) refers to memseta.o(.text) for __aeabi_memclr4
    main.o(i.DeleteAllTemplateProcess) refers to main.o(.data) for IdentifyFlag
    main.o(i.DeleteAllTemplateProcess) refers to main.o(.bss) for fromAndroid
    main.o(i.DeletetrHead) refers to main.o(i.SaveRingDetail) for SaveRingDetail
    main.o(i.DeletetrHead) refers to main.o(i.send) for send
    main.o(i.DeletetrHead) refers to main.o(.data) for trHead
    main.o(i.Error_Handler) refers to stm32f1xx_hal_cortex.o(i.HAL_NVIC_SystemReset) for HAL_NVIC_SystemReset
    main.o(i.GetCPUiD) refers to printf8.o(i.__0sprintf$8) for __2sprintf
    main.o(i.GetCPUiD) refers to main.o(i.send) for send
    main.o(i.GetPage) refers to stm32f1xx_hal.o(i.HAL_GetTick) for HAL_GetTick
    main.o(i.GetPage) refers to stm32f1xx_hal.o(i.HAL_Delay) for HAL_Delay
    main.o(i.GetPage) refers to main.o(i.Sendpacket) for Sendpacket
    main.o(i.GetPage) refers to main.o(.bss) for fromAndroid
    main.o(i.GetPage) refers to main.o(.data) for rxBufferHeadPos
    main.o(i.HAL_TIM_PeriodElapsedCallback) refers to softuart.o(i.SoftUartHandler) for SoftUartHandler
    main.o(i.IncTrHead) refers to main.o(i.send) for send
    main.o(i.IncTrHead) refers to main.o(.data) for trHead
    main.o(i.LoadFromDFToRam) refers to flash.o(i.SPI_Flash_Read) for SPI_Flash_Read
    main.o(i.LoadFromDFToRam) refers to main.o(.bss) for hiwdg
    main.o(i.LoadRecordsInfo) refers to main.o(i.LoadFromDFToRam) for LoadFromDFToRam
    main.o(i.LoadRecordsInfo) refers to ecard.o(i.BytesToInt) for BytesToInt
    main.o(i.LoadRecordsInfo) refers to main.o(i.SaveRingDetail) for SaveRingDetail
    main.o(i.LoadRecordsInfo) refers to main.o(.data) for trHead
    main.o(i.MX_GPIO_Init) refers to stm32f1xx_hal_gpio.o(i.HAL_GPIO_WritePin) for HAL_GPIO_WritePin
    main.o(i.MX_GPIO_Init) refers to stm32f1xx_hal_gpio.o(i.HAL_GPIO_Init) for HAL_GPIO_Init
    main.o(i.MX_I2C1_Init) refers to stm32f1xx_hal_i2c.o(i.HAL_I2C_Init) for HAL_I2C_Init
    main.o(i.MX_I2C1_Init) refers to main.o(i.Error_Handler) for Error_Handler
    main.o(i.MX_I2C1_Init) refers to main.o(.bss) for hi2c1
    main.o(i.MX_IWDG_Init) refers to stm32f1xx_hal_iwdg.o(i.HAL_IWDG_Init) for HAL_IWDG_Init
    main.o(i.MX_IWDG_Init) refers to main.o(i.Error_Handler) for Error_Handler
    main.o(i.MX_IWDG_Init) refers to main.o(.bss) for hiwdg
    main.o(i.MX_RTC_Init) refers to stm32f1xx_hal_rtc.o(i.HAL_RTC_Init) for HAL_RTC_Init
    main.o(i.MX_RTC_Init) refers to main.o(i.Error_Handler) for Error_Handler
    main.o(i.MX_RTC_Init) refers to main.o(.bss) for hrtc
    main.o(i.MX_SPI1_Init) refers to stm32f1xx_hal_spi.o(i.HAL_SPI_Init) for HAL_SPI_Init
    main.o(i.MX_SPI1_Init) refers to main.o(i.Error_Handler) for Error_Handler
    main.o(i.MX_SPI1_Init) refers to main.o(.bss) for hspi1
    main.o(i.MX_SPI2_Init) refers to stm32f1xx_hal_spi.o(i.HAL_SPI_Init) for HAL_SPI_Init
[...]
    HAL_PCD_SuspendCallback                  0x08009a2d   Thumb Code    30  usbd_conf.o(i.HAL_PCD_SuspendCallback)
    HAL_PWR_EnableBkUpAccess                 0x08009a51   Thumb Code     8  stm32f1xx_hal_pwr.o(i.HAL_PWR_EnableBkUpAccess)
    HAL_RCCEx_GetPeriphCLKFreq               0x08009a5d   Thumb Code   248  stm32f1xx_hal_rcc_ex.o(i.HAL_RCCEx_GetPeriphCLKFreq)
    HAL_RCCEx_PeriphCLKConfig                0x08009b75   Thumb Code   290  stm32f1xx_hal_rcc_ex.o(i.HAL_RCCEx_PeriphCLKConfig)
    HAL_RCC_CSSCallback                      0x08009ca5   Thumb Code     2  stm32f1xx_hal_rcc.o(i.HAL_RCC_CSSCallback)
    HAL_RCC_ClockConfig                      0x08009ca9   Thumb Code   376  stm32f1xx_hal_rcc.o(i.HAL_RCC_ClockConfig)
    HAL_RCC_EnableCSS                        0x08009e35   Thumb Code     8  stm32f1xx_hal_rcc.o(i.HAL_RCC_EnableCSS)
    HAL_RCC_GetHCLKFreq                      0x08009e41   Thumb Code     6  stm32f1xx_hal_rcc.o(i.HAL_RCC_GetHCLKFreq)
    HAL_RCC_GetPCLK1Freq                     0x08009e4d   Thumb Code    22  stm32f1xx_hal_rcc.o(i.HAL_RCC_GetPCLK1Freq)
    HAL_RCC_GetPCLK2Freq                     0x08009e6d   Thumb Code    22  stm32f1xx_hal_rcc.o(i.HAL_RCC_GetPCLK2Freq)
    HAL_RCC_GetSysClockFreq                  0x08009e8d   Thumb Code   116  stm32f1xx_hal_rcc.o(i.HAL_RCC_GetSysClockFreq)
    HAL_RCC_NMI_IRQHandler                   0x08009f21   Thumb Code    26  stm32f1xx_hal_rcc.o(i.HAL_RCC_NMI_IRQHandler)
    HAL_RCC_OscConfig                        0x08009f41   Thumb Code  1114  stm32f1xx_hal_rcc.o(i.HAL_RCC_OscConfig)
    HAL_RTC_GetDate                          0x0800a3a5   Thumb Code   176  stm32f1xx_hal_rtc.o(i.HAL_RTC_GetDate)
    HAL_RTC_GetTime                          0x0800a461   Thumb Code   128  stm32f1xx_hal_rtc.o(i.HAL_RTC_GetTime)
    HAL_RTC_Init                             0x0800a4e1   Thumb Code   202  stm32f1xx_hal_rtc.o(i.HAL_RTC_Init)
    HAL_RTC_MspInit                          0x0800a5b1   Thumb Code    52  stm32f1xx_hal_msp.o(i.HAL_RTC_MspInit)
    HAL_RTC_SetDate                          0x0800a5f1   Thumb Code   324  stm32f1xx_hal_rtc.o(i.HAL_RTC_SetDate)
    HAL_RTC_SetTime                          0x0800a74d   Thumb Code   194  stm32f1xx_hal_rtc.o(i.HAL_RTC_SetTime)
    HAL_RTC_WaitForSynchro                   0x0800a80f   Thumb Code    64  stm32f1xx_hal_rtc.o(i.HAL_RTC_WaitForSynchro)
    HAL_SPI_Init                             0x0800a84f   Thumb Code   190  stm32f1xx_hal_spi.o(i.HAL_SPI_Init)
    HAL_SPI_MspInit                          0x0800a90d   Thumb Code   224  stm32f1xx_hal_msp.o(i.HAL_SPI_MspInit)
    HAL_SPI_Transmit                         0x0800aa01   Thumb Code   430  stm32f1xx_hal_spi.o(i.HAL_SPI_Transmit)
    HAL_SPI_TransmitReceive                  0x0800abaf   Thumb Code   554  stm32f1xx_hal_spi.o(i.HAL_SPI_TransmitReceive)
    HAL_SYSTICK_Config                       0x0800add9   Thumb Code    52  stm32f1xx_hal_cortex.o(i.HAL_SYSTICK_Config)
    HAL_TIMEx_BreakCallback                  0x0800ae0d   Thumb Code     2  stm32f1xx_hal_tim_ex.o(i.HAL_TIMEx_BreakCallback)
    HAL_TIMEx_CommutCallback                 0x0800ae0f   Thumb Code     2  stm32f1xx_hal_tim_ex.o(i.HAL_TIMEx_CommutCallback)
    HAL_TIMEx_MasterConfigSynchronization    0x0800ae11   Thumb Code   118  stm32f1xx_hal_tim_ex.o(i.HAL_TIMEx_MasterConfigSynchronization)
    HAL_TIM_Base_Init                        0x0800ae95   Thumb Code   102  stm32f1xx_hal_tim.o(i.HAL_TIM_Base_Init)
    HAL_TIM_Base_MspInit                     0x0800aefd   Thumb Code   150  stm32f1xx_hal_msp.o(i.HAL_TIM_Base_MspInit)
    HAL_TIM_Base_Start                       0x0800afa1   Thumb Code    94  stm32f1xx_hal_tim.o(i.HAL_TIM_Base_Start)
    HAL_TIM_ConfigClockSource                0x0800b00d   Thumb Code   264  stm32f1xx_hal_tim.o(i.HAL_TIM_ConfigClockSource)
    HAL_TIM_IC_CaptureCallback               0x0800b115   Thumb Code     2  stm32f1xx_hal_tim.o(i.HAL_TIM_IC_CaptureCallback)
    HAL_TIM_IRQHandler                       0x0800b117   Thumb Code   406  stm32f1xx_hal_tim.o(i.HAL_TIM_IRQHandler)
    HAL_TIM_OC_DelayElapsedCallback          0x0800b2ad   Thumb Code     2  stm32f1xx_hal_tim.o(i.HAL_TIM_OC_DelayElapsedCallback)
    HAL_TIM_PWM_PulseFinishedCallback        0x0800b2af   Thumb Code     2  stm32f1xx_hal_tim.o(i.HAL_TIM_PWM_PulseFinishedCallback)
    HAL_TIM_PeriodElapsedCallback            0x0800b2b1   Thumb Code    18  main.o(i.HAL_TIM_PeriodElapsedCallback)
    HAL_TIM_TriggerCallback                  0x0800b2c9   Thumb Code     2  stm32f1xx_hal_tim.o(i.HAL_TIM_TriggerCallback)
    HAL_UARTEx_RxEventCallback               0x0800b2cb   Thumb Code     2  stm32f1xx_hal_uart.o(i.HAL_UARTEx_RxEventCallback)
    HAL_UART_ErrorCallback                   0x0800b2cd   Thumb Code     2  stm32f1xx_hal_uart.o(i.HAL_UART_ErrorCallback)
    HAL_UART_IRQHandler                      0x0800b2d1   Thumb Code   582  stm32f1xx_hal_uart.o(i.HAL_UART_IRQHandler)
    HAL_UART_Init                            0x0800b51d   Thumb Code   114  stm32f1xx_hal_uart.o(i.HAL_UART_Init)
    HAL_UART_MspInit                         0x0800b591   Thumb Code   392  stm32f1xx_hal_msp.o(i.HAL_UART_MspInit)
    HAL_UART_RxCpltCallback                  0x0800b735   Thumb Code     2  stm32f1xx_hal_uart.o(i.HAL_UART_RxCpltCallback)
    HAL_UART_Transmit                        0x0800b737   Thumb Code   210  stm32f1xx_hal_uart.o(i.HAL_UART_Transmit)
    HAL_UART_TxCpltCallback                  0x0800b809   Thumb Code     2  stm32f1xx_hal_uart.o(i.HAL_UART_TxCpltCallback)
    HardFault_Handler                        0x0800b80d   Thumb Code    10  stm32f1xx_it.o(i.HardFault_Handler)
    ISO14443_LoginE2                         0x0800be59   Thumb Code   170  iso14443ab.o(i.ISO14443_LoginE2)
    ISO14443_ReadBlock                       0x0800bf0d   Thumb Code    16  iso14443ab.o(i.ISO14443_ReadBlock)
    ISO14443_SingleTagSelect                 0x0800bf1d   Thumb Code    90  iso14443ab.o(i.ISO14443_SingleTagSelect)
    IntToBytes                               0x0800bf7d   Thumb Code    16  ecard.o(i.IntToBytes)
    LoadFromDFToRam                          0x0800bfcd   Thumb Code    30  main.o(i.LoadFromDFToRam)
    LoadRecordsInfo                          0x0800bff1   Thumb Code   136  main.o(i.LoadRecordsInfo)
    MFRC522_Anticoll                         0x0800c081   Thumb Code    74  stm32f1_rc522.o(i.MFRC522_Anticoll)
    MFRC522_Auth                             0x0800c0cb   Thumb Code   110  stm32f1_rc522.o(i.MFRC522_Auth)
    MFRC522_Check                            0x0800c139   Thumb Code    36  stm32f1_rc522.o(i.MFRC522_Check)
    MFRC522_Init                             0x0800c15d   Thumb Code   102  stm32f1_rc522.o(i.MFRC522_Init)
    MFRC522_Read                             0x0800c1cd   Thumb Code    54  stm32f1_rc522.o(i.MFRC522_Read)
    MFRC522_Request                          0x0800c203   Thumb Code    48  stm32f1_rc522.o(i.MFRC522_Request)
    MFRC522_Reset                            0x0800c233   Thumb Code    12  stm32f1_rc522.o(i.MFRC522_Reset)
    MFRC522_SelectTag                        0x0800c23f   Thumb Code    90  stm32f1_rc522.o(i.MFRC522_SelectTag)
    MFRC522_ToCard                           0x0800c299   Thumb Code   290  stm32f1_rc522.o(i.MFRC522_ToCard)
    MX_USB_DEVICE_Init                       0x0800c739   Thumb Code   114  usb_device.o(i.MX_USB_DEVICE_Init)
    MemManage_Handler                        0x0800c7c1   Thumb Code     4  stm32f1xx_it.o(i.MemManage_Handler)
    NMI_Handler                              0x0800c7c5   Thumb Code     8  stm32f1xx_it.o(i.NMI_Handler)
    PendSV_Handler                           0x0800cbbf   Thumb Code     2  stm32f1xx_it.o(i.PendSV_Handler)
    RC522_SPI_Transfer                       0x0800cbc1   Thumb Code    26  stm32f1_rc522.o(i.RC522_SPI_Transfer)
    Read_MFRC522                             0x0800cd79   Thumb Code    50  stm32f1_rc522.o(i.Read_MFRC522)
    SPI_FLASH_Write_Enable                   0x0800cdd9   Thumb Code    46  flash.o(i.SPI_FLASH_Write_Enable)
    SPI_FLASH_Write_SR                       0x0800ce15   Thumb Code    60  flash.o(i.SPI_FLASH_Write_SR)
    SPI_Flash_Erase_Sector                   0x0800ce5d   Thumb Code   114  flash.o(i.SPI_Flash_Erase_Sector)
    SPI_Flash_Read                           0x0800cedd   Thumb Code   154  flash.o(i.SPI_Flash_Read)
    SPI_Flash_ReadID                         0x0800cf85   Thumb Code   158  flash.o(i.SPI_Flash_ReadID)
    SPI_Flash_ReadSR                         0x0800d031   Thumb Code    76  flash.o(i.SPI_Flash_ReadSR)
    SPI_Flash_Wait_Busy                      0x0800d089   Thumb Code    30  flash.o(i.SPI_Flash_Wait_Busy)
    SPI_Flash_Write                          0x0800d0ad   Thumb Code   268  flash.o(i.SPI_Flash_Write)
    SPI_Flash_Write2                         0x0800d1c1   Thumb Code   238  flash.o(i.SPI_Flash_Write2)
    SPI_Flash_Write_NoCheck                  0x0800d2b5   Thumb Code    80  flash.o(i.SPI_Flash_Write_NoCheck)
    SPI_Flash_Write_Page                     0x0800d309   Thumb Code   146  flash.o(i.SPI_Flash_Write_Page)
    SVC_Handler                              0x0800d481   Thumb Code     2  stm32f1xx_it.o(i.SVC_Handler)
    SaveFromRamToDF                          0x0800d485   Thumb Code    32  main.o(i.SaveFromRamToDF)
    SaveRingDetail                           0x0800d4a9   Thumb Code   108  main.o(i.SaveRingDetail)
    Sendpacket                               0x0800d521   Thumb Code    80  main.o(i.Sendpacket)
    SetBitMask                               0x0800d589   Thumb Code    26  stm32f1_rc522.o(i.SetBitMask)
    SoftUartGpioReadPin                      0x0800d5a3   Thumb Code    16  softuart.o(i.SoftUartGpioReadPin)
    SoftUartGpioWritePin                     0x0800d5b3   Thumb Code    20  softuart.o(i.SoftUartGpioWritePin)
    SoftUartHandler                          0x0800d5c9   Thumb Code   102  softuart.o(i.SoftUartHandler)
    SoftUartRxDataBitProcess                 0x0800d639   Thumb Code   116  softuart.o(i.SoftUartRxDataBitProcess)
    SoftUartScanRxPorts                      0x0800d6ad   Thumb Code   106  softuart.o(i.SoftUartScanRxPorts)
    SoftUartTransmitBit                      0x0800d721   Thumb Code    18  softuart.o(i.SoftUartTransmitBit)
    SoftUartTxProcess                        0x0800d733   Thumb Code   140  softuart.o(i.SoftUartTxProcess)
    SysTick_Handler                          0x0800d7c1   Thumb Code    18  stm32f1xx_it.o(i.SysTick_Handler)
    SystemClock_Config                       0x0800d7d9   Thumb Code   148  main.o(i.SystemClock_Config)
    SystemInit                               0x0800d86d   Thumb Code     8  system_stm32f1xx.o(i.SystemInit)
    TIM3_IRQHandler                          0x0800d87d   Thumb Code    16  stm32f1xx_it.o(i.TIM3_IRQHandler)
    TIM_Base_SetConfig                       0x0800d891   Thumb Code   104  stm32f1xx_hal_tim.o(i.TIM_Base_SetConfig)
    TIM_ETR_SetConfig                        0x0800d905   Thumb Code    22  stm32f1xx_hal_tim.o(i.TIM_ETR_SetConfig)
    USART1_IRQHandler                        0x0800dc91   Thumb Code    10  stm32f1xx_it.o(i.USART1_IRQHandler)
    USART2_IRQHandler                        0x0800dca1   Thumb Code    64  stm32f1xx_it.o(i.USART2_IRQHandler)
    USART3_IRQHandler                        0x0800dcf9   Thumb Code    60  stm32f1xx_it.o(i.USART3_IRQHandler)
    USBD_CDC_GetDeviceQualifierDescriptor    0x0800de75   Thumb Code    10  usbd_cdc.o(i.USBD_CDC_GetDeviceQualifierDescriptor)
    USBD_CDC_ReceivePacket                   0x0800df6d   Thumb Code    58  usbd_cdc.o(i.USBD_CDC_ReceivePacket)
    USBD_CDC_RegisterInterface               0x0800dfa7   Thumb Code    14  usbd_cdc.o(i.USBD_CDC_RegisterInterface)
    USBD_CDC_SetRxBuffer                     0x0800dfb5   Thumb Code    14  usbd_cdc.o(i.USBD_CDC_SetRxBuffer)
    USBD_CDC_SetTxBuffer                     0x0800dfc3   Thumb Code    20  usbd_cdc.o(i.USBD_CDC_SetTxBuffer)
    USBD_CDC_TransmitPacket                  0x0800e0cb   Thumb Code    62  usbd_cdc.o(i.USBD_CDC_TransmitPacket)
    USBD_ClrClassConfig                      0x0800e109   Thumb Code    22  usbd_core.o(i.USBD_ClrClassConfig)
    USBD_CtlContinueRx                       0x0800e15d   Thumb Code    24  usbd_ioreq.o(i.USBD_CtlContinueRx)
    USBD_CtlContinueSendData                 0x0800e175   Thumb Code    24  usbd_ioreq.o(i.USBD_CtlContinueSendData)
    USBD_CtlError                            0x0800e18d   Thumb Code    24  usbd_ctlreq.o(i.USBD_CtlError)
    USBD_CtlPrepareRx                        0x0800e1a5   Thumb Code    40  usbd_ioreq.o(i.USBD_CtlPrepareRx)
    USBD_CtlReceiveStatus                    0x0800e1cd   Thumb Code    26  usbd_ioreq.o(i.USBD_CtlReceiveStatus)
    USBD_CtlSendData                         0x0800e1e7   Thumb Code    34  usbd_ioreq.o(i.USBD_CtlSendData)
    USBD_CtlSendStatus                       0x0800e209   Thumb Code    26  usbd_ioreq.o(i.USBD_CtlSendStatus)
    USBD_FS_ConfigStrDescriptor              0x0800e225   Thumb Code    34  usbd_desc.o(i.USBD_FS_ConfigStrDescriptor)
    USBD_FS_DeviceDescriptor                 0x0800e259   Thumb Code    10  usbd_desc.o(i.USBD_FS_DeviceDescriptor)
    USBD_FS_InterfaceStrDescriptor           0x0800e269   Thumb Code    34  usbd_desc.o(i.USBD_FS_InterfaceStrDescriptor)
    USBD_FS_LangIDStrDescriptor              0x0800e2a1   Thumb Code    10  usbd_desc.o(i.USBD_FS_LangIDStrDescriptor)
    USBD_FS_ManufacturerStrDescriptor        0x0800e2b1   Thumb Code    20  usbd_desc.o(i.USBD_FS_ManufacturerStrDescriptor)
    USBD_FS_ProductStrDescriptor             0x0800e2d5   Thumb Code    34  usbd_desc.o(i.USBD_FS_ProductStrDescriptor)
    USBD_FS_SerialStrDescriptor              0x0800e30d   Thumb Code    18  usbd_desc.o(i.USBD_FS_SerialStrDescriptor)
    USBD_GetString                           0x0800e5dd   Thumb Code    82  usbd_ctlreq.o(i.USBD_GetString)
    USBD_Init                                0x0800e65b   Thumb Code    50  usbd_core.o(i.USBD_Init)
    USBD_LL_ClearStallEP                     0x0800e68d   Thumb Code    38  usbd_conf.o(i.USBD_LL_ClearStallEP)
    USBD_LL_CloseEP                          0x0800e6b3   Thumb Code    38  usbd_conf.o(i.USBD_LL_CloseEP)
    USBD_LL_DataInStage                      0x0800e6d9   Thumb Code   256  usbd_core.o(i.USBD_LL_DataInStage)
    USBD_LL_DataOutStage                     0x0800e7d9   Thumb Code   166  usbd_core.o(i.USBD_LL_DataOutStage)
    USBD_LL_GetRxDataSize                    0x0800e87f   Thumb Code    18  usbd_conf.o(i.USBD_LL_GetRxDataSize)
    USBD_LL_Init                             0x0800e891   Thumb Code   124  usbd_conf.o(i.USBD_LL_Init)
    USBD_LL_IsStallEP                        0x0800e915   Thumb Code    56  usbd_conf.o(i.USBD_LL_IsStallEP)
    USBD_LL_OpenEP                           0x0800e94d   Thumb Code    48  usbd_conf.o(i.USBD_LL_OpenEP)
    USBD_LL_PrepareReceive                   0x0800e97d   Thumb Code    48  usbd_conf.o(i.USBD_LL_PrepareReceive)
    USBD_LL_Reset                            0x0800e9ad   Thumb Code    92  usbd_core.o(i.USBD_LL_Reset)
    USBD_LL_Resume                           0x0800ea09   Thumb Code    22  usbd_core.o(i.USBD_LL_Resume)
    USBD_LL_SOF                              0x0800ea1f   Thumb Code    34  usbd_core.o(i.USBD_LL_SOF)
    USBD_LL_SetSpeed                         0x0800ea41   Thumb Code     8  usbd_core.o(i.USBD_LL_SetSpeed)
    USBD_LL_SetUSBAddress                    0x0800ea49   Thumb Code    38  usbd_conf.o(i.USBD_LL_SetUSBAddress)
    USBD_LL_SetupStage                       0x0800ea6f   Thumb Code   110  usbd_core.o(i.USBD_LL_SetupStage)
    USBD_LL_StallEP                          0x0800eadd   Thumb Code    38  usbd_conf.o(i.USBD_LL_StallEP)
    USBD_LL_Start                            0x0800eb03   Thumb Code    30  usbd_conf.o(i.USBD_LL_Start)
    USBD_LL_Suspend                          0x0800eb21   Thumb Code    20  usbd_core.o(i.USBD_LL_Suspend)
    USBD_LL_Transmit                         0x0800eb35   Thumb Code    48  usbd_conf.o(i.USBD_LL_Transmit)
    USBD_ParseSetupRequest                   0x0800eb65   Thumb Code    40  usbd_ctlreq.o(i.USBD_ParseSetupRequest)
    USBD_RegisterClass                       0x0800eb8d   Thumb Code    16  usbd_core.o(i.USBD_RegisterClass)
    USBD_RunTestMode                         0x0800eb9d   Thumb Code     6  usbd_core.o(i.USBD_RunTestMode)
    USBD_SetClassConfig                      0x0800ebfd   Thumb Code    34  usbd_core.o(i.USBD_SetClassConfig)
    USBD_Start                               0x0800ed21   Thumb Code    14  usbd_core.o(i.USBD_Start)
    USBD_StdDevReq                           0x0800ed2f   Thumb Code   162  usbd_ctlreq.o(i.USBD_StdDevReq)
    USBD_StdEPReq                            0x0800edd1   Thumb Code   568  usbd_ctlreq.o(i.USBD_StdEPReq)
    USBD_StdItfReq                           0x0800f009   Thumb Code   126  usbd_ctlreq.o(i.USBD_StdItfReq)
    USBD_static_free                         0x0800f087   Thumb Code     2  usbd_conf.o(i.USBD_static_free)
    USBD_static_malloc                       0x0800f089   Thumb Code     6  usbd_conf.o(i.USBD_static_malloc)
    USB_ActivateEndpoint                     0x0800f095   Thumb Code  1100  stm32f1xx_ll_usb.o(i.USB_ActivateEndpoint)
    USB_CoreInit                             0x0800f4e1   Thumb Code     8  stm32f1xx_ll_usb.o(i.USB_CoreInit)
    USB_DeactivateEndpoint                   0x0800f4e9   Thumb Code   636  stm32f1xx_ll_usb.o(i.USB_DeactivateEndpoint)
    USB_DevConnect                           0x0800f765   Thumb Code     6  stm32f1xx_ll_usb.o(i.USB_DevConnect)
    USB_DevDisconnect                        0x0800f76b   Thumb Code     6  stm32f1xx_ll_usb.o(i.USB_DevDisconnect)
    USB_DevInit                              0x0800f771   Thumb Code    22  stm32f1xx_ll_usb.o(i.USB_DevInit)
    USB_DisableGlobalInt                     0x0800f787   Thumb Code    20  stm32f1xx_ll_usb.o(i.USB_DisableGlobalInt)
    USB_EP0_OutStart                         0x0800f79b   Thumb Code     6  stm32f1xx_ll_usb.o(i.USB_EP0_OutStart)
    USB_EPClearStall                         0x0800f7a1   Thumb Code   218  stm32f1xx_ll_usb.o(i.USB_EPClearStall)
    USB_EPSetStall                           0x0800f87b   Thumb Code    92  stm32f1xx_ll_usb.o(i.USB_EPSetStall)
    USB_EPStartXfer                          0x0800f8d7   Thumb Code  2954  stm32f1xx_ll_usb.o(i.USB_EPStartXfer)
    USB_EnableGlobalInt                      0x08010461   Thumb Code    18  stm32f1xx_ll_usb.o(i.USB_EnableGlobalInt)
    USB_LP_CAN1_RX0_IRQHandler               0x08010475   Thumb Code    10  stm32f1xx_it.o(i.USB_LP_CAN1_RX0_IRQHandler)
    USB_ReadInterrupts                       0x08010485   Thumb Code     8  stm32f1xx_ll_usb.o(i.USB_ReadInterrupts)
    USB_ReadPMA                              0x0801048d   Thumb Code    74  stm32f1xx_ll_usb.o(i.USB_ReadPMA)
    USB_SetCurrentMode                       0x080104d7   Thumb Code     6  stm32f1xx_ll_usb.o(i.USB_SetCurrentMode)
    USB_SetDevAddress                        0x080104dd   Thumb Code    14  stm32f1xx_ll_usb.o(i.USB_SetDevAddress)
    USB_WritePMA                             0x080104eb   Thumb Code    66  stm32f1xx_ll_usb.o(i.USB_WritePMA)
    UsageFault_Handler                       0x0801052d   Thumb Code     4  stm32f1xx_it.o(i.UsageFault_Handler)
    Write_MFRC522                            0x08010531   Thumb Code    44  stm32f1_rc522.o(i.Write_MFRC522)
    __0printf$8                              0x08010561   Thumb Code    22  printf8.o(i.__0printf$8)
    __1printf$8                              0x08010561   Thumb Code     0  printf8.o(i.__0printf$8)
    __2printf                                0x08010561   Thumb Code     0  printf8.o(i.__0printf$8)
    __0sprintf$8                             0x08010581   Thumb Code    34  printf8.o(i.__0sprintf$8)
    __1sprintf$8                             0x08010581   Thumb Code     0  printf8.o(i.__0sprintf$8)
    __2sprintf                               0x08010581   Thumb Code     0  printf8.o(i.__0sprintf$8)
    __scatterload_copy                       0x080105e1   Thumb Code    14  handlers.o(i.__scatterload_copy)
    __scatterload_null                       0x080105ef   Thumb Code     2  handlers.o(i.__scatterload_null)
    __scatterload_zeroinit                   0x080105f1   Thumb Code    14  handlers.o(i.__scatterload_zeroinit)
    cancelProcess                            0x08010a6d   Thumb Code    30  main.o(i.cancelProcess)
    check_for_leap_year                      0x08010ac5   Thumb Code    50  stm32f1xx_hal_rtc.o(i.check_for_leap_year)
    configBaudRate                           0x08010af9   Thumb Code   300  main.o(i.configBaudRate)
    deleteTemplateProcess                    0x08010c8d   Thumb Code   122  main.o(i.deleteTemplateProcess)
    ee_format                                0x08010d3d   Thumb Code    76  ee.o(i.ee_format)
    ee_init                                  0x08010d91   Thumb Code    14  ee.o(i.ee_init)
    ee_read                                  0x08010da1   Thumb Code    60  ee.o(i.ee_read)
    ee_write                                 0x08010de5   Thumb Code    90  ee.o(i.ee_write)
    enrollProcess                            0x08010e45   Thumb Code   138  main.o(i.enrollProcess)
    fputc                                    0x08010f0d   Thumb Code    22  main.o(i.fputc)
    free                                     0x08010f25   Thumb Code    76  malloc.o(i.free)
    getResponse                              0x08010f75   Thumb Code   194  finger.o(i.getResponse)
    getTimeDate                              0x08011045   Thumb Code   100  main.o(i.getTimeDate)
    identifyOffProcess                       0x080110f9   Thumb Code    30  main.o(i.identifyOffProcess)
    identifyProcess                          0x08011159   Thumb Code    32  main.o(i.identifyProcess)
    ledBlik                                  0x080111b5   Thumb Code    64  main.o(i.ledBlik)
    loadTransactionRecord                    0x080111f9   Thumb Code   208  main.o(i.loadTransactionRecord)
    main                                     0x08011341   Thumb Code  2120  main.o(i.main)
    mainUpdateProccess                       0x08011c15   Thumb Code   306  main.o(i.mainUpdateProccess)
    malloc                                   0x08011dd9   Thumb Code    92  malloc.o(i.malloc)
    max30102Init                             0x08011e45   Thumb Code    92  main.o(i.max30102Init)
    max30102_clear_fifo                      0x08011ead   Thumb Code    46  max30102.o(i.max30102_clear_fifo)
    max30102_init                            0x08011edb   Thumb Code    34  max30102.o(i.max30102_init)
    max30102_read                            0x08011efd   Thumb Code    54  max30102.o(i.max30102_read)
    max30102_read_fifo                       0x08011f35   Thumb Code   174  max30102.o(i.max30102_read_fifo)
    max30102_reset                           0x08012001   Thumb Code    22  max30102.o(i.max30102_reset)
    max30102_set_a_full                      0x08012017   Thumb Code    60  max30102.o(i.max30102_set_a_full)
    max30102_set_adc_resolution              0x08012053   Thumb Code    44  max30102.o(i.max30102_set_adc_resolution)
    max30102_set_fifo_config                 0x0801207f   Thumb Code    66  max30102.o(i.max30102_set_fifo_config)
    max30102_set_led_current_1               0x080120c1   Thumb Code    50  max30102.o(i.max30102_set_led_current_1)
    max30102_set_led_current_2               0x080120fd   Thumb Code    50  max30102.o(i.max30102_set_led_current_2)
    max30102_set_led_pulse_width             0x08012139   Thumb Code    44  max30102.o(i.max30102_set_led_pulse_width)
    max30102_set_mode                        0x08012165   Thumb Code    50  max30102.o(i.max30102_set_mode)
    max30102_set_sampling_rate               0x08012197   Thumb Code    46  max30102.o(i.max30102_set_sampling_rate)
    max30102_write                           0x080121c5   Thumb Code    68  max30102.o(i.max30102_write)
    reSendLastTransaction                    0x08012209   Thumb Code   142  main.o(i.reSendLastTransaction)
    readTempalteProcess                      0x080122bd   Thumb Code   100  main.o(i.readTempalteProcess)
    relayState                               0x08012351   Thumb Code   188  main.o(i.relayState)
    send                                     0x080124d9   Thumb Code    50  main.o(i.send)
    sendVersion                              0x08012511   Thumb Code   198  main.o(i.sendVersion)
    serialSendCheck                          0x080126cd   Thumb Code    50  main.o(i.serialSendCheck)
    setTimeDate                              0x08012779   Thumb Code   178  main.o(i.setTimeDate)
    tabletOff                                0x080128a9   Thumb Code    30  main.o(i.tabletOff)
    tabletOn                                 0x080128ed   Thumb Code    28  main.o(i.tabletOn)
    testConnection                           0x0801292d   Thumb Code    96  finger.o(i.testConnection)
    testConnectionMax30102                   0x080129ed   Thumb Code    92  main.o(i.testConnectionMax30102)
    trHeadSend                               0x08012a85   Thumb Code    44  main.o(i.trHeadSend)
    updateFirmware                           0x08012ad9   Thumb Code   172  main.o(i.updateFirmware)
    KeyTable                                 0x08012c54   Data         256  main.o(.constdata)
    month_table                              0x08012d54   Data          12  stm32f1xx_hal_rtc.o(.constdata)
    AHBPrescTable                            0x08012d60   Data          16  system_stm32f1xx.o(.constdata)
    APBPrescTable                            0x08012d70   Data           8  system_stm32f1xx.o(.constdata)
    __ctype_categories                       0x08012de8   Data          64  ctype_c.o(.constdata)
    Region$$Table$$Base                      0x08012ef4   Number         0  anon$$obj.o(Region$$Table)
    Region$$Table$$Limit                     0x08012f14   Number         0  anon$$obj.o(Region$$Table)
    trHead                                   0x20000000   Data           4  main.o(.data)
    trTail                                   0x20000004   Data           4  main.o(.data)
    serialConnect                            0x20000008   Data           1  main.o(.data)
    serialConnectWithTab                     0x20000009   Data           1  main.o(.data)
    resetSystem                              0x2000000a   Data           1  main.o(.data)
    reset_cause                              0x2000000b   Data           1  main.o(.data)
    idFR                                     0x2000000c   Data           4  main.o(.data)
    enrollFlag                               0x20000010   Data           1  main.o(.data)
    deleteTemplateFlag                       0x20000011   Data           1  main.o(.data)
    IdentifyFreeFlag                         0x20000012   Data           1  main.o(.data)
    readTemplateFlag                         0x20000013   Data           1  main.o(.data)
    fingerITflag                             0x20000014   Data           1  main.o(.data)
    rxBufferHeadPos                          0x20000016   Data           2  main.o(.data)
    rxBufferTailPos                          0x20000018   Data           2  main.o(.data)
    hr_old                                   0x2000001c   Data           4  main.o(.data)
    spo2_old                                 0x20000020   Data           4  main.o(.data)
    ID                                       0x20000024   Data           1  main.o(.data)
    max30102Flag                             0x20000025   Data           1  main.o(.data)
    rxITForFinger                            0x20000026   Data           1  main.o(.data)
    IdentifyFlag                             0x20000027   Data           1  main.o(.data)
    memID                                    0x20000028   Data           2  main.o(.data)
    flag                                     0x2000002a   Data           1  main.o(.data)
    state                                    0x2000002b   Data           1  main.o(.data)
    CDCReceiveLen                            0x2000002c   Data           4  main.o(.data)
    crc                                      0x20000030   Data           2  main.o(.data)
    bufferLen                                0x20000034   Data           4  main.o(.data)
    type                                     0x20000038   Data           4  main.o(.data)
    payMent                                  0x2000003c   Data           4  main.o(.data)
    lastDevice                               0x20000040   Data           4  main.o(.data)
    MINEtebar                                0x20000044   Data           4  main.o(.data)
    MAXEtebar                                0x20000048   Data           4  main.o(.data)
    deviceID                                 0x2000004c   Data           4  main.o(.data)
    etebar                                   0x20000050   Data           4  main.o(.data)
    Hetebar                                  0x20000054   Data           4  main.o(.data)
    preetebar                                0x20000058   Data           4  main.o(.data)
    LastoP                                   0x2000005c   Data           1  main.o(.data)
    oPIndex                                  0x2000005d   Data           1  main.o(.data)
    Month                                    0x2000005e   Data           1  main.o(.data)
    Day                                      0x2000005f   Data           1  main.o(.data)
    Hour                                     0x20000060   Data           1  main.o(.data)
    Min                                      0x20000061   Data           1  main.o(.data)
    Sec                                      0x20000062   Data           1  main.o(.data)
    Year                                     0x20000064   Data           4  main.o(.data)
    configUc                                 0x20000068   Data           4  main.o(.data)
    uart3Len                                 0x2000006c   Data           4  main.o(.data)
    etebarFlag                               0x20000070   Data           1  main.o(.data)
    serialSendFlag                           0x20000071   Data           1  main.o(.data)
    reciveDataFlag                           0x20000072   Data           1  main.o(.data)
    zeroEtebarFlag                           0x20000073   Data           1  main.o(.data)
    flagRc522                                0x20000074   Data           1  main.o(.data)
    rxAndroid                                0x20000075   Data           1  main.o(.data)
    reciveAck                                0x20000076   Data           1  main.o(.data)
    execTransactionFlag                      0x20000077   Data           1  main.o(.data)
    toggleLed                                0x20000078   Data           2  main.o(.data)
    crcCard                                  0x2000007a   Data           1  main.o(.data)
    sernum                                   0x2000007b   Data           5  main.o(.data)
    preSernum                                0x20000080   Data           5  main.o(.data)
    cardId                                   0x20000088   Data           4  main.o(.data)
    uc                                       0x2000008c   Data           4  main.o(.data)
    justOneRead                              0x20000090   Data           1  main.o(.data)
    readerTick                               0x20000094   Data           4  main.o(.data)
    Byte                                     0x20000098   Data           1  main.o(.data)
    tick                                     0x2000009c   Data           4  main.o(.data)
    tickTime                                 0x200000a0   Data           4  main.o(.data)
    timePassive                              0x200000a4   Data           4  main.o(.data)
    timeAuth                                 0x200000a8   Data           4  main.o(.data)
    timeRead                                 0x200000ac   Data           4  main.o(.data)
    time1                                    0x200000b0   Data           4  main.o(.data)
    time2                                    0x200000b4   Data           4  main.o(.data)
    time3                                    0x200000b8   Data           4  main.o(.data)
    time4                                    0x200000bc   Data           4  main.o(.data)
    time5                                    0x200000c0   Data           4  main.o(.data)
    timeWrite                                0x200000c4   Data           4  main.o(.data)
    time                                     0x200000c8   Data           3  main.o(.data)
    date                                     0x200000cb   Data           4  main.o(.data)
    FS_Desc                                  0x200000d0   Data          28  usbd_desc.o(.data)
    USBD_FS_DeviceDesc                       0x200000ec   Data          18  usbd_desc.o(.data)
    USBD_LangIDDesc                          0x20000100   Data           4  usbd_desc.o(.data)
    USBD_StringSerial                        0x20000104   Data          26  usbd_desc.o(.data)
    lineCoding                               0x20000120   Data           7  usbd_cdc_if.o(.data)
    USBD_Interface_fops_FS                   0x20000128   Data          16  usbd_cdc_if.o(.data)
    uwTick                                   0x20000138   Data           4  stm32f1xx_hal.o(.data)
    uwTickPrio                               0x2000013c   Data           4  stm32f1xx_hal.o(.data)
    uwTickFreq                               0x20000140   Data           1  stm32f1xx_hal.o(.data)
    Temp_t                                   0x20000144   Data           4  stm32f1xx_hal_rtc.o(.data)
    days_elapsed_2                           0x20000148   Data           4  stm32f1xx_hal_rtc.o(.data)
    cal_year                                 0x2000014c   Data           4  stm32f1xx_hal_rtc.o(.data)
    SystemCoreClock                          0x20000154   Data           4  system_stm32f1xx.o(.data)
    USBD_CDC                                 0x20000168   Data          56  usbd_cdc.o(.data)
    USBD_CDC_CfgHSDesc                       0x200001a0   Data          67  usbd_cdc.o(.data)
    USBD_CDC_CfgFSDesc                       0x200001e4   Data          67  usbd_cdc.o(.data)
    USBD_CDC_OtherSpeedCfgDesc               0x20000228   Data          67  usbd_cdc.o(.data)
    SU_Timer                                 0x2000026b   Data           1  softuart.o(.data)
    __stdout                                 0x2000026c   Data           4  stdout.o(.data)
    __microlib_freelist                      0x20000270   Data           4  mvars.o(.data)
    __microlib_freelist_initialised          0x20000274   Data           4  mvars.o(.data)
    buffTransaction                          0x20000278   Data         300  main.o(.bss)
    HrSpo2Buffer                             0x200003a4   Data          32  main.o(.bss)
    GetResponse                              0x200003c4   Data         600  main.o(.bss)
    fromAndroid                              0x2000061c   Data         600  main.o(.bss)
    sendTimeDate                             0x20000874   Data          60  main.o(.bss)
    uart3buf                                 0x200008b0   Data         300  main.o(.bss)
    globalBuff                               0x200009dc   Data         400  main.o(.bss)
    dataCard                                 0x20000b6c   Data          32  main.o(.bss)
    buffRC522                                0x20000b8c   Data         100  main.o(.bss)
    hiwdg                                    0x20000bf0   Data          12  main.o(.bss)
    hi2c1                                    0x20000bfc   Data          84  main.o(.bss)
    max30102                                 0x20000c50   Data         264  main.o(.bss)
    hrtc                                     0x20000d58   Data          20  main.o(.bss)
    hspi1                                    0x20000d6c   Data          88  main.o(.bss)
    hspi2                                    0x20000dc4   Data          88  main.o(.bss)
    htim3                                    0x20000e1c   Data          72  main.o(.bss)
    huart1                                   0x20000e64   Data          68  main.o(.bss)
    huart2                                   0x20000ea8   Data          68  main.o(.bss)
    huart3                                   0x20000eec   Data          68  main.o(.bss)
    hUsbDeviceFS                             0x20000f30   Data         708  usb_device.o(.bss)
    USBD_StrDesc                             0x200011f4   Data         512  usbd_desc.o(.bss)
    UserRxBufferFS                           0x200013f4   Data        1000  usbd_cdc_if.o(.bss)
    UserTxBufferFS                           0x200017dc   Data        1000  usbd_cdc_if.o(.bss)
    hpcd_USB_FS                              0x20001bc4   Data         748  usbd_conf.o(.bss)
    pFlash                                   0x200020d0   Data          32  stm32f1xx_hal_flash.o(.bss)
    ee_ram                                   0x200020f0   Data          16  ee.o(.bss)
    SUart                                    0x20002100   Data          32  softuart.o(.bss)
    SUBuffer                                 0x20002120   Data          64  softuart.o(.bss)
    current_card_snr                         0x20002160   Data          10  iso14443ab.o(.bss)
    SPI_FLASH_BUF                            0x2000216a   Data        4096  flash.o(.bss)
    __heap_base                              0x20003170   Data           0  startup_stm32f103xb.o(HEAP)
    __heap_limit                             0x20003770   Data           0  startup_stm32f103xb.o(HEAP)
    __initial_sp                             0x20003d70   Data           0  startup_stm32f103xb.o(STACK)



==============================================================================

Memory Map of the image

  Image Entry point : 0x080058ed

  Load Region LR_IROM1 (Base: 0x08005800, Size: 0x0000d98c, Max: 0x0001a800, ABSOLUTE, COMPRESSED[0x0000d7f4])

    Execution Region ER_IROM1 (Exec base: 0x08005800, Load base: 0x08005800, Size: 0x0000d714, Max: 0x0001a800, ABSOLUTE)

    Exec Addr    Load Addr    Size         Type   Attr      Idx    E Section Name        Object

    0x08005800   0x08005800   0x000000ec   Data   RO            3    RESET               startup_stm32f103xb.o
    0x080058ec   0x080058ec   0x00000000   Code   RO         6883  * .ARM.Collect$$$$00000000  mc_w.l(entry.o)
    0x080058ec   0x080058ec   0x00000004   Code   RO         7195    .ARM.Collect$$$$00000001  mc_w.l(entry2.o)
    0x080058f0   0x080058f0   0x00000004   Code   RO         7198    .ARM.Collect$$$$00000004  mc_w.l(entry5.o)
    0x080058f4   0x080058f4   0x00000000   Code   RO         7200    .ARM.Collect$$$$00000008  mc_w.l(entry7b.o)
    0x080058f4   0x080058f4   0x00000000   Code   RO         7202    .ARM.Collect$$$$0000000A  mc_w.l(entry8b.o)
    0x080058f4   0x080058f4   0x00000008   Code   RO         7203    .ARM.Collect$$$$0000000B  mc_w.l(entry9a.o)
    0x080058fc   0x080058fc   0x00000000   Code   RO         7205    .ARM.Collect$$$$0000000D  mc_w.l(entry10a.o)
    0x080058fc   0x080058fc   0x00000000   Code   RO         7207    .ARM.Collect$$$$0000000F  mc_w.l(entry11a.o)
    0x080058fc   0x080058fc   0x00000004   Code   RO         7196    .ARM.Collect$$$$00002712  mc_w.l(entry2.o)
    0x08005900   0x08005900   0x00000024   Code   RO            4    .text               startup_stm32f103xb.o
    0x08005924   0x08005924   0x00000020   Code   RO         6886    .text               mc_w.l(llushr.o)
    0x08005944   0x08005944   0x00000024   Code   RO         6888    .text               mc_w.l(memcpya.o)
    0x08005968   0x08005968   0x00000024   Code   RO         6890    .text               mc_w.l(memseta.o)
    0x0800598c   0x0800598c   0x0000000e   Code   RO         6892    .text               mc_w.l(strlen.o)
    0x0800599a   0x0800599a   0x00000002   PAD
    0x0800599c   0x0800599c   0x00000038   Code   RO         7185    .text               mc_w.l(__0sscanf.o)
    0x080059d4   0x080059d4   0x0000014c   Code   RO         7187    .text               mc_w.l(_scanf_int.o)
    0x08005b20   0x08005b20   0x000000de   Code   RO         7189    .text               mf_w.l(ddiv.o)
    0x08005bfe   0x08005bfe   0x00000032   Code   RO         7191    .text               mf_w.l(dfixui.o)
    0x08005c30   0x08005c30   0x00000026   Code   RO         7193    .text               mf_w.l(f2d.o)
    0x08005c56   0x08005c56   0x00000062   Code   RO         7212    .text               mc_w.l(uldiv.o)
    0x08005cb8   0x08005cb8   0x0000001c   Code   RO         7216    .text               mc_w.l(_chval.o)
    0x08005cd4   0x08005cd4   0x00000028   Code   RO         7218    .text               mc_w.l(scanf_char.o)
    0x08005cfc   0x08005cfc   0x00000040   Code   RO         7220    .text               mc_w.l(_sgetc.o)
    0x08005d3c   0x08005d3c   0x00000000   Code   RO         7222    .text               mc_w.l(iusefp.o)
    0x08005d3c   0x08005d3c   0x000000ba   Code   RO         7223    .text               mf_w.l(depilogue.o)
    0x08005df6   0x08005df6   0x00000002   PAD
    0x08005df8   0x08005df8   0x00000024   Code   RO         7233    .text               mc_w.l(init.o)
    0x08005e1c   0x08005e1c   0x0000001e   Code   RO         7235    .text               mc_w.l(llshl.o)
    0x08005e3a   0x08005e3a   0x0000000a   Code   RO         7239    .text               mc_w.l(isspace_c.o)
    0x08005e44   0x08005e44   0x0000032c   Code   RO         7241    .text               mc_w.l(_scanf.o)
    0x08006170   0x08006170   0x00000028   Code   RO         7243    .text               mc_w.l(ctype_c.o)
    0x08006198   0x08006198   0x00000056   Code   RO         7254    .text               mc_w.l(__dczerorl2.o)
    0x080061ee   0x080061ee   0x00000012   Code   RO         5686    i.AntennaOn         stm32f1_rc522.o
    0x08006200   0x08006200   0x00000004   Code   RO          504    i.BusFault_Handler  stm32f1xx_it.o
    0x08006204   0x08006204   0x00000030   Code   RO         5832    i.BytesToInt        ecard.o
    0x08006234   0x08006234   0x00000090   Code   RO          839    i.CDC_Control_FS    usbd_cdc_if.o
    0x080062c4   0x080062c4   0x00000004   Code   RO          840    i.CDC_DeInit_FS     usbd_cdc_if.o
    0x080062c8   0x080062c8   0x0000002c   Code   RO          841    i.CDC_FlushRxBuffer_FS  usbd_cdc_if.o
    0x080062f4   0x080062f4   0x00000024   Code   RO          843    i.CDC_Init_FS       usbd_cdc_if.o
    0x08006318   0x08006318   0x00000070   Code   RO          845    i.CDC_Receive_FS    usbd_cdc_if.o
    0x08006388   0x08006388   0x00000038   Code   RO          846    i.CDC_Transmit_FS   usbd_cdc_if.o
    0x080063c0   0x080063c0   0x00000064   Code   RO         5687    i.CalulateCRC       stm32f1_rc522.o
    0x08006424   0x08006424   0x0000001a   Code   RO         5688    i.ClearBitMask      stm32f1_rc522.o
    0x0800643e   0x0800643e   0x00000002   Code   RO          505    i.DebugMon_Handler  stm32f1xx_it.o
    0x08006440   0x08006440   0x00000020   Code   RO           13    i.DeleteAllTemplateProcess  main.o
    0x08006460   0x08006460   0x00000038   Code   RO           14    i.DeletetrHead      main.o
    0x08006498   0x08006498   0x0000000a   Code   RO           15    i.Error_Handler     main.o
    0x080064a2   0x080064a2   0x00000002   PAD
    0x080064a4   0x080064a4   0x00000028   Code   RO         2438    i.FLASH_MassErase   stm32f1xx_hal_flash_ex.o
    0x080064cc   0x080064cc   0x00000028   Code   RO         2447    i.FLASH_PageErase   stm32f1xx_hal_flash_ex.o
    0x080064f4   0x080064f4   0x00000020   Code   RO         2335    i.FLASH_Program_HalfWord  stm32f1xx_hal_flash.o
    0x08006514   0x08006514   0x00000084   Code   RO         2336    i.FLASH_SetErrorCode  stm32f1xx_hal_flash.o
    0x08006598   0x08006598   0x00000014   Code   RO         6739    i.FLASH_UNLOCK      flash.o
    0x080065ac   0x080065ac   0x00000070   Code   RO         2337    i.FLASH_WaitForLastOperation  stm32f1xx_hal_flash.o
    0x0800661c   0x0800661c   0x00000050   Code   RO         5985    i.FPRNCancelCmd     finger.o
    0x0800666c   0x0800666c   0x000004b8   Code   RO         5986    i.FPRN_AddNewUser   finger.o
    0x08006b24   0x08006b24   0x0000001c   Code   RO         5987    i.FPRN_CancelCmd    finger.o
    0x08006b40   0x08006b40   0x00000100   Code   RO         5989    i.FPRN_DeleteAllTemplate  finger.o
    0x08006c40   0x08006c40   0x00000114   Code   RO         5990    i.FPRN_DeleteTemplate  finger.o
    0x08006d54   0x08006d54   0x000000f0   Code   RO         5991    i.FPRN_GetEmptyID   finger.o
    0x08006e44   0x08006e44   0x00000344   Code   RO         5995    i.FPRN_GetTemplateByID  finger.o
    0x08007188   0x08007188   0x0000012c   Code   RO         5996    i.FPRN_Identify     finger.o
    0x080072b4   0x080072b4   0x00000144   Code   RO         5998    i.FPRN_Send_Command  finger.o
    0x080073f8   0x080073f8   0x0000010a   Code   RO         5999    i.FPRN_Send_TemplateDataPacket  finger.o
    0x08007502   0x08007502   0x00000002   PAD
    0x08007504   0x08007504   0x00000238   Code   RO         6001    i.FPRN_WriteTemplateByID  finger.o
    0x0800773c   0x0800773c   0x00000018   Code   RO         6002    i.FP_SendSerialData  finger.o
    0x08007754   0x08007754   0x00000060   Code   RO           16    i.GetCPUiD          main.o
    0x080077b4   0x080077b4   0x00000088   Code   RO         6003    i.GetFrimware       finger.o
    0x0800783c   0x0800783c   0x000000c0   Code   RO           17    i.GetPage           main.o
    0x080078fc   0x080078fc   0x00000034   Code   RO          749    i.Get_SerialNum     usbd_desc.o
    0x08007930   0x08007930   0x00000056   Code   RO         1994    i.HAL_DMA_Abort     stm32f1xx_hal_dma.o
    0x08007986   0x08007986   0x00000002   PAD
    0x08007988   0x08007988   0x000000b0   Code   RO         1995    i.HAL_DMA_Abort_IT  stm32f1xx_hal_dma.o
    0x08007a38   0x08007a38   0x00000028   Code   RO         1617    i.HAL_Delay         stm32f1xx_hal.o
    0x08007a60   0x08007a60   0x000000b0   Code   RO         2448    i.HAL_FLASHEx_Erase  stm32f1xx_hal_flash_ex.o
    0x08007b10   0x08007b10   0x00000014   Code   RO         2341    i.HAL_FLASH_Lock    stm32f1xx_hal_flash.o
    0x08007b24   0x08007b24   0x000000b0   Code   RO         2346    i.HAL_FLASH_Program  stm32f1xx_hal_flash.o
    0x08007bd4   0x08007bd4   0x00000030   Code   RO         2348    i.HAL_FLASH_Unlock  stm32f1xx_hal_flash.o
    0x08007c04   0x08007c04   0x00000320   Code   RO         1930    i.HAL_GPIO_Init     stm32f1xx_hal_gpio.o
    0x08007f24   0x08007f24   0x00000010   Code   RO         1932    i.HAL_GPIO_ReadPin  stm32f1xx_hal_gpio.o
    0x08007f34   0x08007f34   0x00000014   Code   RO         1933    i.HAL_GPIO_TogglePin  stm32f1xx_hal_gpio.o
    0x08007f48   0x08007f48   0x0000000c   Code   RO         1934    i.HAL_GPIO_WritePin  stm32f1xx_hal_gpio.o
    0x08007f54   0x08007f54   0x0000000c   Code   RO         1621    i.HAL_GetTick       stm32f1xx_hal.o
    0x08007f60   0x08007f60   0x000001d0   Code   RO         4617    i.HAL_I2C_Init      stm32f1xx_hal_i2c.o
    0x08008130   0x08008130   0x00000358   Code   RO         4623    i.HAL_I2C_Master_Receive  stm32f1xx_hal_i2c.o
    0x08008488   0x08008488   0x00000170   Code   RO         4630    i.HAL_I2C_Master_Transmit  stm32f1xx_hal_i2c.o
    0x080085f8   0x080085f8   0x00000364   Code   RO         4635    i.HAL_I2C_Mem_Read  stm32f1xx_hal_i2c.o
    0x0800895c   0x0800895c   0x0000008c   Code   RO          618    i.HAL_I2C_MspInit   stm32f1xx_hal_msp.o
    0x080089e8   0x080089e8   0x0000005e   Code   RO         2616    i.HAL_IWDG_Init     stm32f1xx_hal_iwdg.o
    0x08008a46   0x08008a46   0x00000002   PAD
    0x08008a48   0x08008a48   0x00000018   Code   RO         1627    i.HAL_IncTick       stm32f1xx_hal.o
    0x08008a60   0x08008a60   0x00000028   Code   RO         1628    i.HAL_Init          stm32f1xx_hal.o
    0x08008a88   0x08008a88   0x0000004c   Code   RO         1629    i.HAL_InitTick      stm32f1xx_hal.o
    0x08008ad4   0x08008ad4   0x00000054   Code   RO          619    i.HAL_MspInit       stm32f1xx_hal_msp.o
    0x08008b28   0x08008b28   0x00000020   Code   RO         2090    i.HAL_NVIC_EnableIRQ  stm32f1xx_hal_cortex.o
    0x08008b48   0x08008b48   0x0000007c   Code   RO         2096    i.HAL_NVIC_SetPriority  stm32f1xx_hal_cortex.o
    0x08008bc4   0x08008bc4   0x00000028   Code   RO         2097    i.HAL_NVIC_SetPriorityGrouping  stm32f1xx_hal_cortex.o
    0x08008bec   0x08008bec   0x00000044   Code   RO         2098    i.HAL_NVIC_SystemReset  stm32f1xx_hal_cortex.o
    0x08008c30   0x08008c30   0x00000044   Code   RO         1390    i.HAL_PCDEx_PMAConfig  stm32f1xx_hal_pcd_ex.o
    0x08008c74   0x08008c74   0x00000002   Code   RO          909    i.HAL_PCDEx_SetConnectionState  usbd_conf.o
    0x08008c76   0x08008c76   0x00000020   Code   RO          911    i.HAL_PCD_DataInStageCallback  usbd_conf.o
    0x08008c96   0x08008c96   0x00000020   Code   RO          912    i.HAL_PCD_DataOutStageCallback  usbd_conf.o
    0x08008cb6   0x08008cb6   0x0000006a   Code   RO         1166    i.HAL_PCD_EP_Close  stm32f1xx_hal_pcd.o
    0x08008d20   0x08008d20   0x0000007c   Code   RO         1167    i.HAL_PCD_EP_ClrStall  stm32f1xx_hal_pcd.o
    0x08008d9c   0x08008d9c   0x00000158   Code   RO         1168    i.HAL_PCD_EP_DB_Receive  stm32f1xx_hal_pcd.o
    0x08008ef4   0x08008ef4   0x00000528   Code   RO         1169    i.HAL_PCD_EP_DB_Transmit  stm32f1xx_hal_pcd.o
    0x0800941c   0x0800941c   0x00000016   Code   RO         1171    i.HAL_PCD_EP_GetRxCount  stm32f1xx_hal_pcd.o
    0x08009432   0x08009432   0x0000008c   Code   RO         1172    i.HAL_PCD_EP_Open   stm32f1xx_hal_pcd.o
    0x080094be   0x080094be   0x0000004c   Code   RO         1173    i.HAL_PCD_EP_Receive  stm32f1xx_hal_pcd.o
    0x0800950a   0x0800950a   0x00000088   Code   RO         1174    i.HAL_PCD_EP_SetStall  stm32f1xx_hal_pcd.o
    0x08009592   0x08009592   0x00000056   Code   RO         1175    i.HAL_PCD_EP_Transmit  stm32f1xx_hal_pcd.o
    0x080095e8   0x080095e8   0x000001e2   Code   RO         1177    i.HAL_PCD_IRQHandler  stm32f1xx_hal_pcd.o
    0x080097ca   0x080097ca   0x00000158   Code   RO         1180    i.HAL_PCD_Init      stm32f1xx_hal_pcd.o
    0x08009922   0x08009922   0x00000002   PAD
    0x08009924   0x08009924   0x00000044   Code   RO          917    i.HAL_PCD_MspInit   usbd_conf.o
    0x08009968   0x08009968   0x00000024   Code   RO          918    i.HAL_PCD_ResetCallback  usbd_conf.o
    0x0800998c   0x0800998c   0x0000000e   Code   RO          919    i.HAL_PCD_ResumeCallback  usbd_conf.o
    0x0800999a   0x0800999a   0x0000000e   Code   RO          920    i.HAL_PCD_SOFCallback  usbd_conf.o
    0x080099a8   0x080099a8   0x00000036   Code   RO         1186    i.HAL_PCD_SetAddress  stm32f1xx_hal_pcd.o
    0x080099de   0x080099de   0x00000012   Code   RO          921    i.HAL_PCD_SetupStageCallback  usbd_conf.o
    0x080099f0   0x080099f0   0x0000003c   Code   RO         1188    i.HAL_PCD_Start     stm32f1xx_hal_pcd.o
    0x08009a2c   0x08009a2c   0x00000024   Code   RO          922    i.HAL_PCD_SuspendCallback  usbd_conf.o
    0x08009a50   0x08009a50   0x0000000c   Code   RO         2217    i.HAL_PWR_EnableBkUpAccess  stm32f1xx_hal_pwr.o
    0x08009a5c   0x08009a5c   0x00000118   Code   RO         1892    i.HAL_RCCEx_GetPeriphCLKFreq  stm32f1xx_hal_rcc_ex.o
    0x08009b74   0x08009b74   0x00000130   Code   RO         1893    i.HAL_RCCEx_PeriphCLKConfig  stm32f1xx_hal_rcc_ex.o
    0x08009ca4   0x08009ca4   0x00000002   Code   RO         1784    i.HAL_RCC_CSSCallback  stm32f1xx_hal_rcc.o
    0x08009ca6   0x08009ca6   0x00000002   PAD
    0x08009ca8   0x08009ca8   0x0000018c   Code   RO         1785    i.HAL_RCC_ClockConfig  stm32f1xx_hal_rcc.o
    0x08009e34   0x08009e34   0x0000000c   Code   RO         1788    i.HAL_RCC_EnableCSS  stm32f1xx_hal_rcc.o
    0x08009e40   0x08009e40   0x0000000c   Code   RO         1790    i.HAL_RCC_GetHCLKFreq  stm32f1xx_hal_rcc.o
    0x08009e4c   0x08009e4c   0x00000020   Code   RO         1792    i.HAL_RCC_GetPCLK1Freq  stm32f1xx_hal_rcc.o
    0x08009e6c   0x08009e6c   0x00000020   Code   RO         1793    i.HAL_RCC_GetPCLK2Freq  stm32f1xx_hal_rcc.o
    0x08009e8c   0x08009e8c   0x00000094   Code   RO         1794    i.HAL_RCC_GetSysClockFreq  stm32f1xx_hal_rcc.o
    0x08009f20   0x08009f20   0x00000020   Code   RO         1796    i.HAL_RCC_NMI_IRQHandler  stm32f1xx_hal_rcc.o
    0x08009f40   0x08009f40   0x00000464   Code   RO         1797    i.HAL_RCC_OscConfig  stm32f1xx_hal_rcc.o
    0x0800a3a4   0x0800a3a4   0x000000bc   Code   RO         4426    i.HAL_RTC_GetDate   stm32f1xx_hal_rtc.o
    0x0800a460   0x0800a460   0x00000080   Code   RO         4428    i.HAL_RTC_GetTime   stm32f1xx_hal_rtc.o
    0x0800a4e0   0x0800a4e0   0x000000d0   Code   RO         4429    i.HAL_RTC_Init      stm32f1xx_hal_rtc.o
    0x0800a5b0   0x0800a5b0   0x00000040   Code   RO          621    i.HAL_RTC_MspInit   stm32f1xx_hal_msp.o
    0x0800a5f0   0x0800a5f0   0x0000015c   Code   RO         4435    i.HAL_RTC_SetDate   stm32f1xx_hal_rtc.o
    0x0800a74c   0x0800a74c   0x000000c2   Code   RO         4436    i.HAL_RTC_SetTime   stm32f1xx_hal_rtc.o
    0x0800a80e   0x0800a80e   0x00000040   Code   RO         4437    i.HAL_RTC_WaitForSynchro  stm32f1xx_hal_rtc.o
    0x0800a84e   0x0800a84e   0x000000be   Code   RO         2759    i.HAL_SPI_Init      stm32f1xx_hal_spi.o
    0x0800a90c   0x0800a90c   0x000000f4   Code   RO          623    i.HAL_SPI_MspInit   stm32f1xx_hal_msp.o
    0x0800aa00   0x0800aa00   0x000001ae   Code   RO         2767    i.HAL_SPI_Transmit  stm32f1xx_hal_spi.o
    0x0800abae   0x0800abae   0x0000022a   Code   RO         2768    i.HAL_SPI_TransmitReceive  stm32f1xx_hal_spi.o
    0x0800add8   0x0800add8   0x00000034   Code   RO         2101    i.HAL_SYSTICK_Config  stm32f1xx_hal_cortex.o
    0x0800ae0c   0x0800ae0c   0x00000002   Code   RO         3787    i.HAL_TIMEx_BreakCallback  stm32f1xx_hal_tim_ex.o
    0x0800ae0e   0x0800ae0e   0x00000002   Code   RO         3788    i.HAL_TIMEx_CommutCallback  stm32f1xx_hal_tim_ex.o
    0x0800ae10   0x0800ae10   0x00000084   Code   RO         3806    i.HAL_TIMEx_MasterConfigSynchronization  stm32f1xx_hal_tim_ex.o
    0x0800ae94   0x0800ae94   0x00000066   Code   RO         3072    i.HAL_TIM_Base_Init  stm32f1xx_hal_tim.o
    0x0800aefa   0x0800aefa   0x00000002   PAD
    0x0800aefc   0x0800aefc   0x000000a4   Code   RO          625    i.HAL_TIM_Base_MspInit  stm32f1xx_hal_msp.o
    0x0800afa0   0x0800afa0   0x0000006c   Code   RO         3075    i.HAL_TIM_Base_Start  stm32f1xx_hal_tim.o
    0x0800b00c   0x0800b00c   0x00000108   Code   RO         3081    i.HAL_TIM_ConfigClockSource  stm32f1xx_hal_tim.o
    0x0800b114   0x0800b114   0x00000002   Code   RO         3106    i.HAL_TIM_IC_CaptureCallback  stm32f1xx_hal_tim.o
    0x0800b116   0x0800b116   0x00000196   Code   RO         3120    i.HAL_TIM_IRQHandler  stm32f1xx_hal_tim.o
    0x0800b2ac   0x0800b2ac   0x00000002   Code   RO         3123    i.HAL_TIM_OC_DelayElapsedCallback  stm32f1xx_hal_tim.o
    0x0800b2ae   0x0800b2ae   0x00000002   Code   RO         3150    i.HAL_TIM_PWM_PulseFinishedCallback  stm32f1xx_hal_tim.o
    0x0800b2b0   0x0800b2b0   0x00000018   Code   RO           18    i.HAL_TIM_PeriodElapsedCallback  main.o
    0x0800b2c8   0x0800b2c8   0x00000002   Code   RO         3163    i.HAL_TIM_TriggerCallback  stm32f1xx_hal_tim.o
    0x0800b2ca   0x0800b2ca   0x00000002   Code   RO         4065    i.HAL_UARTEx_RxEventCallback  stm32f1xx_hal_uart.o
    0x0800b2cc   0x0800b2cc   0x00000002   Code   RO         4079    i.HAL_UART_ErrorCallback  stm32f1xx_hal_uart.o
    0x0800b2ce   0x0800b2ce   0x00000002   PAD
    0x0800b2d0   0x0800b2d0   0x0000024c   Code   RO         4082    i.HAL_UART_IRQHandler  stm32f1xx_hal_uart.o
    0x0800b51c   0x0800b51c   0x00000072   Code   RO         4083    i.HAL_UART_Init     stm32f1xx_hal_uart.o
    0x0800b58e   0x0800b58e   0x00000002   PAD
    0x0800b590   0x0800b590   0x000001a4   Code   RO          627    i.HAL_UART_MspInit  stm32f1xx_hal_msp.o
    0x0800b734   0x0800b734   0x00000002   Code   RO         4089    i.HAL_UART_RxCpltCallback  stm32f1xx_hal_uart.o
    0x0800b736   0x0800b736   0x000000d2   Code   RO         4091    i.HAL_UART_Transmit  stm32f1xx_hal_uart.o
    0x0800b808   0x0800b808   0x00000002   Code   RO         4094    i.HAL_UART_TxCpltCallback  stm32f1xx_hal_uart.o
    0x0800b80a   0x0800b80a   0x00000002   PAD
    0x0800b80c   0x0800b80c   0x00000028   Code   RO          506    i.HardFault_Handler  stm32f1xx_it.o
    0x0800b834   0x0800b834   0x0000003e   Code   RO         4660    i.I2C_IsAcknowledgeFailed  stm32f1xx_hal_i2c.o
    0x0800b872   0x0800b872   0x00000002   PAD
    0x0800b874   0x0800b874   0x00000138   Code   RO         4663    i.I2C_MasterRequestRead  stm32f1xx_hal_i2c.o
    0x0800b9ac   0x0800b9ac   0x000000c0   Code   RO         4664    i.I2C_MasterRequestWrite  stm32f1xx_hal_i2c.o
    0x0800ba6c   0x0800ba6c   0x00000160   Code   RO         4671    i.I2C_RequestMemoryRead  stm32f1xx_hal_i2c.o
    0x0800bbcc   0x0800bbcc   0x0000005c   Code   RO         4680    i.I2C_WaitOnBTFFlagUntilTimeout  stm32f1xx_hal_i2c.o
    0x0800bc28   0x0800bc28   0x00000090   Code   RO         4681    i.I2C_WaitOnFlagUntilTimeout  stm32f1xx_hal_i2c.o
    0x0800bcb8   0x0800bcb8   0x000000c4   Code   RO         4682    i.I2C_WaitOnMasterAddressFlagUntilTimeout  stm32f1xx_hal_i2c.o
    0x0800bd7c   0x0800bd7c   0x00000080   Code   RO         4683    i.I2C_WaitOnRXNEFlagUntilTimeout  stm32f1xx_hal_i2c.o
    0x0800bdfc   0x0800bdfc   0x0000005c   Code   RO         4686    i.I2C_WaitOnTXEFlagUntilTimeout  stm32f1xx_hal_i2c.o
    0x0800be58   0x0800be58   0x000000b4   Code   RO         6142    i.ISO14443_LoginE2  iso14443ab.o
    0x0800bf0c   0x0800bf0c   0x00000010   Code   RO         6143    i.ISO14443_ReadBlock  iso14443ab.o
    0x0800bf1c   0x0800bf1c   0x00000060   Code   RO         6145    i.ISO14443_SingleTagSelect  iso14443ab.o
    0x0800bf7c   0x0800bf7c   0x00000010   Code   RO         5841    i.IntToBytes        ecard.o
    0x0800bf8c   0x0800bf8c   0x0000003e   Code   RO          750    i.IntToUnicode      usbd_desc.o
    0x0800bfca   0x0800bfca   0x00000002   PAD
    0x0800bfcc   0x0800bfcc   0x00000024   Code   RO           20    i.LoadFromDFToRam   main.o
    0x0800bff0   0x0800bff0   0x00000090   Code   RO           21    i.LoadRecordsInfo   main.o
    0x0800c080   0x0800c080   0x0000004a   Code   RO         5689    i.MFRC522_Anticoll  stm32f1_rc522.o
    0x0800c0ca   0x0800c0ca   0x0000006e   Code   RO         5690    i.MFRC522_Auth      stm32f1_rc522.o
    0x0800c138   0x0800c138   0x00000024   Code   RO         5691    i.MFRC522_Check     stm32f1_rc522.o
    0x0800c15c   0x0800c15c   0x00000070   Code   RO         5693    i.MFRC522_Init      stm32f1_rc522.o
    0x0800c1cc   0x0800c1cc   0x00000036   Code   RO         5694    i.MFRC522_Read      stm32f1_rc522.o
    0x0800c202   0x0800c202   0x00000030   Code   RO         5695    i.MFRC522_Request   stm32f1_rc522.o
    0x0800c232   0x0800c232   0x0000000c   Code   RO         5696    i.MFRC522_Reset     stm32f1_rc522.o
    0x0800c23e   0x0800c23e   0x0000005a   Code   RO         5697    i.MFRC522_SelectTag  stm32f1_rc522.o
    0x0800c298   0x0800c298   0x00000122   Code   RO         5698    i.MFRC522_ToCard    stm32f1_rc522.o
    0x0800c3ba   0x0800c3ba   0x00000002   PAD
    0x0800c3bc   0x0800c3bc   0x0000014c   Code   RO           22    i.MX_GPIO_Init      main.o
    0x0800c508   0x0800c508   0x0000003c   Code   RO           23    i.MX_I2C1_Init      main.o
    0x0800c544   0x0800c544   0x00000028   Code   RO           24    i.MX_IWDG_Init      main.o
    0x0800c56c   0x0800c56c   0x00000030   Code   RO           25    i.MX_RTC_Init       main.o
    0x0800c59c   0x0800c59c   0x00000048   Code   RO           26    i.MX_SPI1_Init      main.o
    0x0800c5e4   0x0800c5e4   0x00000048   Code   RO           27    i.MX_SPI2_Init      main.o
    0x0800c62c   0x0800c62c   0x0000006c   Code   RO           28    i.MX_TIM3_Init      main.o
    0x0800c698   0x0800c698   0x00000030   Code   RO           29    i.MX_USART1_UART_Init  main.o
    0x0800c6c8   0x0800c6c8   0x00000038   Code   RO           30    i.MX_USART2_UART_Init  main.o
    0x0800c700   0x0800c700   0x00000038   Code   RO           31    i.MX_USART3_UART_Init  main.o
    0x0800c738   0x0800c738   0x00000088   Code   RO          701    i.MX_USB_DEVICE_Init  usb_device.o
    0x0800c7c0   0x0800c7c0   0x00000004   Code   RO          507    i.MemManage_Handler  stm32f1xx_it.o
    0x0800c7c4   0x0800c7c4   0x00000008   Code   RO          508    i.NMI_Handler       stm32f1xx_it.o
    0x0800c7cc   0x0800c7cc   0x000003f2   Code   RO         1192    i.PCD_EP_ISR_Handler  stm32f1xx_hal_pcd.o
    0x0800cbbe   0x0800cbbe   0x00000002   Code   RO          509    i.PendSV_Handler    stm32f1xx_it.o
    0x0800cbc0   0x0800cbc0   0x00000020   Code   RO         5701    i.RC522_SPI_Transfer  stm32f1_rc522.o
    0x0800cbe0   0x0800cbe0   0x00000028   Code   RO         1798    i.RCC_Delay         stm32f1xx_hal_rcc.o
    0x0800cc08   0x0800cc08   0x00000016   Code   RO         4438    i.RTC_Bcd2ToByte    stm32f1xx_hal_rtc.o
    0x0800cc1e   0x0800cc1e   0x0000003a   Code   RO         4441    i.RTC_EnterInitMode  stm32f1xx_hal_rtc.o
    0x0800cc58   0x0800cc58   0x0000003a   Code   RO         4442    i.RTC_ExitInitMode  stm32f1xx_hal_rtc.o
    0x0800cc92   0x0800cc92   0x00000034   Code   RO         4445    i.RTC_ReadTimeCounter  stm32f1xx_hal_rtc.o
    0x0800ccc6   0x0800ccc6   0x00000084   Code   RO         4446    i.RTC_WeekDayNum    stm32f1xx_hal_rtc.o
    0x0800cd4a   0x0800cd4a   0x0000002e   Code   RO         4448    i.RTC_WriteTimeCounter  stm32f1xx_hal_rtc.o
    0x0800cd78   0x0800cd78   0x00000038   Code   RO         5702    i.Read_MFRC522      stm32f1_rc522.o
    0x0800cdb0   0x0800cdb0   0x00000028   Code   RO         2797    i.SPI_EndRxTxTransaction  stm32f1xx_hal_spi.o
    0x0800cdd8   0x0800cdd8   0x0000003c   Code   RO         6742    i.SPI_FLASH_Write_Enable  flash.o
    0x0800ce14   0x0800ce14   0x00000048   Code   RO         6743    i.SPI_FLASH_Write_SR  flash.o
    0x0800ce5c   0x0800ce5c   0x00000080   Code   RO         6746    i.SPI_Flash_Erase_Sector  flash.o
    0x0800cedc   0x0800cedc   0x000000a8   Code   RO         6749    i.SPI_Flash_Read    flash.o
    0x0800cf84   0x0800cf84   0x000000ac   Code   RO         6750    i.SPI_Flash_ReadID  flash.o
    0x0800d030   0x0800d030   0x00000058   Code   RO         6751    i.SPI_Flash_ReadSR  flash.o
    0x0800d088   0x0800d088   0x00000024   Code   RO         6754    i.SPI_Flash_Wait_Busy  flash.o
    0x0800d0ac   0x0800d0ac   0x00000114   Code   RO         6755    i.SPI_Flash_Write   flash.o
    0x0800d1c0   0x0800d1c0   0x000000f4   Code   RO         6756    i.SPI_Flash_Write2  flash.o
    0x0800d2b4   0x0800d2b4   0x00000054   Code   RO         6757    i.SPI_Flash_Write_NoCheck  flash.o
    0x0800d308   0x0800d308   0x000000a0   Code   RO         6758    i.SPI_Flash_Write_Page  flash.o
    0x0800d3a8   0x0800d3a8   0x000000d8   Code   RO         2802    i.SPI_WaitFlagStateUntilTimeout  stm32f1xx_hal_spi.o
    0x0800d480   0x0800d480   0x00000002   Code   RO          510    i.SVC_Handler       stm32f1xx_it.o
    0x0800d482   0x0800d482   0x00000002   PAD
    0x0800d484   0x0800d484   0x00000024   Code   RO           32    i.SaveFromRamToDF   main.o
    0x0800d4a8   0x0800d4a8   0x00000078   Code   RO           33    i.SaveRingDetail    main.o
    0x0800d520   0x0800d520   0x00000068   Code   RO           35    i.Sendpacket        main.o
    0x0800d588   0x0800d588   0x0000001a   Code   RO         5703    i.SetBitMask        stm32f1_rc522.o
    0x0800d5a2   0x0800d5a2   0x00000010   Code   RO         5578    i.SoftUartGpioReadPin  softuart.o
    0x0800d5b2   0x0800d5b2   0x00000014   Code   RO         5579    i.SoftUartGpioWritePin  softuart.o
    0x0800d5c6   0x0800d5c6   0x00000002   PAD
    0x0800d5c8   0x0800d5c8   0x00000070   Code   RO         5580    i.SoftUartHandler   softuart.o
    0x0800d638   0x0800d638   0x00000074   Code   RO         5585    i.SoftUartRxDataBitProcess  softuart.o
    0x0800d6ac   0x0800d6ac   0x00000074   Code   RO         5586    i.SoftUartScanRxPorts  softuart.o
    0x0800d720   0x0800d720   0x00000012   Code   RO         5587    i.SoftUartTransmitBit  softuart.o
    0x0800d732   0x0800d732   0x0000008c   Code   RO         5588    i.SoftUartTxProcess  softuart.o
    0x0800d7be   0x0800d7be   0x00000002   PAD
    0x0800d7c0   0x0800d7c0   0x00000018   Code   RO          511    i.SysTick_Handler   stm32f1xx_it.o
    0x0800d7d8   0x0800d7d8   0x00000094   Code   RO           36    i.SystemClock_Config  main.o
    0x0800d86c   0x0800d86c   0x00000010   Code   RO         5079    i.SystemInit        system_stm32f1xx.o
    0x0800d87c   0x0800d87c   0x00000014   Code   RO          512    i.TIM3_IRQHandler   stm32f1xx_it.o
    0x0800d890   0x0800d890   0x00000074   Code   RO         3165    i.TIM_Base_SetConfig  stm32f1xx_hal_tim.o
    0x0800d904   0x0800d904   0x00000016   Code   RO         3176    i.TIM_ETR_SetConfig  stm32f1xx_hal_tim.o
    0x0800d91a   0x0800d91a   0x00000012   Code   RO         3177    i.TIM_ITRx_SetConfig  stm32f1xx_hal_tim.o
    0x0800d92c   0x0800d92c   0x00000026   Code   RO         3183    i.TIM_TI1_ConfigInputStage  stm32f1xx_hal_tim.o
    0x0800d952   0x0800d952   0x00000028   Code   RO         3185    i.TIM_TI2_ConfigInputStage  stm32f1xx_hal_tim.o
    0x0800d97a   0x0800d97a   0x00000014   Code   RO         4096    i.UART_DMAAbortOnError  stm32f1xx_hal_uart.o
    0x0800d98e   0x0800d98e   0x00000036   Code   RO         4106    i.UART_EndRxTransfer  stm32f1xx_hal_uart.o
    0x0800d9c4   0x0800d9c4   0x00000020   Code   RO         4107    i.UART_EndTransmit_IT  stm32f1xx_hal_uart.o
    0x0800d9e4   0x0800d9e4   0x000000e4   Code   RO         4109    i.UART_Receive_IT   stm32f1xx_hal_uart.o
    0x0800dac8   0x0800dac8   0x000000fc   Code   RO         4110    i.UART_SetConfig    stm32f1xx_hal_uart.o
    0x0800dbc4   0x0800dbc4   0x00000060   Code   RO         4113    i.UART_Transmit_IT  stm32f1xx_hal_uart.o
    0x0800dc24   0x0800dc24   0x0000006c   Code   RO         4114    i.UART_WaitOnFlagUntilTimeout  stm32f1xx_hal_uart.o
    0x0800dc90   0x0800dc90   0x00000010   Code   RO          513    i.USART1_IRQHandler  stm32f1xx_it.o
    0x0800dca0   0x0800dca0   0x00000058   Code   RO          514    i.USART2_IRQHandler  stm32f1xx_it.o
    0x0800dcf8   0x0800dcf8   0x0000004c   Code   RO          515    i.USART3_IRQHandler  stm32f1xx_it.o
    0x0800dd44   0x0800dd44   0x0000007c   Code   RO         5408    i.USBD_CDC_DataIn   usbd_cdc.o
    0x0800ddc0   0x0800ddc0   0x00000034   Code   RO         5409    i.USBD_CDC_DataOut  usbd_cdc.o
    0x0800ddf4   0x0800ddf4   0x0000004e   Code   RO         5410    i.USBD_CDC_DeInit   usbd_cdc.o
    0x0800de42   0x0800de42   0x00000032   Code   RO         5411    i.USBD_CDC_EP0_RxReady  usbd_cdc.o
    0x0800de74   0x0800de74   0x00000010   Code   RO         5412    i.USBD_CDC_GetDeviceQualifierDescriptor  usbd_cdc.o
    0x0800de84   0x0800de84   0x00000010   Code   RO         5413    i.USBD_CDC_GetFSCfgDesc  usbd_cdc.o
    0x0800de94   0x0800de94   0x00000010   Code   RO         5414    i.USBD_CDC_GetHSCfgDesc  usbd_cdc.o
    0x0800dea4   0x0800dea4   0x00000010   Code   RO         5415    i.USBD_CDC_GetOtherSpeedCfgDesc  usbd_cdc.o
    0x0800deb4   0x0800deb4   0x000000b8   Code   RO         5416    i.USBD_CDC_Init     usbd_cdc.o
    0x0800df6c   0x0800df6c   0x0000003a   Code   RO         5417    i.USBD_CDC_ReceivePacket  usbd_cdc.o
    0x0800dfa6   0x0800dfa6   0x0000000e   Code   RO         5418    i.USBD_CDC_RegisterInterface  usbd_cdc.o
    0x0800dfb4   0x0800dfb4   0x0000000e   Code   RO         5419    i.USBD_CDC_SetRxBuffer  usbd_cdc.o
    0x0800dfc2   0x0800dfc2   0x00000014   Code   RO         5420    i.USBD_CDC_SetTxBuffer  usbd_cdc.o
    0x0800dfd6   0x0800dfd6   0x000000f4   Code   RO         5421    i.USBD_CDC_Setup    usbd_cdc.o
    0x0800e0ca   0x0800e0ca   0x0000003e   Code   RO         5422    i.USBD_CDC_TransmitPacket  usbd_cdc.o
    0x0800e108   0x0800e108   0x00000016   Code   RO         5115    i.USBD_ClrClassConfig  usbd_core.o
    0x0800e11e   0x0800e11e   0x0000003e   Code   RO         5253    i.USBD_ClrFeature   usbd_ctlreq.o
    0x0800e15c   0x0800e15c   0x00000018   Code   RO         5348    i.USBD_CtlContinueRx  usbd_ioreq.o
    0x0800e174   0x0800e174   0x00000018   Code   RO         5349    i.USBD_CtlContinueSendData  usbd_ioreq.o
    0x0800e18c   0x0800e18c   0x00000018   Code   RO         5254    i.USBD_CtlError     usbd_ctlreq.o
    0x0800e1a4   0x0800e1a4   0x00000028   Code   RO         5350    i.USBD_CtlPrepareRx  usbd_ioreq.o
    0x0800e1cc   0x0800e1cc   0x0000001a   Code   RO         5351    i.USBD_CtlReceiveStatus  usbd_ioreq.o
    0x0800e1e6   0x0800e1e6   0x00000022   Code   RO         5352    i.USBD_CtlSendData  usbd_ioreq.o
    0x0800e208   0x0800e208   0x0000001a   Code   RO         5353    i.USBD_CtlSendStatus  usbd_ioreq.o
    0x0800e222   0x0800e222   0x00000002   PAD
    0x0800e224   0x0800e224   0x00000034   Code   RO          751    i.USBD_FS_ConfigStrDescriptor  usbd_desc.o
    0x0800e258   0x0800e258   0x00000010   Code   RO          752    i.USBD_FS_DeviceDescriptor  usbd_desc.o
    0x0800e268   0x0800e268   0x00000038   Code   RO          753    i.USBD_FS_InterfaceStrDescriptor  usbd_desc.o
    0x0800e2a0   0x0800e2a0   0x00000010   Code   RO          754    i.USBD_FS_LangIDStrDescriptor  usbd_desc.o
    0x0800e2b0   0x0800e2b0   0x00000024   Code   RO          755    i.USBD_FS_ManufacturerStrDescriptor  usbd_desc.o
    0x0800e2d4   0x0800e2d4   0x00000038   Code   RO          756    i.USBD_FS_ProductStrDescriptor  usbd_desc.o
    0x0800e30c   0x0800e30c   0x00000018   Code   RO          757    i.USBD_FS_SerialStrDescriptor  usbd_desc.o
    0x0800e324   0x0800e324   0x00000056   Code   RO         5255    i.USBD_GetConfig    usbd_ctlreq.o
    0x0800e37a   0x0800e37a   0x000001f4   Code   RO         5256    i.USBD_GetDescriptor  usbd_ctlreq.o
    0x0800e56e   0x0800e56e   0x00000014   Code   RO         5257    i.USBD_GetLen       usbd_ctlreq.o
    0x0800e582   0x0800e582   0x0000005a   Code   RO         5258    i.USBD_GetStatus    usbd_ctlreq.o
    0x0800e5dc   0x0800e5dc   0x00000052   Code   RO         5259    i.USBD_GetString    usbd_ctlreq.o
    0x0800e62e   0x0800e62e   0x0000002c   Code   RO          923    i.USBD_Get_USB_Status  usbd_conf.o
    0x0800e65a   0x0800e65a   0x00000032   Code   RO         5117    i.USBD_Init         usbd_core.o
    0x0800e68c   0x0800e68c   0x00000026   Code   RO          924    i.USBD_LL_ClearStallEP  usbd_conf.o
    0x0800e6b2   0x0800e6b2   0x00000026   Code   RO          925    i.USBD_LL_CloseEP   usbd_conf.o
    0x0800e6d8   0x0800e6d8   0x00000100   Code   RO         5118    i.USBD_LL_DataInStage  usbd_core.o
    0x0800e7d8   0x0800e7d8   0x000000a6   Code   RO         5119    i.USBD_LL_DataOutStage  usbd_core.o
    0x0800e87e   0x0800e87e   0x00000012   Code   RO          929    i.USBD_LL_GetRxDataSize  usbd_conf.o
    0x0800e890   0x0800e890   0x00000084   Code   RO          930    i.USBD_LL_Init      usbd_conf.o
    0x0800e914   0x0800e914   0x00000038   Code   RO          931    i.USBD_LL_IsStallEP  usbd_conf.o
    0x0800e94c   0x0800e94c   0x00000030   Code   RO          932    i.USBD_LL_OpenEP    usbd_conf.o
    0x0800e97c   0x0800e97c   0x00000030   Code   RO          933    i.USBD_LL_PrepareReceive  usbd_conf.o
    0x0800e9ac   0x0800e9ac   0x0000005c   Code   RO         5124    i.USBD_LL_Reset     usbd_core.o
    0x0800ea08   0x0800ea08   0x00000016   Code   RO         5125    i.USBD_LL_Resume    usbd_core.o
    0x0800ea1e   0x0800ea1e   0x00000022   Code   RO         5126    i.USBD_LL_SOF       usbd_core.o
    0x0800ea40   0x0800ea40   0x00000008   Code   RO         5127    i.USBD_LL_SetSpeed  usbd_core.o
    0x0800ea48   0x0800ea48   0x00000026   Code   RO          934    i.USBD_LL_SetUSBAddress  usbd_conf.o
    0x0800ea6e   0x0800ea6e   0x0000006e   Code   RO         5128    i.USBD_LL_SetupStage  usbd_core.o
    0x0800eadc   0x0800eadc   0x00000026   Code   RO          935    i.USBD_LL_StallEP   usbd_conf.o
    0x0800eb02   0x0800eb02   0x0000001e   Code   RO          936    i.USBD_LL_Start     usbd_conf.o
    0x0800eb20   0x0800eb20   0x00000014   Code   RO         5129    i.USBD_LL_Suspend   usbd_core.o
    0x0800eb34   0x0800eb34   0x00000030   Code   RO          938    i.USBD_LL_Transmit  usbd_conf.o
    0x0800eb64   0x0800eb64   0x00000028   Code   RO         5260    i.USBD_ParseSetupRequest  usbd_ctlreq.o
    0x0800eb8c   0x0800eb8c   0x00000010   Code   RO         5130    i.USBD_RegisterClass  usbd_core.o
    0x0800eb9c   0x0800eb9c   0x00000006   Code   RO         5131    i.USBD_RunTestMode  usbd_core.o
    0x0800eba2   0x0800eba2   0x0000005a   Code   RO         5261    i.USBD_SetAddress   usbd_ctlreq.o
    0x0800ebfc   0x0800ebfc   0x00000022   Code   RO         5132    i.USBD_SetClassConfig  usbd_core.o
    0x0800ec1e   0x0800ec1e   0x00000002   PAD
    0x0800ec20   0x0800ec20   0x000000e8   Code   RO         5262    i.USBD_SetConfig    usbd_ctlreq.o
    0x0800ed08   0x0800ed08   0x00000018   Code   RO         5263    i.USBD_SetFeature   usbd_ctlreq.o
    0x0800ed20   0x0800ed20   0x0000000e   Code   RO         5133    i.USBD_Start        usbd_core.o
    0x0800ed2e   0x0800ed2e   0x000000a2   Code   RO         5264    i.USBD_StdDevReq    usbd_ctlreq.o
    0x0800edd0   0x0800edd0   0x00000238   Code   RO         5265    i.USBD_StdEPReq     usbd_ctlreq.o
    0x0800f008   0x0800f008   0x0000007e   Code   RO         5266    i.USBD_StdItfReq    usbd_ctlreq.o
    0x0800f086   0x0800f086   0x00000002   Code   RO          939    i.USBD_static_free  usbd_conf.o
    0x0800f088   0x0800f088   0x0000000c   Code   RO          940    i.USBD_static_malloc  usbd_conf.o
    0x0800f094   0x0800f094   0x0000044c   Code   RO         1430    i.USB_ActivateEndpoint  stm32f1xx_ll_usb.o
    0x0800f4e0   0x0800f4e0   0x00000008   Code   RO         1433    i.USB_CoreInit      stm32f1xx_ll_usb.o
    0x0800f4e8   0x0800f4e8   0x0000027c   Code   RO         1435    i.USB_DeactivateEndpoint  stm32f1xx_ll_usb.o
    0x0800f764   0x0800f764   0x00000006   Code   RO         1436    i.USB_DevConnect    stm32f1xx_ll_usb.o
    0x0800f76a   0x0800f76a   0x00000006   Code   RO         1437    i.USB_DevDisconnect  stm32f1xx_ll_usb.o
    0x0800f770   0x0800f770   0x00000016   Code   RO         1438    i.USB_DevInit       stm32f1xx_ll_usb.o
    0x0800f786   0x0800f786   0x00000014   Code   RO         1439    i.USB_DisableGlobalInt  stm32f1xx_ll_usb.o
    0x0800f79a   0x0800f79a   0x00000006   Code   RO         1440    i.USB_EP0_OutStart  stm32f1xx_ll_usb.o
    0x0800f7a0   0x0800f7a0   0x000000da   Code   RO         1441    i.USB_EPClearStall  stm32f1xx_ll_usb.o
    0x0800f87a   0x0800f87a   0x0000005c   Code   RO         1442    i.USB_EPSetStall    stm32f1xx_ll_usb.o
    0x0800f8d6   0x0800f8d6   0x00000b8a   Code   RO         1443    i.USB_EPStartXfer   stm32f1xx_ll_usb.o
    0x08010460   0x08010460   0x00000012   Code   RO         1444    i.USB_EnableGlobalInt  stm32f1xx_ll_usb.o
    0x08010472   0x08010472   0x00000002   PAD
    0x08010474   0x08010474   0x00000010   Code   RO          516    i.USB_LP_CAN1_RX0_IRQHandler  stm32f1xx_it.o
    0x08010484   0x08010484   0x00000008   Code   RO         1451    i.USB_ReadInterrupts  stm32f1xx_ll_usb.o
    0x0801048c   0x0801048c   0x0000004a   Code   RO         1452    i.USB_ReadPMA       stm32f1xx_ll_usb.o
    0x080104d6   0x080104d6   0x00000006   Code   RO         1453    i.USB_SetCurrentMode  stm32f1xx_ll_usb.o
    0x080104dc   0x080104dc   0x0000000e   Code   RO         1454    i.USB_SetDevAddress  stm32f1xx_ll_usb.o
    0x080104ea   0x080104ea   0x00000042   Code   RO         1456    i.USB_WritePMA      stm32f1xx_ll_usb.o
    0x0801052c   0x0801052c   0x00000004   Code   RO          517    i.UsageFault_Handler  stm32f1xx_it.o
    0x08010530   0x08010530   0x00000030   Code   RO         5704    i.Write_MFRC522     stm32f1_rc522.o
    0x08010560   0x08010560   0x00000020   Code   RO         7103    i.__0printf$8       mc_w.l(printf8.o)
    0x08010580   0x08010580   0x00000028   Code   RO         7105    i.__0sprintf$8      mc_w.l(printf8.o)
    0x080105a8   0x080105a8   0x00000010   Code   RO         2103    i.__NVIC_GetPriorityGrouping  stm32f1xx_hal_cortex.o
    0x080105b8   0x080105b8   0x00000028   Code   RO         2104    i.__NVIC_SetPriority  stm32f1xx_hal_cortex.o
    0x080105e0   0x080105e0   0x0000000e   Code   RO         7248    i.__scatterload_copy  mc_w.l(handlers.o)
    0x080105ee   0x080105ee   0x00000002   Code   RO         7249    i.__scatterload_null  mc_w.l(handlers.o)
    0x080105f0   0x080105f0   0x0000000e   Code   RO         7250    i.__scatterload_zeroinit  mc_w.l(handlers.o)
    0x080105fe   0x080105fe   0x00000002   PAD
    0x08010600   0x08010600   0x00000410   Code   RO         7110    i._printf_core      mc_w.l(printf8.o)
    0x08010a10   0x08010a10   0x00000024   Code   RO         7111    i._printf_post_padding  mc_w.l(printf8.o)
    0x08010a34   0x08010a34   0x0000002e   Code   RO         7112    i._printf_pre_padding  mc_w.l(printf8.o)
    0x08010a62   0x08010a62   0x0000000a   Code   RO         7114    i._sputc            mc_w.l(printf8.o)
    0x08010a6c   0x08010a6c   0x00000058   Code   RO           37    i.cancelProcess     main.o
    0x08010ac4   0x08010ac4   0x00000032   Code   RO         4449    i.check_for_leap_year  stm32f1xx_hal_rtc.o
    0x08010af6   0x08010af6   0x00000002   PAD
    0x08010af8   0x08010af8   0x00000194   Code   RO           38    i.configBaudRate    main.o
    0x08010c8c   0x08010c8c   0x000000b0   Code   RO           39    i.deleteTemplateProcess  main.o
    0x08010d3c   0x08010d3c   0x00000054   Code   RO         5514    i.ee_format         ee.o
    0x08010d90   0x08010d90   0x0000000e   Code   RO         5515    i.ee_init           ee.o
    0x08010d9e   0x08010d9e   0x00000002   PAD
    0x08010da0   0x08010da0   0x00000044   Code   RO         5517    i.ee_read           ee.o
    0x08010de4   0x08010de4   0x00000060   Code   RO         5518    i.ee_write          ee.o
    0x08010e44   0x08010e44   0x000000c8   Code   RO           40    i.enrollProcess     main.o
    0x08010f0c   0x08010f0c   0x00000016   Code   RO           41    i.fputc             main.o
    0x08010f22   0x08010f22   0x00000002   PAD
    0x08010f24   0x08010f24   0x00000050   Code   RO         7157    i.free              mc_w.l(malloc.o)
    0x08010f74   0x08010f74   0x000000d0   Code   RO         6004    i.getResponse       finger.o
    0x08011044   0x08011044   0x000000b4   Code   RO           42    i.getTimeDate       main.o
    0x080110f8   0x080110f8   0x00000060   Code   RO           43    i.identifyOffProcess  main.o
    0x08011158   0x08011158   0x0000005c   Code   RO           44    i.identifyProcess   main.o
    0x080111b4   0x080111b4   0x00000044   Code   RO           45    i.ledBlik           main.o
    0x080111f8   0x080111f8   0x00000148   Code   RO           46    i.loadTransactionRecord  main.o
    0x08011340   0x08011340   0x000008d4   Code   RO           47    i.main              main.o
    0x08011c14   0x08011c14   0x000001c4   Code   RO           48    i.mainUpdateProccess  main.o
    0x08011dd8   0x08011dd8   0x0000006c   Code   RO         7158    i.malloc            mc_w.l(malloc.o)
    0x08011e44   0x08011e44   0x00000068   Code   RO           49    i.max30102Init      main.o
    0x08011eac   0x08011eac   0x0000002e   Code   RO         6279    i.max30102_clear_fifo  max30102.o
    0x08011eda   0x08011eda   0x00000022   Code   RO         6281    i.max30102_init     max30102.o
    0x08011efc   0x08011efc   0x00000036   Code   RO         6285    i.max30102_read     max30102.o
    0x08011f32   0x08011f32   0x00000002   PAD
    0x08011f34   0x08011f34   0x000000cc   Code   RO         6286    i.max30102_read_fifo  max30102.o
    0x08012000   0x08012000   0x00000016   Code   RO         6288    i.max30102_reset    max30102.o
    0x08012016   0x08012016   0x0000003c   Code   RO         6289    i.max30102_set_a_full  max30102.o
    0x08012052   0x08012052   0x0000002c   Code   RO         6290    i.max30102_set_adc_resolution  max30102.o
    0x0801207e   0x0801207e   0x00000042   Code   RO         6294    i.max30102_set_fifo_config  max30102.o
    0x080120c0   0x080120c0   0x0000003c   Code   RO         6295    i.max30102_set_led_current_1  max30102.o
    0x080120fc   0x080120fc   0x0000003c   Code   RO         6296    i.max30102_set_led_current_2  max30102.o
    0x08012138   0x08012138   0x0000002c   Code   RO         6297    i.max30102_set_led_pulse_width  max30102.o
    0x08012164   0x08012164   0x00000032   Code   RO         6298    i.max30102_set_mode  max30102.o
    0x08012196   0x08012196   0x0000002e   Code   RO         6302    i.max30102_set_sampling_rate  max30102.o
    0x080121c4   0x080121c4   0x00000044   Code   RO         6304    i.max30102_write    max30102.o
    0x08012208   0x08012208   0x000000b4   Code   RO           50    i.reSendLastTransaction  main.o
    0x080122bc   0x080122bc   0x00000094   Code   RO           51    i.readTempalteProcess  main.o
    0x08012350   0x08012350   0x00000188   Code   RO           52    i.relayState        main.o
    0x080124d8   0x080124d8   0x00000038   Code   RO           53    i.send              main.o
    0x08012510   0x08012510   0x000001bc   Code   RO           54    i.sendVersion       main.o
    0x080126cc   0x080126cc   0x000000ac   Code   RO           57    i.serialSendCheck   main.o
    0x08012778   0x08012778   0x00000130   Code   RO           58    i.setTimeDate       main.o
    0x080128a8   0x080128a8   0x00000044   Code   RO           59    i.tabletOff         main.o
    0x080128ec   0x080128ec   0x00000040   Code   RO           60    i.tabletOn          main.o
    0x0801292c   0x0801292c   0x000000c0   Code   RO         6006    i.testConnection    finger.o
    0x080129ec   0x080129ec   0x00000098   Code   RO           61    i.testConnectionMax30102  main.o
    0x08012a84   0x08012a84   0x00000054   Code   RO           62    i.trHeadSend        main.o
    0x08012ad8   0x08012ad8   0x0000017c   Code   RO           63    i.updateFirmware    main.o
    0x08012c54   0x08012c54   0x00000100   Data   RO           65    .constdata          main.o
    0x08012d54   0x08012d54   0x0000000c   Data   RO         4450    .constdata          stm32f1xx_hal_rtc.o
    0x08012d60   0x08012d60   0x00000018   Data   RO         5080    .constdata          system_stm32f1xx.o
    0x08012d78   0x08012d78   0x00000070   Data   RO         6151    .constdata          iso14443ab.o
    0x08012de8   0x08012de8   0x00000040   Data   RO         7244    .constdata          mc_w.l(ctype_c.o)
    0x08012e28   0x08012e28   0x000000c9   Data   RO         6007    .conststring        finger.o
    0x08012ef1   0x08012ef1   0x00000003   PAD
    0x08012ef4   0x08012ef4   0x00000020   Data   RO         7246    Region$$Table       anon$$obj.o


    Execution Region RW_IRAM1 (Exec base: 0x20000000, Load base: 0x08012f14, Size: 0x00003d70, Max: 0x00005000, ABSOLUTE, COMPRESSED[0x000000e0])

    Exec Addr    Load Addr    Size         Type   Attr      Idx    E Section Name        Object

    0x20000000   COMPRESSED   0x000000cf   Data   RW           66    .data               main.o
    0x200000cf   COMPRESSED   0x00000001   PAD
    0x200000d0   COMPRESSED   0x0000004e   Data   RW          759    .data               usbd_desc.o
    0x2000011e   COMPRESSED   0x00000002   PAD
    0x20000120   COMPRESSED   0x00000018   Data   RW          848    .data               usbd_cdc_if.o
    0x20000138   COMPRESSED   0x00000009   Data   RW         1635    .data               stm32f1xx_hal.o
    0x20000141   COMPRESSED   0x00000003   PAD
    0x20000144   COMPRESSED   0x00000010   Data   RW         4451    .data               stm32f1xx_hal_rtc.o
    0x20000154   COMPRESSED   0x00000004   Data   RW         5081    .data               system_stm32f1xx.o
    0x20000158   COMPRESSED   0x00000001   Data   RW         5267    .data               usbd_ctlreq.o
    0x20000159   COMPRESSED   0x00000003   PAD
    0x2000015c   COMPRESSED   0x0000010f   Data   RW         5423    .data               usbd_cdc.o
    0x2000026b   COMPRESSED   0x00000001   Data   RW         5591    .data               softuart.o
    0x2000026c   COMPRESSED   0x00000004   Data   RW         7209    .data               mc_w.l(stdout.o)
    0x20000270   COMPRESSED   0x00000004   Data   RW         7214    .data               mc_w.l(mvars.o)
    0x20000274   COMPRESSED   0x00000004   Data   RW         7215    .data               mc_w.l(mvars.o)
    0x20000278        -       0x00000cb8   Zero   RW           64    .bss                main.o
    0x20000f30        -       0x000002c4   Zero   RW          702    .bss                usb_device.o
    0x200011f4        -       0x00000200   Zero   RW          758    .bss                usbd_desc.o
    0x200013f4        -       0x000007d0   Zero   RW          847    .bss                usbd_cdc_if.o
    0x20001bc4        -       0x0000050c   Zero   RW          941    .bss                usbd_conf.o
    0x200020d0        -       0x00000020   Zero   RW         2349    .bss                stm32f1xx_hal_flash.o
    0x200020f0        -       0x00000010   Zero   RW         5520    .bss                ee.o
    0x20002100        -       0x00000060   Zero   RW         5590    .bss                softuart.o
    0x20002160        -       0x0000000a   Zero   RW         6150    .bss                iso14443ab.o
    0x2000216a        -       0x00001000   Zero   RW         6759    .bss                flash.o
    0x2000316a   COMPRESSED   0x00000006   PAD
    0x20003170        -       0x00000600   Zero   RW            2    HEAP                startup_stm32f103xb.o
    0x20003770        -       0x00000600   Zero   RW            1    STACK               startup_stm32f103xb.o


==============================================================================

Image component sizes


      Code (inc. data)   RO Data    RW Data    ZI Data      Debug   Object Name

        64          0          0          0          0       1882   ecard.o
       262         22          0          0         16       3052   ee.o
      4942       1400        201          0          0      12032   finger.o
      1508        118          0          0       4096       8347   flash.o
       292         16        112          0         10       2724   iso14443ab.o
      8804       2566        256        207       3256     538504   main.o
       858         50          0          0          0       8622   max30102.o
       538         20          0          1         96       5272   softuart.o
        36          8        236          0       3072        780   startup_stm32f103xb.o
      1132         26          0          0          0       9749   stm32f1_rc522.o
       192         36          0          9          0       5693   stm32f1xx_hal.o
       372         30          0          0          0      29822   stm32f1xx_hal_cortex.o
       262          4          0          0          0       1683   stm32f1xx_hal_dma.o
       520         48          0          0         32       3990   stm32f1xx_hal_flash.o
       256         26          0          0          0       2455   stm32f1xx_hal_flash_ex.o
       848         34          0          0          0       3804   stm32f1xx_hal_gpio.o
      4126         74          0          0          0      13513   stm32f1xx_hal_i2c.o
        94          0          0          0          0       1200   stm32f1xx_hal_iwdg.o
      1116         98          0          0          0       4578   stm32f1xx_hal_msp.o
      4304          0          0          0          0      14201   stm32f1xx_hal_pcd.o
        68          0          0          0          0       1126   stm32f1xx_hal_pcd_ex.o
        12          4          0          0          0        491   stm32f1xx_hal_pwr.o
      1830        120          0          0          0       7271   stm32f1xx_hal_rcc.o
       584         46          0          0          0       2329   stm32f1xx_hal_rcc_ex.o
      1548         42         12         16          0      10843   stm32f1xx_hal_rtc.o
      1430          6          0          0          0       5560   stm32f1xx_hal_spi.o
      1122         26          0          0          0       8812   stm32f1xx_hal_tim.o
       136         14          0          0          0       2293   stm32f1xx_hal_tim_ex.o
      1710         10          0          0          0       9960   stm32f1xx_hal_uart.o
       306         92          0          0          0       8677   stm32f1xx_it.o
      5254          0          0          0          0      19079   stm32f1xx_ll_usb.o
        16          8         24          4          0       1139   system_stm32f1xx.o
       136         22          0          0        708       2495   usb_device.o
       964         24          0        271          0      12578   usbd_cdc.o
       396         68          0         24       2000       4619   usbd_cdc_if.o
       842         30          0          0       1292      14221   usbd_conf.o
       850          0          0          0          0       9551   usbd_core.o
      2106         28          0          1          0      10304   usbd_ctlreq.o
       370        106          0         78        512       6313   usbd_desc.o
       174          0          0          0          0       4360   usbd_ioreq.o

    ----------------------------------------------------------------------
     50426       5222        876        620      15096     813924   Object Totals
         0          0         32          0          0          0   (incl. Generated)
        46          0          3          9          6          0   (incl. Padding)

    ----------------------------------------------------------------------

      Code (inc. data)   RO Data    RW Data    ZI Data      Debug   Library Member Name

        56          8          0          0          0         84   __0sscanf.o
        86          0          0          0          0          0   __dczerorl2.o
        28          0          0          0          0         68   _chval.o
       812          4          0          0          0        112   _scanf.o
       332          0          0          0          0         96   _scanf_int.o
        64          0          0          0          0         84   _sgetc.o
        40          6         64          0          0         68   ctype_c.o
         0          0          0          0          0          0   entry.o
         0          0          0          0          0          0   entry10a.o
         0          0          0          0          0          0   entry11a.o
         8          4          0          0          0          0   entry2.o
         4          0          0          0          0          0   entry5.o
         0          0          0          0          0          0   entry7b.o
         0          0          0          0          0          0   entry8b.o
         8          4          0          0          0          0   entry9a.o
        30          0          0          0          0          0   handlers.o
        36          8          0          0          0         68   init.o
        10          0          0          0          0         68   isspace_c.o
         0          0          0          0          0          0   iusefp.o
        30          0          0          0          0         68   llshl.o
        32          0          0          0          0         68   llushr.o
       188         20          0          0          0        160   malloc.o
        36          0          0          0          0         68   memcpya.o
        36          0          0          0          0        108   memseta.o
         0          0          0          8          0          0   mvars.o
      1204         60          0          0          0        504   printf8.o
        40          8          0          0          0         84   scanf_char.o
         0          0          0          4          0          0   stdout.o
        14          0          0          0          0         68   strlen.o
        98          0          0          0          0         92   uldiv.o
       222          0          0          0          0        100   ddiv.o
       186          0          0          0          0        176   depilogue.o
        50          0          0          0          0         76   dfixui.o
        38          0          0          0          0         68   f2d.o

    ----------------------------------------------------------------------
      3694        122         64         12          0       2288   Library Totals
         6          0          0          0          0          0   (incl. Padding)

    ----------------------------------------------------------------------

      Code (inc. data)   RO Data    RW Data    ZI Data      Debug   Library Name

      3192        122         64         12          0       1868   mc_w.l
       496          0          0          0          0        420   mf_w.l

    ----------------------------------------------------------------------
      3694        122         64         12          0       2288   Library Totals

    ----------------------------------------------------------------------

==============================================================================


      Code (inc. data)   RO Data    RW Data    ZI Data      Debug   

     54120       5344        940        632      15096     796580   Grand Totals
     54120       5344        940        224      15096     796580   ELF Image Totals (compressed)
     54120       5344        940        224          0          0   ROM Totals

==============================================================================

    Total RO  Size (Code + RO Data)                55060 (  53.77kB)
    Total RW  Size (RW Data + ZI Data)             15728 (  15.36kB)
    Total ROM Size (Code + RO Data + RW Data)      55284 (  53.99kB)

==============================================================================

