Component: ARM Compiler 5.06 update 6 (build 750) Tool: armlink [4d35ed]

==============================================================================

Section Cross References

    startup_stm32f103xb.o(RESET) refers to startup_stm32f103xb.o(STACK) for __initial_sp
    startup_stm32f103xb.o(RESET) refers to startup_stm32f103xb.o(.text) for Reset_Handler
    startup_stm32f103xb.o(RESET) refers to stm32f1xx_it.o(i.NMI_Handler) for NMI_Handler
    startup_stm32f103xb.o(RESET) refers to stm32f1xx_it.o(i.HardFault_Handler) for HardFault_Handler
    startup_stm32f103xb.o(RESET) refers to stm32f1xx_it.o(i.MemManage_Handler) for MemManage_Handler
    startup_stm32f103xb.o(RESET) refers to stm32f1xx_it.o(i.BusFault_Handler) for BusFault_Handler
    startup_stm32f103xb.o(RESET) refers to stm32f1xx_it.o(i.UsageFault_Handler) for UsageFault_Handler
    startup_stm32f103xb.o(RESET) refers to stm32f1xx_it.o(i.SVC_Handler) for SVC_Handler
    startup_stm32f103xb.o(RESET) refers to stm32f1xx_it.o(i.DebugMon_Handler) for DebugMon_Handler
    startup_stm32f103xb.o(RESET) refers to stm32f1xx_it.o(i.PendSV_Handler) for PendSV_Handler
    startup_stm32f103xb.o(RESET) refers to stm32f1xx_it.o(i.SysTick_Handler) for SysTick_Handler
    startup_stm32f103xb.o(RESET) refers to stm32f1xx_it.o(i.USB_LP_CAN1_RX0_IRQHandler) for USB_LP_CAN1_RX0_IRQHandler
    startup_stm32f103xb.o(RESET) refers to stm32f1xx_it.o(i.TIM3_IRQHandler) for TIM3_IRQHandler
    startup_stm32f103xb.o(RESET) refers to stm32f1xx_it.o(i.USART1_IRQHandler) for USART1_IRQHandler
    startup_stm32f103xb.o(RESET) refers to stm32f1xx_it.o(i.USART2_IRQHandler) for USART2_IRQHandler
    startup_stm32f103xb.o(RESET) refers to stm32f1xx_it.o(i.USART3_IRQHandler) for USART3_IRQHandler
    startup_stm32f103xb.o(.text) refers to system_stm32f1xx.o(i.SystemInit) for SystemInit
    startup_stm32f103xb.o(.text) refers to entry.o(.ARM.Collect$$$$00000000) for __main
    main.o(i.DeleteAllTemplateProcess) refers to finger.o(i.FPRN_DeleteAllTemplate) for FPRN_DeleteAllTemplate
    main.o(i.DeleteAllTemplateProcess) refers to memseta.o(.text) for __aeabi_memclr4
    main.o(i.DeleteAllTemplateProcess) refers to main.o(.data) for IdentifyFlag
    main.o(i.DeleteAllTemplateProcess) refers to main.o(.bss) for fromAndroid
    main.o(i.DeletetrHead) refers to main.o(i.SaveRingDetail) for SaveRingDetail
    main.o(i.DeletetrHead) refers to main.o(i.send) for send
    main.o(i.DeletetrHead) refers to main.o(.data) for trHead
    main.o(i.Error_Handler) refers to stm32f1xx_hal_cortex.o(i.HAL_NVIC_SystemReset) for HAL_NVIC_SystemReset
    main.o(i.GetCPUiD) refers to printf8.o(i.__0sprintf$8) for __2sprintf
    main.o(i.GetCPUiD) refers to main.o(i.send) for send
    main.o(i.GetPage) refers to stm32f1xx_hal.o(i.HAL_GetTick) for HAL_GetTick
    main.o(i.GetPage) refers to stm32f1xx_hal.o(i.HAL_Delay) for HAL_Delay
    main.o(i.GetPage) refers to main.o(i.Sendpacket) for Sendpacket
    main.o(i.GetPage) refers to main.o(.bss) for fromAndroid
    main.o(i.GetPage) refers to main.o(.data) for rxBufferHeadPos
    main.o(i.HAL_TIM_PeriodElapsedCallback) refers to softuart.o(i.SoftUartHandler) for SoftUartHandler
    main.o(i.IncTrHead) refers to main.o(i.send) for send
    main.o(i.IncTrHead) refers to main.o(.data) for trHead
    main.o(i.LoadFromDFToRam) refers to flash.o(i.SPI_Flash_Read) for SPI_Flash_Read
    main.o(i.LoadFromDFToRam) refers to main.o(.bss) for hiwdg
    main.o(i.LoadRecordsInfo) refers to main.o(i.LoadFromDFToRam) for LoadFromDFToRam
    main.o(i.LoadRecordsInfo) refers to ecard.o(i.BytesToInt) for BytesToInt
    main.o(i.LoadRecordsInfo) refers to main.o(i.SaveRingDetail) for SaveRingDetail
    main.o(i.LoadRecordsInfo) refers to main.o(.data) for trHead
    main.o(i.MX_GPIO_Init) refers to stm32f1xx_hal_gpio.o(i.HAL_GPIO_WritePin) for HAL_GPIO_WritePin
    main.o(i.MX_GPIO_Init) refers to stm32f1xx_hal_gpio.o(i.HAL_GPIO_Init) for HAL_GPIO_Init
    main.o(i.MX_IWDG_Init) refers to stm32f1xx_hal_iwdg.o(i.HAL_IWDG_Init) for HAL_IWDG_Init
    main.o(i.MX_IWDG_Init) refers to main.o(i.Error_Handler) for Error_Handler
    main.o(i.MX_IWDG_Init) refers to main.o(.bss) for hiwdg
    main.o(i.MX_RTC_Init) refers to stm32f1xx_hal_rtc.o(i.HAL_RTC_Init) for HAL_RTC_Init
    main.o(i.MX_RTC_Init) refers to main.o(i.Error_Handler) for Error_Handler
    main.o(i.MX_RTC_Init) refers to main.o(.bss) for hrtc
    main.o(i.MX_SPI1_Init) refers to stm32f1xx_hal_spi.o(i.HAL_SPI_Init) for HAL_SPI_Init
    main.o(i.MX_SPI1_Init) refers to main.o(i.Error_Handler) for Error_Handler
    main.o(i.MX_SPI1_Init) refers to main.o(.bss) for hspi1
    main.o(i.MX_SPI2_Init) refers to stm32f1xx_hal_spi.o(i.HAL_SPI_Init) for HAL_SPI_Init
    main.o(i.MX_SPI2_Init) refers to main.o(i.Error_Handler) for Error_Handler
    main.o(i.MX_SPI2_Init) refers to main.o(.bss) for hspi2
    main.o(i.MX_TIM3_Init) refers to stm32f1xx_hal_tim.o(i.HAL_TIM_Base_Init) for HAL_TIM_Base_Init
[...]
    _chval                                   0x08005b73   Thumb Code    28  _chval.o(.text)
    __decompress                             0x08005b8f   Thumb Code     0  __dczerorl2.o(.text)
    __decompress1                            0x08005b8f   Thumb Code    86  __dczerorl2.o(.text)
    AntennaOn                                0x08005be5   Thumb Code    18  stm32f1_rc522.o(i.AntennaOn)
    BusFault_Handler                         0x08005bf7   Thumb Code     4  stm32f1xx_it.o(i.BusFault_Handler)
    BytesToInt                               0x08005bfb   Thumb Code    48  ecard.o(i.BytesToInt)
    CDC_FlushRxBuffer_FS                     0x08005cc1   Thumb Code    30  usbd_cdc_if.o(i.CDC_FlushRxBuffer_FS)
    CDC_Transmit_FS                          0x08005d81   Thumb Code    50  usbd_cdc_if.o(i.CDC_Transmit_FS)
    CalulateCRC                              0x08005db9   Thumb Code   100  stm32f1_rc522.o(i.CalulateCRC)
    ClearBitMask                             0x08005e1d   Thumb Code    26  stm32f1_rc522.o(i.ClearBitMask)
    DebugMon_Handler                         0x08005e37   Thumb Code     2  stm32f1xx_it.o(i.DebugMon_Handler)
    DeleteAllTemplateProcess                 0x08005e39   Thumb Code    24  main.o(i.DeleteAllTemplateProcess)
    DeletetrHead                             0x08005e59   Thumb Code    24  main.o(i.DeletetrHead)
    Error_Handler                            0x08005e91   Thumb Code    10  main.o(i.Error_Handler)
    FLASH_PageErase                          0x08005ec5   Thumb Code    32  stm32f1xx_hal_flash_ex.o(i.FLASH_PageErase)
    FLASH_UNLOCK                             0x08005f91   Thumb Code    20  flash.o(i.FLASH_UNLOCK)
    FLASH_WaitForLastOperation               0x08005fa5   Thumb Code   106  stm32f1xx_hal_flash.o(i.FLASH_WaitForLastOperation)
    FPRNCancelCmd                            0x08006015   Thumb Code    68  finger.o(i.FPRNCancelCmd)
    FPRN_AddNewUser                          0x08006065   Thumb Code   886  finger.o(i.FPRN_AddNewUser)
    FPRN_CancelCmd                           0x0800651d   Thumb Code    20  finger.o(i.FPRN_CancelCmd)
    FPRN_DeleteAllTemplate                   0x08006539   Thumb Code   204  finger.o(i.FPRN_DeleteAllTemplate)
    FPRN_DeleteTemplate                      0x08006699   Thumb Code   140  finger.o(i.FPRN_DeleteTemplate)
    FPRN_GetEmptyID                          0x080067ad   Thumb Code   160  finger.o(i.FPRN_GetEmptyID)
    FPRN_GetTemplateByID                     0x0800689d   Thumb Code   666  finger.o(i.FPRN_GetTemplateByID)
    FPRN_Identify                            0x08006be5   Thumb Code   198  finger.o(i.FPRN_Identify)
    FPRN_Send_Command                        0x08006d11   Thumb Code   332  finger.o(i.FPRN_Send_Command)
    FPRN_Send_TemplateDataPacket             0x08006e5d   Thumb Code   264  finger.o(i.FPRN_Send_TemplateDataPacket)
    FPRN_WriteTemplateByID                   0x08006f65   Thumb Code   298  finger.o(i.FPRN_WriteTemplateByID)
    FP_SendSerialData                        0x0800719d   Thumb Code    18  finger.o(i.FP_SendSerialData)
    GetCPUiD                                 0x080071b5   Thumb Code    44  main.o(i.GetCPUiD)
    GetFrimware                              0x08007215   Thumb Code    98  finger.o(i.GetFrimware)
    GetPage                                  0x0800729d   Thumb Code   184  main.o(i.GetPage)
    HAL_DMA_Abort                            0x08007391   Thumb Code    86  stm32f1xx_hal_dma.o(i.HAL_DMA_Abort)
    HAL_DMA_Abort_IT                         0x080073e9   Thumb Code   172  stm32f1xx_hal_dma.o(i.HAL_DMA_Abort_IT)
    HAL_Delay                                0x08007499   Thumb Code    36  stm32f1xx_hal.o(i.HAL_Delay)
    HAL_FLASHEx_Erase                        0x080074c1   Thumb Code   168  stm32f1xx_hal_flash_ex.o(i.HAL_FLASHEx_Erase)
    HAL_FLASH_Lock                           0x08007571   Thumb Code    16  stm32f1xx_hal_flash.o(i.HAL_FLASH_Lock)
    HAL_FLASH_Program                        0x08007585   Thumb Code   168  stm32f1xx_hal_flash.o(i.HAL_FLASH_Program)
    HAL_FLASH_Unlock                         0x08007635   Thumb Code    36  stm32f1xx_hal_flash.o(i.HAL_FLASH_Unlock)
    HAL_GPIO_Init                            0x08007665   Thumb Code   766  stm32f1xx_hal_gpio.o(i.HAL_GPIO_Init)
    HAL_GPIO_ReadPin                         0x08007985   Thumb Code    16  stm32f1xx_hal_gpio.o(i.HAL_GPIO_ReadPin)
    HAL_GPIO_TogglePin                       0x08007995   Thumb Code    20  stm32f1xx_hal_gpio.o(i.HAL_GPIO_TogglePin)
    HAL_GPIO_WritePin                        0x080079a9   Thumb Code    12  stm32f1xx_hal_gpio.o(i.HAL_GPIO_WritePin)
    HAL_GetTick                              0x080079b5   Thumb Code     6  stm32f1xx_hal.o(i.HAL_GetTick)
    HAL_IWDG_Init                            0x080079c1   Thumb Code    94  stm32f1xx_hal_iwdg.o(i.HAL_IWDG_Init)
    HAL_IncTick                              0x08007a21   Thumb Code    16  stm32f1xx_hal.o(i.HAL_IncTick)
    HAL_Init                                 0x08007a39   Thumb Code    34  stm32f1xx_hal.o(i.HAL_Init)
    HAL_InitTick                             0x08007a61   Thumb Code    64  stm32f1xx_hal.o(i.HAL_InitTick)
    HAL_MspInit                              0x08007aad   Thumb Code    76  stm32f1xx_hal_msp.o(i.HAL_MspInit)
    HAL_NVIC_EnableIRQ                       0x08007b01   Thumb Code    32  stm32f1xx_hal_cortex.o(i.HAL_NVIC_EnableIRQ)
    HAL_NVIC_SetPriority                     0x08007b21   Thumb Code   124  stm32f1xx_hal_cortex.o(i.HAL_NVIC_SetPriority)
    HAL_NVIC_SetPriorityGrouping             0x08007b9d   Thumb Code    32  stm32f1xx_hal_cortex.o(i.HAL_NVIC_SetPriorityGrouping)
    HAL_NVIC_SystemReset                     0x08007bc5   Thumb Code    60  stm32f1xx_hal_cortex.o(i.HAL_NVIC_SystemReset)
    HAL_PCDEx_PMAConfig                      0x08007c09   Thumb Code    68  stm32f1xx_hal_pcd_ex.o(i.HAL_PCDEx_PMAConfig)
    HAL_PCDEx_SetConnectionState             0x08007c4d   Thumb Code     2  usbd_conf.o(i.HAL_PCDEx_SetConnectionState)
    HAL_PCD_DataInStageCallback              0x08007c4f   Thumb Code    32  usbd_conf.o(i.HAL_PCD_DataInStageCallback)
    HAL_PCD_DataOutStageCallback             0x08007c6f   Thumb Code    32  usbd_conf.o(i.HAL_PCD_DataOutStageCallback)
    HAL_PCD_EP_Close                         0x08007c8f   Thumb Code   106  stm32f1xx_hal_pcd.o(i.HAL_PCD_EP_Close)
    HAL_PCD_EP_ClrStall                      0x08007cf9   Thumb Code   124  stm32f1xx_hal_pcd.o(i.HAL_PCD_EP_ClrStall)
    HAL_PCD_EP_GetRxCount                    0x080083f5   Thumb Code    22  stm32f1xx_hal_pcd.o(i.HAL_PCD_EP_GetRxCount)
    HAL_PCD_EP_Open                          0x0800840b   Thumb Code   140  stm32f1xx_hal_pcd.o(i.HAL_PCD_EP_Open)
    HAL_PCD_EP_Receive                       0x08008497   Thumb Code    76  stm32f1xx_hal_pcd.o(i.HAL_PCD_EP_Receive)
    HAL_PCD_EP_SetStall                      0x080084e3   Thumb Code   136  stm32f1xx_hal_pcd.o(i.HAL_PCD_EP_SetStall)
    HAL_PCD_EP_Transmit                      0x0800856b   Thumb Code    86  stm32f1xx_hal_pcd.o(i.HAL_PCD_EP_Transmit)
    HAL_PCD_IRQHandler                       0x080085c1   Thumb Code   482  stm32f1xx_hal_pcd.o(i.HAL_PCD_IRQHandler)
    HAL_PCD_Init                             0x080087a3   Thumb Code   344  stm32f1xx_hal_pcd.o(i.HAL_PCD_Init)
    HAL_PCD_MspInit                          0x080088fd   Thumb Code    58  usbd_conf.o(i.HAL_PCD_MspInit)
    HAL_PCD_ResetCallback                    0x08008941   Thumb Code    36  usbd_conf.o(i.HAL_PCD_ResetCallback)
    HAL_PCD_ResumeCallback                   0x08008965   Thumb Code    14  usbd_conf.o(i.HAL_PCD_ResumeCallback)
    HAL_PCD_SOFCallback                      0x08008973   Thumb Code    14  usbd_conf.o(i.HAL_PCD_SOFCallback)
    HAL_PCD_SetAddress                       0x08008981   Thumb Code    54  stm32f1xx_hal_pcd.o(i.HAL_PCD_SetAddress)
    HAL_PCD_SetupStageCallback               0x080089b7   Thumb Code    18  usbd_conf.o(i.HAL_PCD_SetupStageCallback)
    HAL_PCD_Start                            0x080089c9   Thumb Code    60  stm32f1xx_hal_pcd.o(i.HAL_PCD_Start)
    HAL_PCD_SuspendCallback                  0x08008a05   Thumb Code    30  usbd_conf.o(i.HAL_PCD_SuspendCallback)
    HAL_PWR_EnableBkUpAccess                 0x08008a29   Thumb Code     8  stm32f1xx_hal_pwr.o(i.HAL_PWR_EnableBkUpAccess)
    HAL_RCCEx_GetPeriphCLKFreq               0x08008a35   Thumb Code   248  stm32f1xx_hal_rcc_ex.o(i.HAL_RCCEx_GetPeriphCLKFreq)
    HAL_RCCEx_PeriphCLKConfig                0x08008b4d   Thumb Code   290  stm32f1xx_hal_rcc_ex.o(i.HAL_RCCEx_PeriphCLKConfig)
    HAL_RCC_CSSCallback                      0x08008c7d   Thumb Code     2  stm32f1xx_hal_rcc.o(i.HAL_RCC_CSSCallback)
    HAL_RCC_ClockConfig                      0x08008c81   Thumb Code   376  stm32f1xx_hal_rcc.o(i.HAL_RCC_ClockConfig)
    HAL_RCC_EnableCSS                        0x08008e0d   Thumb Code     8  stm32f1xx_hal_rcc.o(i.HAL_RCC_EnableCSS)
    HAL_RCC_GetHCLKFreq                      0x08008e19   Thumb Code     6  stm32f1xx_hal_rcc.o(i.HAL_RCC_GetHCLKFreq)
    HAL_RCC_GetPCLK1Freq                     0x08008e25   Thumb Code    22  stm32f1xx_hal_rcc.o(i.HAL_RCC_GetPCLK1Freq)
    HAL_RCC_GetPCLK2Freq                     0x08008e45   Thumb Code    22  stm32f1xx_hal_rcc.o(i.HAL_RCC_GetPCLK2Freq)
    HAL_RCC_GetSysClockFreq                  0x08008e65   Thumb Code   116  stm32f1xx_hal_rcc.o(i.HAL_RCC_GetSysClockFreq)
    HAL_RCC_NMI_IRQHandler                   0x08008ef9   Thumb Code    26  stm32f1xx_hal_rcc.o(i.HAL_RCC_NMI_IRQHandler)
    HAL_RCC_OscConfig                        0x08008f19   Thumb Code  1114  stm32f1xx_hal_rcc.o(i.HAL_RCC_OscConfig)
    HAL_RTC_GetDate                          0x0800937d   Thumb Code   176  stm32f1xx_hal_rtc.o(i.HAL_RTC_GetDate)
    HAL_RTC_GetTime                          0x08009439   Thumb Code   128  stm32f1xx_hal_rtc.o(i.HAL_RTC_GetTime)
    HAL_RTC_Init                             0x080094b9   Thumb Code   202  stm32f1xx_hal_rtc.o(i.HAL_RTC_Init)
    HAL_RTC_MspInit                          0x08009589   Thumb Code    52  stm32f1xx_hal_msp.o(i.HAL_RTC_MspInit)
    HAL_RTC_SetDate                          0x080095c9   Thumb Code   324  stm32f1xx_hal_rtc.o(i.HAL_RTC_SetDate)
    HAL_RTC_SetTime                          0x08009725   Thumb Code   194  stm32f1xx_hal_rtc.o(i.HAL_RTC_SetTime)
    HAL_RTC_WaitForSynchro                   0x080097e7   Thumb Code    64  stm32f1xx_hal_rtc.o(i.HAL_RTC_WaitForSynchro)
    HAL_SPI_Init                             0x08009827   Thumb Code   190  stm32f1xx_hal_spi.o(i.HAL_SPI_Init)
    HAL_SPI_MspInit                          0x080098e5   Thumb Code   224  stm32f1xx_hal_msp.o(i.HAL_SPI_MspInit)
    HAL_SPI_Transmit                         0x080099d9   Thumb Code   430  stm32f1xx_hal_spi.o(i.HAL_SPI_Transmit)
    HAL_SPI_TransmitReceive                  0x08009b87   Thumb Code   554  stm32f1xx_hal_spi.o(i.HAL_SPI_TransmitReceive)
    HAL_SYSTICK_Config                       0x08009db1   Thumb Code    52  stm32f1xx_hal_cortex.o(i.HAL_SYSTICK_Config)
    HAL_TIMEx_BreakCallback                  0x08009de5   Thumb Code     2  stm32f1xx_hal_tim_ex.o(i.HAL_TIMEx_BreakCallback)
    HAL_TIMEx_CommutCallback                 0x08009de7   Thumb Code     2  stm32f1xx_hal_tim_ex.o(i.HAL_TIMEx_CommutCallback)
    HAL_TIMEx_MasterConfigSynchronization    0x08009de9   Thumb Code   118  stm32f1xx_hal_tim_ex.o(i.HAL_TIMEx_MasterConfigSynchronization)
    HAL_TIM_Base_Init                        0x08009e6d   Thumb Code   102  stm32f1xx_hal_tim.o(i.HAL_TIM_Base_Init)
    HAL_TIM_Base_MspInit                     0x08009ed5   Thumb Code   150  stm32f1xx_hal_msp.o(i.HAL_TIM_Base_MspInit)
    HAL_TIM_Base_Start                       0x08009f79   Thumb Code    94  stm32f1xx_hal_tim.o(i.HAL_TIM_Base_Start)
    HAL_TIM_ConfigClockSource                0x08009fe5   Thumb Code   264  stm32f1xx_hal_tim.o(i.HAL_TIM_ConfigClockSource)
    HAL_TIM_IC_CaptureCallback               0x0800a0ed   Thumb Code     2  stm32f1xx_hal_tim.o(i.HAL_TIM_IC_CaptureCallback)
    HAL_TIM_IRQHandler                       0x0800a0ef   Thumb Code   406  stm32f1xx_hal_tim.o(i.HAL_TIM_IRQHandler)
    HAL_TIM_OC_DelayElapsedCallback          0x0800a285   Thumb Code     2  stm32f1xx_hal_tim.o(i.HAL_TIM_OC_DelayElapsedCallback)
    HAL_TIM_PWM_PulseFinishedCallback        0x0800a287   Thumb Code     2  stm32f1xx_hal_tim.o(i.HAL_TIM_PWM_PulseFinishedCallback)
    HAL_TIM_PeriodElapsedCallback            0x0800a289   Thumb Code    18  main.o(i.HAL_TIM_PeriodElapsedCallback)
    HAL_TIM_TriggerCallback                  0x0800a2a1   Thumb Code     2  stm32f1xx_hal_tim.o(i.HAL_TIM_TriggerCallback)
    HAL_UARTEx_RxEventCallback               0x0800a2a3   Thumb Code     2  stm32f1xx_hal_uart.o(i.HAL_UARTEx_RxEventCallback)
    HAL_UART_ErrorCallback                   0x0800a2a5   Thumb Code     2  stm32f1xx_hal_uart.o(i.HAL_UART_ErrorCallback)
    HAL_UART_IRQHandler                      0x0800a2a9   Thumb Code   582  stm32f1xx_hal_uart.o(i.HAL_UART_IRQHandler)
    HAL_UART_Init                            0x0800a4f5   Thumb Code   114  stm32f1xx_hal_uart.o(i.HAL_UART_Init)
    HAL_UART_MspInit                         0x0800a569   Thumb Code   392  stm32f1xx_hal_msp.o(i.HAL_UART_MspInit)
    HAL_UART_RxCpltCallback                  0x0800a70d   Thumb Code     2  stm32f1xx_hal_uart.o(i.HAL_UART_RxCpltCallback)
    HAL_UART_Transmit                        0x0800a70f   Thumb Code   210  stm32f1xx_hal_uart.o(i.HAL_UART_Transmit)
    HAL_UART_TxCpltCallback                  0x0800a7e1   Thumb Code     2  stm32f1xx_hal_uart.o(i.HAL_UART_TxCpltCallback)
    HardFault_Handler                        0x0800a7e5   Thumb Code    10  stm32f1xx_it.o(i.HardFault_Handler)
    ISO14443_LoginE2                         0x0800a80d   Thumb Code   170  iso14443ab.o(i.ISO14443_LoginE2)
    ISO14443_ReadBlock                       0x0800a8c1   Thumb Code    16  iso14443ab.o(i.ISO14443_ReadBlock)
    ISO14443_SingleTagSelect                 0x0800a8d1   Thumb Code    90  iso14443ab.o(i.ISO14443_SingleTagSelect)
    IntToBytes                               0x0800a931   Thumb Code    16  ecard.o(i.IntToBytes)
    LoadFromDFToRam                          0x0800a981   Thumb Code    30  main.o(i.LoadFromDFToRam)
    LoadRecordsInfo                          0x0800a9a5   Thumb Code   136  main.o(i.LoadRecordsInfo)
    MFRC522_Anticoll                         0x0800aa35   Thumb Code    74  stm32f1_rc522.o(i.MFRC522_Anticoll)
    MFRC522_Auth                             0x0800aa7f   Thumb Code   110  stm32f1_rc522.o(i.MFRC522_Auth)
    MFRC522_Check                            0x0800aaed   Thumb Code    36  stm32f1_rc522.o(i.MFRC522_Check)
    MFRC522_Init                             0x0800ab11   Thumb Code   102  stm32f1_rc522.o(i.MFRC522_Init)
    MFRC522_Read                             0x0800ab81   Thumb Code    54  stm32f1_rc522.o(i.MFRC522_Read)
    MFRC522_Request                          0x0800abb7   Thumb Code    48  stm32f1_rc522.o(i.MFRC522_Request)
    MFRC522_Reset                            0x0800abe7   Thumb Code    12  stm32f1_rc522.o(i.MFRC522_Reset)
    MFRC522_SelectTag                        0x0800abf3   Thumb Code    90  stm32f1_rc522.o(i.MFRC522_SelectTag)
    MFRC522_ToCard                           0x0800ac4d   Thumb Code   290  stm32f1_rc522.o(i.MFRC522_ToCard)
    MX_USB_DEVICE_Init                       0x0800b0b1   Thumb Code   114  usb_device.o(i.MX_USB_DEVICE_Init)
    MemManage_Handler                        0x0800b139   Thumb Code     4  stm32f1xx_it.o(i.MemManage_Handler)
    NMI_Handler                              0x0800b13d   Thumb Code     8  stm32f1xx_it.o(i.NMI_Handler)
    PendSV_Handler                           0x0800b537   Thumb Code     2  stm32f1xx_it.o(i.PendSV_Handler)
    RC522_SPI_Transfer                       0x0800b539   Thumb Code    26  stm32f1_rc522.o(i.RC522_SPI_Transfer)
    Read_MFRC522                             0x0800b6f1   Thumb Code    50  stm32f1_rc522.o(i.Read_MFRC522)
    SPI_FLASH_Write_Enable                   0x0800b751   Thumb Code    46  flash.o(i.SPI_FLASH_Write_Enable)
    SPI_FLASH_Write_SR                       0x0800b78d   Thumb Code    60  flash.o(i.SPI_FLASH_Write_SR)
    SPI_Flash_Erase_Sector                   0x0800b7d5   Thumb Code   114  flash.o(i.SPI_Flash_Erase_Sector)
    SPI_Flash_Read                           0x0800b855   Thumb Code   154  flash.o(i.SPI_Flash_Read)
    SPI_Flash_ReadID                         0x0800b8fd   Thumb Code   158  flash.o(i.SPI_Flash_ReadID)
    SPI_Flash_ReadSR                         0x0800b9a9   Thumb Code    76  flash.o(i.SPI_Flash_ReadSR)
    SPI_Flash_Wait_Busy                      0x0800ba01   Thumb Code    30  flash.o(i.SPI_Flash_Wait_Busy)
    SPI_Flash_Write                          0x0800ba25   Thumb Code   268  flash.o(i.SPI_Flash_Write)
    SPI_Flash_Write2                         0x0800bb39   Thumb Code   238  flash.o(i.SPI_Flash_Write2)
    SPI_Flash_Write_NoCheck                  0x0800bc2d   Thumb Code    80  flash.o(i.SPI_Flash_Write_NoCheck)
    SPI_Flash_Write_Page                     0x0800bc81   Thumb Code   146  flash.o(i.SPI_Flash_Write_Page)
    SVC_Handler                              0x0800bdf9   Thumb Code     2  stm32f1xx_it.o(i.SVC_Handler)
    SaveFromRamToDF                          0x0800bdfd   Thumb Code    32  main.o(i.SaveFromRamToDF)
    SaveRingDetail                           0x0800be21   Thumb Code   108  main.o(i.SaveRingDetail)
    Sendpacket                               0x0800be99   Thumb Code    80  main.o(i.Sendpacket)
    SetBitMask                               0x0800bf01   Thumb Code    26  stm32f1_rc522.o(i.SetBitMask)
    SoftUartGpioReadPin                      0x0800bf1b   Thumb Code    16  softuart.o(i.SoftUartGpioReadPin)
    SoftUartGpioWritePin                     0x0800bf2b   Thumb Code    20  softuart.o(i.SoftUartGpioWritePin)
    SoftUartHandler                          0x0800bf41   Thumb Code   102  softuart.o(i.SoftUartHandler)
    SoftUartRxDataBitProcess                 0x0800bfb1   Thumb Code   116  softuart.o(i.SoftUartRxDataBitProcess)
    SoftUartScanRxPorts                      0x0800c025   Thumb Code   106  softuart.o(i.SoftUartScanRxPorts)
    SoftUartTransmitBit                      0x0800c099   Thumb Code    18  softuart.o(i.SoftUartTransmitBit)
    SoftUartTxProcess                        0x0800c0ab   Thumb Code   140  softuart.o(i.SoftUartTxProcess)
    SysTick_Handler                          0x0800c139   Thumb Code    18  stm32f1xx_it.o(i.SysTick_Handler)
    SystemClock_Config                       0x0800c151   Thumb Code   148  main.o(i.SystemClock_Config)
    SystemInit                               0x0800c1e5   Thumb Code     8  system_stm32f1xx.o(i.SystemInit)
    TIM3_IRQHandler                          0x0800c1f5   Thumb Code    16  stm32f1xx_it.o(i.TIM3_IRQHandler)
    TIM_Base_SetConfig                       0x0800c209   Thumb Code   104  stm32f1xx_hal_tim.o(i.TIM_Base_SetConfig)
    TIM_ETR_SetConfig                        0x0800c27d   Thumb Code    22  stm32f1xx_hal_tim.o(i.TIM_ETR_SetConfig)
    USART1_IRQHandler                        0x0800c609   Thumb Code    10  stm32f1xx_it.o(i.USART1_IRQHandler)
    USART2_IRQHandler                        0x0800c619   Thumb Code    64  stm32f1xx_it.o(i.USART2_IRQHandler)
    USART3_IRQHandler                        0x0800c671   Thumb Code    60  stm32f1xx_it.o(i.USART3_IRQHandler)
    USBD_CDC_GetDeviceQualifierDescriptor    0x0800c7ed   Thumb Code    10  usbd_cdc.o(i.USBD_CDC_GetDeviceQualifierDescriptor)
    USBD_CDC_ReceivePacket                   0x0800c8e5   Thumb Code    58  usbd_cdc.o(i.USBD_CDC_ReceivePacket)
    USBD_CDC_RegisterInterface               0x0800c91f   Thumb Code    14  usbd_cdc.o(i.USBD_CDC_RegisterInterface)
    USBD_CDC_SetRxBuffer                     0x0800c92d   Thumb Code    14  usbd_cdc.o(i.USBD_CDC_SetRxBuffer)
    USBD_CDC_SetTxBuffer                     0x0800c93b   Thumb Code    20  usbd_cdc.o(i.USBD_CDC_SetTxBuffer)
    USBD_CDC_TransmitPacket                  0x0800ca43   Thumb Code    62  usbd_cdc.o(i.USBD_CDC_TransmitPacket)
    USBD_ClrClassConfig                      0x0800ca81   Thumb Code    22  usbd_core.o(i.USBD_ClrClassConfig)
    USBD_CtlContinueRx                       0x0800cad5   Thumb Code    24  usbd_ioreq.o(i.USBD_CtlContinueRx)
    USBD_CtlContinueSendData                 0x0800caed   Thumb Code    24  usbd_ioreq.o(i.USBD_CtlContinueSendData)
    USBD_CtlError                            0x0800cb05   Thumb Code    24  usbd_ctlreq.o(i.USBD_CtlError)
    USBD_CtlPrepareRx                        0x0800cb1d   Thumb Code    40  usbd_ioreq.o(i.USBD_CtlPrepareRx)
    USBD_CtlReceiveStatus                    0x0800cb45   Thumb Code    26  usbd_ioreq.o(i.USBD_CtlReceiveStatus)
    USBD_CtlSendData                         0x0800cb5f   Thumb Code    34  usbd_ioreq.o(i.USBD_CtlSendData)
    USBD_CtlSendStatus                       0x0800cb81   Thumb Code    26  usbd_ioreq.o(i.USBD_CtlSendStatus)
    USBD_FS_ConfigStrDescriptor              0x0800cb9d   Thumb Code    34  usbd_desc.o(i.USBD_FS_ConfigStrDescriptor)
    USBD_FS_DeviceDescriptor                 0x0800cbd1   Thumb Code    10  usbd_desc.o(i.USBD_FS_DeviceDescriptor)
    USBD_FS_InterfaceStrDescriptor           0x0800cbe1   Thumb Code    34  usbd_desc.o(i.USBD_FS_InterfaceStrDescriptor)
    USBD_FS_LangIDStrDescriptor              0x0800cc19   Thumb Code    10  usbd_desc.o(i.USBD_FS_LangIDStrDescriptor)
    USBD_FS_ManufacturerStrDescriptor        0x0800cc29   Thumb Code    20  usbd_desc.o(i.USBD_FS_ManufacturerStrDescriptor)
    USBD_FS_ProductStrDescriptor             0x0800cc4d   Thumb Code    34  usbd_desc.o(i.USBD_FS_ProductStrDescriptor)
    USBD_FS_SerialStrDescriptor              0x0800cc85   Thumb Code    18  usbd_desc.o(i.USBD_FS_SerialStrDescriptor)
    USBD_GetString                           0x0800cf55   Thumb Code    82  usbd_ctlreq.o(i.USBD_GetString)
    USBD_Init                                0x0800cfd3   Thumb Code    50  usbd_core.o(i.USBD_Init)
    USBD_LL_ClearStallEP                     0x0800d005   Thumb Code    38  usbd_conf.o(i.USBD_LL_ClearStallEP)
    USBD_LL_CloseEP                          0x0800d02b   Thumb Code    38  usbd_conf.o(i.USBD_LL_CloseEP)
    USBD_LL_DataInStage                      0x0800d051   Thumb Code   256  usbd_core.o(i.USBD_LL_DataInStage)
    USBD_LL_DataOutStage                     0x0800d151   Thumb Code   166  usbd_core.o(i.USBD_LL_DataOutStage)
    USBD_LL_GetRxDataSize                    0x0800d1f7   Thumb Code    18  usbd_conf.o(i.USBD_LL_GetRxDataSize)
    USBD_LL_Init                             0x0800d209   Thumb Code   124  usbd_conf.o(i.USBD_LL_Init)
    USBD_LL_IsStallEP                        0x0800d28d   Thumb Code    56  usbd_conf.o(i.USBD_LL_IsStallEP)
    USBD_LL_OpenEP                           0x0800d2c5   Thumb Code    48  usbd_conf.o(i.USBD_LL_OpenEP)
    USBD_LL_PrepareReceive                   0x0800d2f5   Thumb Code    48  usbd_conf.o(i.USBD_LL_PrepareReceive)
    USBD_LL_Reset                            0x0800d325   Thumb Code    92  usbd_core.o(i.USBD_LL_Reset)
    USBD_LL_Resume                           0x0800d381   Thumb Code    22  usbd_core.o(i.USBD_LL_Resume)
    USBD_LL_SOF                              0x0800d397   Thumb Code    34  usbd_core.o(i.USBD_LL_SOF)
    USBD_LL_SetSpeed                         0x0800d3b9   Thumb Code     8  usbd_core.o(i.USBD_LL_SetSpeed)
    USBD_LL_SetUSBAddress                    0x0800d3c1   Thumb Code    38  usbd_conf.o(i.USBD_LL_SetUSBAddress)
    USBD_LL_SetupStage                       0x0800d3e7   Thumb Code   110  usbd_core.o(i.USBD_LL_SetupStage)
    USBD_LL_StallEP                          0x0800d455   Thumb Code    38  usbd_conf.o(i.USBD_LL_StallEP)
    USBD_LL_Start                            0x0800d47b   Thumb Code    30  usbd_conf.o(i.USBD_LL_Start)
    USBD_LL_Suspend                          0x0800d499   Thumb Code    20  usbd_core.o(i.USBD_LL_Suspend)
    USBD_LL_Transmit                         0x0800d4ad   Thumb Code    48  usbd_conf.o(i.USBD_LL_Transmit)
    USBD_ParseSetupRequest                   0x0800d4dd   Thumb Code    40  usbd_ctlreq.o(i.USBD_ParseSetupRequest)
    USBD_RegisterClass                       0x0800d505   Thumb Code    16  usbd_core.o(i.USBD_RegisterClass)
    USBD_RunTestMode                         0x0800d515   Thumb Code     6  usbd_core.o(i.USBD_RunTestMode)
    USBD_SetClassConfig                      0x0800d575   Thumb Code    34  usbd_core.o(i.USBD_SetClassConfig)
    USBD_Start                               0x0800d699   Thumb Code    14  usbd_core.o(i.USBD_Start)
    USBD_StdDevReq                           0x0800d6a7   Thumb Code   162  usbd_ctlreq.o(i.USBD_StdDevReq)
    USBD_StdEPReq                            0x0800d749   Thumb Code   568  usbd_ctlreq.o(i.USBD_StdEPReq)
    USBD_StdItfReq                           0x0800d981   Thumb Code   126  usbd_ctlreq.o(i.USBD_StdItfReq)
    USBD_static_free                         0x0800d9ff   Thumb Code     2  usbd_conf.o(i.USBD_static_free)
    USBD_static_malloc                       0x0800da01   Thumb Code     6  usbd_conf.o(i.USBD_static_malloc)
    USB_ActivateEndpoint                     0x0800da0d   Thumb Code  1100  stm32f1xx_ll_usb.o(i.USB_ActivateEndpoint)
    USB_CoreInit                             0x0800de59   Thumb Code     8  stm32f1xx_ll_usb.o(i.USB_CoreInit)
    USB_DeactivateEndpoint                   0x0800de61   Thumb Code   636  stm32f1xx_ll_usb.o(i.USB_DeactivateEndpoint)
    USB_DevConnect                           0x0800e0dd   Thumb Code     6  stm32f1xx_ll_usb.o(i.USB_DevConnect)
    USB_DevDisconnect                        0x0800e0e3   Thumb Code     6  stm32f1xx_ll_usb.o(i.USB_DevDisconnect)
    USB_DevInit                              0x0800e0e9   Thumb Code    22  stm32f1xx_ll_usb.o(i.USB_DevInit)
    USB_DisableGlobalInt                     0x0800e0ff   Thumb Code    20  stm32f1xx_ll_usb.o(i.USB_DisableGlobalInt)
    USB_EP0_OutStart                         0x0800e113   Thumb Code     6  stm32f1xx_ll_usb.o(i.USB_EP0_OutStart)
    USB_EPClearStall                         0x0800e119   Thumb Code   218  stm32f1xx_ll_usb.o(i.USB_EPClearStall)
    USB_EPSetStall                           0x0800e1f3   Thumb Code    92  stm32f1xx_ll_usb.o(i.USB_EPSetStall)
    USB_EPStartXfer                          0x0800e24f   Thumb Code  2954  stm32f1xx_ll_usb.o(i.USB_EPStartXfer)
    USB_EnableGlobalInt                      0x0800edd9   Thumb Code    18  stm32f1xx_ll_usb.o(i.USB_EnableGlobalInt)
    USB_LP_CAN1_RX0_IRQHandler               0x0800eded   Thumb Code    10  stm32f1xx_it.o(i.USB_LP_CAN1_RX0_IRQHandler)
    USB_ReadInterrupts                       0x0800edfd   Thumb Code     8  stm32f1xx_ll_usb.o(i.USB_ReadInterrupts)
    USB_ReadPMA                              0x0800ee05   Thumb Code    74  stm32f1xx_ll_usb.o(i.USB_ReadPMA)
    USB_SetCurrentMode                       0x0800ee4f   Thumb Code     6  stm32f1xx_ll_usb.o(i.USB_SetCurrentMode)
    USB_SetDevAddress                        0x0800ee55   Thumb Code    14  stm32f1xx_ll_usb.o(i.USB_SetDevAddress)
    USB_WritePMA                             0x0800ee63   Thumb Code    66  stm32f1xx_ll_usb.o(i.USB_WritePMA)
    UsageFault_Handler                       0x0800eea5   Thumb Code     4  stm32f1xx_it.o(i.UsageFault_Handler)
    Write_MFRC522                            0x0800eea9   Thumb Code    44  stm32f1_rc522.o(i.Write_MFRC522)
    __0printf$8                              0x0800eed9   Thumb Code    22  printf8.o(i.__0printf$8)
    __1printf$8                              0x0800eed9   Thumb Code     0  printf8.o(i.__0printf$8)
    __2printf                                0x0800eed9   Thumb Code     0  printf8.o(i.__0printf$8)
    __0sprintf$8                             0x0800eef9   Thumb Code    34  printf8.o(i.__0sprintf$8)
    __1sprintf$8                             0x0800eef9   Thumb Code     0  printf8.o(i.__0sprintf$8)
    __2sprintf                               0x0800eef9   Thumb Code     0  printf8.o(i.__0sprintf$8)
    __aeabi_errno_addr                       0x0800ef59   Thumb Code     4  errno.o(i.__aeabi_errno_addr)
    __rt_errno_addr                          0x0800ef59   Thumb Code     0  errno.o(i.__aeabi_errno_addr)
    __scatterload_copy                       0x0800ef61   Thumb Code    14  handlers.o(i.__scatterload_copy)
    __scatterload_null                       0x0800ef6f   Thumb Code     2  handlers.o(i.__scatterload_null)
    __scatterload_zeroinit                   0x0800ef71   Thumb Code    14  handlers.o(i.__scatterload_zeroinit)
    cancelProcess                            0x0800f3ed   Thumb Code    30  main.o(i.cancelProcess)
    check_for_leap_year                      0x0800f445   Thumb Code    50  stm32f1xx_hal_rtc.o(i.check_for_leap_year)
    configBaudRate                           0x0800f479   Thumb Code   300  main.o(i.configBaudRate)
    deleteTemplateProcess                    0x0800f60d   Thumb Code   122  main.o(i.deleteTemplateProcess)
    ee_format                                0x0800f6b5   Thumb Code    76  ee.o(i.ee_format)
    ee_init                                  0x0800f709   Thumb Code    14  ee.o(i.ee_init)
    ee_read                                  0x0800f719   Thumb Code    60  ee.o(i.ee_read)
    ee_write                                 0x0800f75d   Thumb Code    90  ee.o(i.ee_write)
    enrollProcess                            0x0800f7bd   Thumb Code   142  main.o(i.enrollProcess)
    fputc                                    0x0800f881   Thumb Code    22  main.o(i.fputc)
    getResponse                              0x0800f899   Thumb Code   194  finger.o(i.getResponse)
    getTimeDate                              0x0800f969   Thumb Code   100  main.o(i.getTimeDate)
    identifyOffProcess                       0x0800fa1d   Thumb Code    30  main.o(i.identifyOffProcess)
    identifyProcess                          0x0800fa7d   Thumb Code    32  main.o(i.identifyProcess)
    ledBlik                                  0x0800fad9   Thumb Code    64  main.o(i.ledBlik)
    loadTransactionRecord                    0x0800fb1d   Thumb Code   208  main.o(i.loadTransactionRecord)
    main                                     0x0800fc65   Thumb Code  2114  main.o(i.main)
    mainUpdateProccess                       0x08010515   Thumb Code   306  main.o(i.mainUpdateProccess)
    reSendLastTransaction                    0x080106d9   Thumb Code   142  main.o(i.reSendLastTransaction)
    readTempalteProcess                      0x0801078d   Thumb Code   100  main.o(i.readTempalteProcess)
    relayState                               0x08010819   Thumb Code   188  main.o(i.relayState)
    send                                     0x080109a1   Thumb Code    50  main.o(i.send)
    sendVersion                              0x080109d9   Thumb Code   186  main.o(i.sendVersion)
    serialSendCheck                          0x08010b79   Thumb Code    50  main.o(i.serialSendCheck)
    setTimeDate                              0x08010c25   Thumb Code   178  main.o(i.setTimeDate)
    tabletOff                                0x08010d55   Thumb Code    30  main.o(i.tabletOff)
    tabletOn                                 0x08010d99   Thumb Code    28  main.o(i.tabletOn)
    testConnection                           0x08010dd9   Thumb Code    96  finger.o(i.testConnection)
    trHeadSend                               0x08010e99   Thumb Code    44  main.o(i.trHeadSend)
    updateFirmware                           0x08010eed   Thumb Code   172  main.o(i.updateFirmware)
    KeyTable                                 0x08011068   Data         256  main.o(.constdata)
    month_table                              0x08011168   Data          12  stm32f1xx_hal_rtc.o(.constdata)
    AHBPrescTable                            0x08011174   Data          16  system_stm32f1xx.o(.constdata)
    APBPrescTable                            0x08011184   Data           8  system_stm32f1xx.o(.constdata)
    __ctype_table                            0x08011244   Data         129  ctype_o.o(.constdata)
    Region$$Table$$Base                      0x08011398   Number         0  anon$$obj.o(Region$$Table)
    Region$$Table$$Limit                     0x080113b8   Number         0  anon$$obj.o(Region$$Table)
    trHead                                   0x20000000   Data           4  main.o(.data)
    trTail                                   0x20000004   Data           4  main.o(.data)
    serialConnect                            0x20000008   Data           1  main.o(.data)
    serialConnectWithTab                     0x20000009   Data           1  main.o(.data)
    resetSystem                              0x2000000a   Data           1  main.o(.data)
    reset_cause                              0x2000000b   Data           1  main.o(.data)
    idFR                                     0x2000000c   Data           4  main.o(.data)
    enrollFlag                               0x20000010   Data           1  main.o(.data)
    deleteTemplateFlag                       0x20000011   Data           1  main.o(.data)
    IdentifyFreeFlag                         0x20000012   Data           1  main.o(.data)
    readTemplateFlag                         0x20000013   Data           1  main.o(.data)
    fingerITflag                             0x20000014   Data           1  main.o(.data)
    rxBufferHeadPos                          0x20000016   Data           2  main.o(.data)
    rxBufferTailPos                          0x20000018   Data           2  main.o(.data)
    rxITForFinger                            0x2000001a   Data           1  main.o(.data)
    IdentifyFlag                             0x2000001b   Data           1  main.o(.data)
    memID                                    0x2000001c   Data           2  main.o(.data)
    flag                                     0x2000001e   Data           1  main.o(.data)
    state                                    0x2000001f   Data           1  main.o(.data)
    CDCReceiveLen                            0x20000020   Data           4  main.o(.data)
    crc                                      0x20000024   Data           2  main.o(.data)
    bufferLen                                0x20000028   Data           4  main.o(.data)
    type                                     0x2000002c   Data           4  main.o(.data)
    payMent                                  0x20000030   Data           4  main.o(.data)
    lastDevice                               0x20000034   Data           4  main.o(.data)
    MINEtebar                                0x20000038   Data           4  main.o(.data)
    MAXEtebar                                0x2000003c   Data           4  main.o(.data)
    deviceID                                 0x20000040   Data           4  main.o(.data)
    etebar                                   0x20000044   Data           4  main.o(.data)
    Hetebar                                  0x20000048   Data           4  main.o(.data)
    preetebar                                0x2000004c   Data           4  main.o(.data)
    LastoP                                   0x20000050   Data           1  main.o(.data)
    oPIndex                                  0x20000051   Data           1  main.o(.data)
    Month                                    0x20000052   Data           1  main.o(.data)
    Day                                      0x20000053   Data           1  main.o(.data)
    Hour                                     0x20000054   Data           1  main.o(.data)
    Min                                      0x20000055   Data           1  main.o(.data)
    Sec                                      0x20000056   Data           1  main.o(.data)
    Year                                     0x20000058   Data           4  main.o(.data)
    configUc                                 0x2000005c   Data           4  main.o(.data)
    uart3Len                                 0x20000060   Data           4  main.o(.data)
    etebarFlag                               0x20000064   Data           1  main.o(.data)
    serialSendFlag                           0x20000065   Data           1  main.o(.data)
    reciveDataFlag                           0x20000066   Data           1  main.o(.data)
    zeroEtebarFlag                           0x20000067   Data           1  main.o(.data)
    flagRc522                                0x20000068   Data           1  main.o(.data)
    rxAndroid                                0x20000069   Data           1  main.o(.data)
    reciveAck                                0x2000006a   Data           1  main.o(.data)
    execTransactionFlag                      0x2000006b   Data           1  main.o(.data)
    toggleLed                                0x2000006c   Data           2  main.o(.data)
    crcCard                                  0x2000006e   Data           1  main.o(.data)
    sernum                                   0x2000006f   Data           5  main.o(.data)
    preSernum                                0x20000074   Data           5  main.o(.data)
    cardId                                   0x2000007c   Data           4  main.o(.data)
    uc                                       0x20000080   Data           4  main.o(.data)
    justOneRead                              0x20000084   Data           1  main.o(.data)
    readerTick                               0x20000088   Data           4  main.o(.data)
    Byte                                     0x2000008c   Data           1  main.o(.data)
    tick                                     0x20000090   Data           4  main.o(.data)
    tickTime                                 0x20000094   Data           4  main.o(.data)
    timePassive                              0x20000098   Data           4  main.o(.data)
    timeAuth                                 0x2000009c   Data           4  main.o(.data)
    timeRead                                 0x200000a0   Data           4  main.o(.data)
    time1                                    0x200000a4   Data           4  main.o(.data)
    time2                                    0x200000a8   Data           4  main.o(.data)
    time3                                    0x200000ac   Data           4  main.o(.data)
    time4                                    0x200000b0   Data           4  main.o(.data)
    time5                                    0x200000b4   Data           4  main.o(.data)
    timeWrite                                0x200000b8   Data           4  main.o(.data)
    time                                     0x200000bc   Data           3  main.o(.data)
    date                                     0x200000bf   Data           4  main.o(.data)
    FS_Desc                                  0x200000c4   Data          28  usbd_desc.o(.data)
    USBD_FS_DeviceDesc                       0x200000e0   Data          18  usbd_desc.o(.data)
    USBD_LangIDDesc                          0x200000f4   Data           4  usbd_desc.o(.data)
    USBD_StringSerial                        0x200000f8   Data          26  usbd_desc.o(.data)
    lineCoding                               0x20000114   Data           7  usbd_cdc_if.o(.data)
    USBD_Interface_fops_FS                   0x2000011c   Data          16  usbd_cdc_if.o(.data)
    uwTick                                   0x2000012c   Data           4  stm32f1xx_hal.o(.data)
    uwTickPrio                               0x20000130   Data           4  stm32f1xx_hal.o(.data)
    uwTickFreq                               0x20000134   Data           1  stm32f1xx_hal.o(.data)
    Temp_t                                   0x20000138   Data           4  stm32f1xx_hal_rtc.o(.data)
    days_elapsed_2                           0x2000013c   Data           4  stm32f1xx_hal_rtc.o(.data)
    cal_year                                 0x20000140   Data           4  stm32f1xx_hal_rtc.o(.data)
    SystemCoreClock                          0x20000148   Data           4  system_stm32f1xx.o(.data)
    USBD_CDC                                 0x2000015c   Data          56  usbd_cdc.o(.data)
    USBD_CDC_CfgHSDesc                       0x20000194   Data          67  usbd_cdc.o(.data)
    USBD_CDC_CfgFSDesc                       0x200001d8   Data          67  usbd_cdc.o(.data)
    USBD_CDC_OtherSpeedCfgDesc               0x2000021c   Data          67  usbd_cdc.o(.data)
    SU_Timer                                 0x2000025f   Data           1  softuart.o(.data)
    __stdout                                 0x20000260   Data           4  stdout.o(.data)
    buffTransaction                          0x20000268   Data         300  main.o(.bss)
    GetResponse                              0x20000394   Data         600  main.o(.bss)
    fromAndroid                              0x200005ec   Data         600  main.o(.bss)
    sendTimeDate                             0x20000844   Data          60  main.o(.bss)
    uart3buf                                 0x20000880   Data         300  main.o(.bss)
    globalBuff                               0x200009ac   Data         400  main.o(.bss)
    dataCard                                 0x20000b3c   Data          32  main.o(.bss)
    buffRC522                                0x20000b5c   Data         100  main.o(.bss)
    hiwdg                                    0x20000bc0   Data          12  main.o(.bss)
    hrtc                                     0x20000bcc   Data          20  main.o(.bss)
    hspi1                                    0x20000be0   Data          88  main.o(.bss)
    hspi2                                    0x20000c38   Data          88  main.o(.bss)
    htim3                                    0x20000c90   Data          72  main.o(.bss)
    huart1                                   0x20000cd8   Data          68  main.o(.bss)
    huart2                                   0x20000d1c   Data          68  main.o(.bss)
    huart3                                   0x20000d60   Data          68  main.o(.bss)
    hUsbDeviceFS                             0x20000da4   Data         708  usb_device.o(.bss)
    USBD_StrDesc                             0x20001068   Data         512  usbd_desc.o(.bss)
    UserRxBufferFS                           0x20001268   Data        1000  usbd_cdc_if.o(.bss)
    UserTxBufferFS                           0x20001650   Data        1000  usbd_cdc_if.o(.bss)
    hpcd_USB_FS                              0x20001a38   Data         748  usbd_conf.o(.bss)
    pFlash                                   0x20001f48   Data          32  stm32f1xx_hal_flash.o(.bss)
    ee_ram                                   0x20001f68   Data          16  ee.o(.bss)
    SUart                                    0x20001f78   Data          32  softuart.o(.bss)
    SUBuffer                                 0x20001f98   Data          64  softuart.o(.bss)
    current_card_snr                         0x20001fd8   Data          10  iso14443ab.o(.bss)
    SPI_FLASH_BUF                            0x20001fe2   Data        4096  flash.o(.bss)
    __initial_sp                             0x200035e8   Data           0  startup_stm32f103xb.o(STACK)



==============================================================================

Memory Map of the image

  Image Entry point : 0x080058ed

  Load Region LR_IROM1 (Base: 0x08005800, Size: 0x0000be20, Max: 0x0001a800, ABSOLUTE, COMPRESSED[0x0000bc94])

    Execution Region ER_IROM1 (Exec base: 0x08005800, Load base: 0x08005800, Size: 0x0000bbb8, Max: 0x0001a800, ABSOLUTE)

    Exec Addr    Load Addr    Size         Type   Attr      Idx    E Section Name        Object

    0x08005800   0x08005800   0x000000ec   Data   RO            3    RESET               startup_stm32f103xb.o
    0x080058ec   0x080058ec   0x00000000   Code   RO         6858  * .ARM.Collect$$$$00000000  mc_w.l(entry.o)
    0x080058ec   0x080058ec   0x00000004   Code   RO         7168    .ARM.Collect$$$$00000001  mc_w.l(entry2.o)
    0x080058f0   0x080058f0   0x00000004   Code   RO         7171    .ARM.Collect$$$$00000004  mc_w.l(entry5.o)
    0x080058f4   0x080058f4   0x00000000   Code   RO         7173    .ARM.Collect$$$$00000008  mc_w.l(entry7b.o)
    0x080058f4   0x080058f4   0x00000000   Code   RO         7175    .ARM.Collect$$$$0000000A  mc_w.l(entry8b.o)
    0x080058f4   0x080058f4   0x00000008   Code   RO         7176    .ARM.Collect$$$$0000000B  mc_w.l(entry9a.o)
    0x080058fc   0x080058fc   0x00000000   Code   RO         7178    .ARM.Collect$$$$0000000D  mc_w.l(entry10a.o)
    0x080058fc   0x080058fc   0x00000000   Code   RO         7180    .ARM.Collect$$$$0000000F  mc_w.l(entry11a.o)
    0x080058fc   0x080058fc   0x00000004   Code   RO         7169    .ARM.Collect$$$$00002712  mc_w.l(entry2.o)
    0x08005900   0x08005900   0x00000024   Code   RO            4    .text               startup_stm32f103xb.o
    0x08005924   0x08005924   0x00000020   Code   RO         6861    .text               mc_w.l(llushr.o)
    0x08005944   0x08005944   0x00000024   Code   RO         6863    .text               mc_w.l(memcpya.o)
    0x08005968   0x08005968   0x00000024   Code   RO         6865    .text               mc_w.l(memseta.o)
    0x0800598c   0x0800598c   0x0000000e   Code   RO         6867    .text               mc_w.l(strlen.o)
    0x0800599a   0x0800599a   0x0000001a   Code   RO         7160    .text               mc_w.l(atoi.o)
    0x080059b4   0x080059b4   0x00000062   Code   RO         7185    .text               mc_w.l(uldiv.o)
    0x08005a16   0x08005a16   0x00000070   Code   RO         7196    .text               mc_w.l(strtol.o)
    0x08005a86   0x08005a86   0x00000002   PAD
    0x08005a88   0x08005a88   0x00000024   Code   RO         7209    .text               mc_w.l(init.o)
    0x08005aac   0x08005aac   0x0000001e   Code   RO         7211    .text               mc_w.l(llshl.o)
    0x08005aca   0x08005aca   0x00000002   PAD
    0x08005acc   0x08005acc   0x00000008   Code   RO         7215    .text               mc_w.l(ctype_o.o)
    0x08005ad4   0x08005ad4   0x0000009e   Code   RO         7243    .text               mc_w.l(_strtoul.o)
    0x08005b72   0x08005b72   0x0000001c   Code   RO         7245    .text               mc_w.l(_chval.o)
    0x08005b8e   0x08005b8e   0x00000056   Code   RO         7255    .text               mc_w.l(__dczerorl2.o)
    0x08005be4   0x08005be4   0x00000012   Code   RO         5663    i.AntennaOn         stm32f1_rc522.o
    0x08005bf6   0x08005bf6   0x00000004   Code   RO          484    i.BusFault_Handler  stm32f1xx_it.o
    0x08005bfa   0x08005bfa   0x00000030   Code   RO         5809    i.BytesToInt        ecard.o
    0x08005c2a   0x08005c2a   0x00000002   PAD
    0x08005c2c   0x08005c2c   0x00000090   Code   RO          816    i.CDC_Control_FS    usbd_cdc_if.o
    0x08005cbc   0x08005cbc   0x00000004   Code   RO          817    i.CDC_DeInit_FS     usbd_cdc_if.o
    0x08005cc0   0x08005cc0   0x0000002c   Code   RO          818    i.CDC_FlushRxBuffer_FS  usbd_cdc_if.o
    0x08005cec   0x08005cec   0x00000024   Code   RO          820    i.CDC_Init_FS       usbd_cdc_if.o
    0x08005d10   0x08005d10   0x00000070   Code   RO          822    i.CDC_Receive_FS    usbd_cdc_if.o
    0x08005d80   0x08005d80   0x00000038   Code   RO          823    i.CDC_Transmit_FS   usbd_cdc_if.o
    0x08005db8   0x08005db8   0x00000064   Code   RO         5664    i.CalulateCRC       stm32f1_rc522.o
    0x08005e1c   0x08005e1c   0x0000001a   Code   RO         5665    i.ClearBitMask      stm32f1_rc522.o
    0x08005e36   0x08005e36   0x00000002   Code   RO          485    i.DebugMon_Handler  stm32f1xx_it.o
    0x08005e38   0x08005e38   0x00000020   Code   RO           13    i.DeleteAllTemplateProcess  main.o
    0x08005e58   0x08005e58   0x00000038   Code   RO           14    i.DeletetrHead      main.o
    0x08005e90   0x08005e90   0x0000000a   Code   RO           15    i.Error_Handler     main.o
    0x08005e9a   0x08005e9a   0x00000002   PAD
    0x08005e9c   0x08005e9c   0x00000028   Code   RO         2415    i.FLASH_MassErase   stm32f1xx_hal_flash_ex.o
    0x08005ec4   0x08005ec4   0x00000028   Code   RO         2424    i.FLASH_PageErase   stm32f1xx_hal_flash_ex.o
    0x08005eec   0x08005eec   0x00000020   Code   RO         2312    i.FLASH_Program_HalfWord  stm32f1xx_hal_flash.o
    0x08005f0c   0x08005f0c   0x00000084   Code   RO         2313    i.FLASH_SetErrorCode  stm32f1xx_hal_flash.o
    0x08005f90   0x08005f90   0x00000014   Code   RO         6714    i.FLASH_UNLOCK      flash.o
    0x08005fa4   0x08005fa4   0x00000070   Code   RO         2314    i.FLASH_WaitForLastOperation  stm32f1xx_hal_flash.o
    0x08006014   0x08006014   0x00000050   Code   RO         5962    i.FPRNCancelCmd     finger.o
    0x08006064   0x08006064   0x000004b8   Code   RO         5963    i.FPRN_AddNewUser   finger.o
    0x0800651c   0x0800651c   0x0000001c   Code   RO         5964    i.FPRN_CancelCmd    finger.o
    0x08006538   0x08006538   0x00000160   Code   RO         5966    i.FPRN_DeleteAllTemplate  finger.o
    0x08006698   0x08006698   0x00000114   Code   RO         5967    i.FPRN_DeleteTemplate  finger.o
    0x080067ac   0x080067ac   0x000000f0   Code   RO         5968    i.FPRN_GetEmptyID   finger.o
    0x0800689c   0x0800689c   0x00000348   Code   RO         5972    i.FPRN_GetTemplateByID  finger.o
    0x08006be4   0x08006be4   0x0000012c   Code   RO         5973    i.FPRN_Identify     finger.o
    0x08006d10   0x08006d10   0x0000014c   Code   RO         5975    i.FPRN_Send_Command  finger.o
    0x08006e5c   0x08006e5c   0x00000108   Code   RO         5976    i.FPRN_Send_TemplateDataPacket  finger.o
    0x08006f64   0x08006f64   0x00000238   Code   RO         5978    i.FPRN_WriteTemplateByID  finger.o
    0x0800719c   0x0800719c   0x00000018   Code   RO         5979    i.FP_SendSerialData  finger.o
    0x080071b4   0x080071b4   0x00000060   Code   RO           16    i.GetCPUiD          main.o
    0x08007214   0x08007214   0x00000088   Code   RO         5980    i.GetFrimware       finger.o
    0x0800729c   0x0800729c   0x000000c0   Code   RO           17    i.GetPage           main.o
    0x0800735c   0x0800735c   0x00000034   Code   RO          726    i.Get_SerialNum     usbd_desc.o
    0x08007390   0x08007390   0x00000056   Code   RO         1971    i.HAL_DMA_Abort     stm32f1xx_hal_dma.o
    0x080073e6   0x080073e6   0x00000002   PAD
    0x080073e8   0x080073e8   0x000000b0   Code   RO         1972    i.HAL_DMA_Abort_IT  stm32f1xx_hal_dma.o
    0x08007498   0x08007498   0x00000028   Code   RO         1594    i.HAL_Delay         stm32f1xx_hal.o
    0x080074c0   0x080074c0   0x000000b0   Code   RO         2425    i.HAL_FLASHEx_Erase  stm32f1xx_hal_flash_ex.o
    0x08007570   0x08007570   0x00000014   Code   RO         2318    i.HAL_FLASH_Lock    stm32f1xx_hal_flash.o
    0x08007584   0x08007584   0x000000b0   Code   RO         2323    i.HAL_FLASH_Program  stm32f1xx_hal_flash.o
    0x08007634   0x08007634   0x00000030   Code   RO         2325    i.HAL_FLASH_Unlock  stm32f1xx_hal_flash.o
    0x08007664   0x08007664   0x00000320   Code   RO         1907    i.HAL_GPIO_Init     stm32f1xx_hal_gpio.o
    0x08007984   0x08007984   0x00000010   Code   RO         1909    i.HAL_GPIO_ReadPin  stm32f1xx_hal_gpio.o
    0x08007994   0x08007994   0x00000014   Code   RO         1910    i.HAL_GPIO_TogglePin  stm32f1xx_hal_gpio.o
    0x080079a8   0x080079a8   0x0000000c   Code   RO         1911    i.HAL_GPIO_WritePin  stm32f1xx_hal_gpio.o
    0x080079b4   0x080079b4   0x0000000c   Code   RO         1598    i.HAL_GetTick       stm32f1xx_hal.o
    0x080079c0   0x080079c0   0x0000005e   Code   RO         2593    i.HAL_IWDG_Init     stm32f1xx_hal_iwdg.o
    0x08007a1e   0x08007a1e   0x00000002   PAD
    0x08007a20   0x08007a20   0x00000018   Code   RO         1604    i.HAL_IncTick       stm32f1xx_hal.o
    0x08007a38   0x08007a38   0x00000028   Code   RO         1605    i.HAL_Init          stm32f1xx_hal.o
    0x08007a60   0x08007a60   0x0000004c   Code   RO         1606    i.HAL_InitTick      stm32f1xx_hal.o
    0x08007aac   0x08007aac   0x00000054   Code   RO          596    i.HAL_MspInit       stm32f1xx_hal_msp.o
    0x08007b00   0x08007b00   0x00000020   Code   RO         2067    i.HAL_NVIC_EnableIRQ  stm32f1xx_hal_cortex.o
    0x08007b20   0x08007b20   0x0000007c   Code   RO         2073    i.HAL_NVIC_SetPriority  stm32f1xx_hal_cortex.o
    0x08007b9c   0x08007b9c   0x00000028   Code   RO         2074    i.HAL_NVIC_SetPriorityGrouping  stm32f1xx_hal_cortex.o
    0x08007bc4   0x08007bc4   0x00000044   Code   RO         2075    i.HAL_NVIC_SystemReset  stm32f1xx_hal_cortex.o
    0x08007c08   0x08007c08   0x00000044   Code   RO         1367    i.HAL_PCDEx_PMAConfig  stm32f1xx_hal_pcd_ex.o
    0x08007c4c   0x08007c4c   0x00000002   Code   RO          886    i.HAL_PCDEx_SetConnectionState  usbd_conf.o
    0x08007c4e   0x08007c4e   0x00000020   Code   RO          888    i.HAL_PCD_DataInStageCallback  usbd_conf.o
    0x08007c6e   0x08007c6e   0x00000020   Code   RO          889    i.HAL_PCD_DataOutStageCallback  usbd_conf.o
    0x08007c8e   0x08007c8e   0x0000006a   Code   RO         1143    i.HAL_PCD_EP_Close  stm32f1xx_hal_pcd.o
    0x08007cf8   0x08007cf8   0x0000007c   Code   RO         1144    i.HAL_PCD_EP_ClrStall  stm32f1xx_hal_pcd.o
    0x08007d74   0x08007d74   0x00000158   Code   RO         1145    i.HAL_PCD_EP_DB_Receive  stm32f1xx_hal_pcd.o
    0x08007ecc   0x08007ecc   0x00000528   Code   RO         1146    i.HAL_PCD_EP_DB_Transmit  stm32f1xx_hal_pcd.o
    0x080083f4   0x080083f4   0x00000016   Code   RO         1148    i.HAL_PCD_EP_GetRxCount  stm32f1xx_hal_pcd.o
    0x0800840a   0x0800840a   0x0000008c   Code   RO         1149    i.HAL_PCD_EP_Open   stm32f1xx_hal_pcd.o
    0x08008496   0x08008496   0x0000004c   Code   RO         1150    i.HAL_PCD_EP_Receive  stm32f1xx_hal_pcd.o
    0x080084e2   0x080084e2   0x00000088   Code   RO         1151    i.HAL_PCD_EP_SetStall  stm32f1xx_hal_pcd.o
    0x0800856a   0x0800856a   0x00000056   Code   RO         1152    i.HAL_PCD_EP_Transmit  stm32f1xx_hal_pcd.o
    0x080085c0   0x080085c0   0x000001e2   Code   RO         1154    i.HAL_PCD_IRQHandler  stm32f1xx_hal_pcd.o
    0x080087a2   0x080087a2   0x00000158   Code   RO         1157    i.HAL_PCD_Init      stm32f1xx_hal_pcd.o
    0x080088fa   0x080088fa   0x00000002   PAD
    0x080088fc   0x080088fc   0x00000044   Code   RO          894    i.HAL_PCD_MspInit   usbd_conf.o
    0x08008940   0x08008940   0x00000024   Code   RO          895    i.HAL_PCD_ResetCallback  usbd_conf.o
    0x08008964   0x08008964   0x0000000e   Code   RO          896    i.HAL_PCD_ResumeCallback  usbd_conf.o
    0x08008972   0x08008972   0x0000000e   Code   RO          897    i.HAL_PCD_SOFCallback  usbd_conf.o
    0x08008980   0x08008980   0x00000036   Code   RO         1163    i.HAL_PCD_SetAddress  stm32f1xx_hal_pcd.o
    0x080089b6   0x080089b6   0x00000012   Code   RO          898    i.HAL_PCD_SetupStageCallback  usbd_conf.o
    0x080089c8   0x080089c8   0x0000003c   Code   RO         1165    i.HAL_PCD_Start     stm32f1xx_hal_pcd.o
    0x08008a04   0x08008a04   0x00000024   Code   RO          899    i.HAL_PCD_SuspendCallback  usbd_conf.o
    0x08008a28   0x08008a28   0x0000000c   Code   RO         2194    i.HAL_PWR_EnableBkUpAccess  stm32f1xx_hal_pwr.o
    0x08008a34   0x08008a34   0x00000118   Code   RO         1869    i.HAL_RCCEx_GetPeriphCLKFreq  stm32f1xx_hal_rcc_ex.o
    0x08008b4c   0x08008b4c   0x00000130   Code   RO         1870    i.HAL_RCCEx_PeriphCLKConfig  stm32f1xx_hal_rcc_ex.o
    0x08008c7c   0x08008c7c   0x00000002   Code   RO         1761    i.HAL_RCC_CSSCallback  stm32f1xx_hal_rcc.o
    0x08008c7e   0x08008c7e   0x00000002   PAD
    0x08008c80   0x08008c80   0x0000018c   Code   RO         1762    i.HAL_RCC_ClockConfig  stm32f1xx_hal_rcc.o
    0x08008e0c   0x08008e0c   0x0000000c   Code   RO         1765    i.HAL_RCC_EnableCSS  stm32f1xx_hal_rcc.o
    0x08008e18   0x08008e18   0x0000000c   Code   RO         1767    i.HAL_RCC_GetHCLKFreq  stm32f1xx_hal_rcc.o
    0x08008e24   0x08008e24   0x00000020   Code   RO         1769    i.HAL_RCC_GetPCLK1Freq  stm32f1xx_hal_rcc.o
    0x08008e44   0x08008e44   0x00000020   Code   RO         1770    i.HAL_RCC_GetPCLK2Freq  stm32f1xx_hal_rcc.o
    0x08008e64   0x08008e64   0x00000094   Code   RO         1771    i.HAL_RCC_GetSysClockFreq  stm32f1xx_hal_rcc.o
    0x08008ef8   0x08008ef8   0x00000020   Code   RO         1773    i.HAL_RCC_NMI_IRQHandler  stm32f1xx_hal_rcc.o
    0x08008f18   0x08008f18   0x00000464   Code   RO         1774    i.HAL_RCC_OscConfig  stm32f1xx_hal_rcc.o
    0x0800937c   0x0800937c   0x000000bc   Code   RO         4403    i.HAL_RTC_GetDate   stm32f1xx_hal_rtc.o
    0x08009438   0x08009438   0x00000080   Code   RO         4405    i.HAL_RTC_GetTime   stm32f1xx_hal_rtc.o
    0x080094b8   0x080094b8   0x000000d0   Code   RO         4406    i.HAL_RTC_Init      stm32f1xx_hal_rtc.o
    0x08009588   0x08009588   0x00000040   Code   RO          598    i.HAL_RTC_MspInit   stm32f1xx_hal_msp.o
    0x080095c8   0x080095c8   0x0000015c   Code   RO         4412    i.HAL_RTC_SetDate   stm32f1xx_hal_rtc.o
    0x08009724   0x08009724   0x000000c2   Code   RO         4413    i.HAL_RTC_SetTime   stm32f1xx_hal_rtc.o
    0x080097e6   0x080097e6   0x00000040   Code   RO         4414    i.HAL_RTC_WaitForSynchro  stm32f1xx_hal_rtc.o
    0x08009826   0x08009826   0x000000be   Code   RO         2736    i.HAL_SPI_Init      stm32f1xx_hal_spi.o
    0x080098e4   0x080098e4   0x000000f4   Code   RO          600    i.HAL_SPI_MspInit   stm32f1xx_hal_msp.o
    0x080099d8   0x080099d8   0x000001ae   Code   RO         2744    i.HAL_SPI_Transmit  stm32f1xx_hal_spi.o
    0x08009b86   0x08009b86   0x0000022a   Code   RO         2745    i.HAL_SPI_TransmitReceive  stm32f1xx_hal_spi.o
    0x08009db0   0x08009db0   0x00000034   Code   RO         2078    i.HAL_SYSTICK_Config  stm32f1xx_hal_cortex.o
    0x08009de4   0x08009de4   0x00000002   Code   RO         3764    i.HAL_TIMEx_BreakCallback  stm32f1xx_hal_tim_ex.o
    0x08009de6   0x08009de6   0x00000002   Code   RO         3765    i.HAL_TIMEx_CommutCallback  stm32f1xx_hal_tim_ex.o
    0x08009de8   0x08009de8   0x00000084   Code   RO         3783    i.HAL_TIMEx_MasterConfigSynchronization  stm32f1xx_hal_tim_ex.o
    0x08009e6c   0x08009e6c   0x00000066   Code   RO         3049    i.HAL_TIM_Base_Init  stm32f1xx_hal_tim.o
    0x08009ed2   0x08009ed2   0x00000002   PAD
    0x08009ed4   0x08009ed4   0x000000a4   Code   RO          602    i.HAL_TIM_Base_MspInit  stm32f1xx_hal_msp.o
    0x08009f78   0x08009f78   0x0000006c   Code   RO         3052    i.HAL_TIM_Base_Start  stm32f1xx_hal_tim.o
    0x08009fe4   0x08009fe4   0x00000108   Code   RO         3058    i.HAL_TIM_ConfigClockSource  stm32f1xx_hal_tim.o
    0x0800a0ec   0x0800a0ec   0x00000002   Code   RO         3083    i.HAL_TIM_IC_CaptureCallback  stm32f1xx_hal_tim.o
    0x0800a0ee   0x0800a0ee   0x00000196   Code   RO         3097    i.HAL_TIM_IRQHandler  stm32f1xx_hal_tim.o
    0x0800a284   0x0800a284   0x00000002   Code   RO         3100    i.HAL_TIM_OC_DelayElapsedCallback  stm32f1xx_hal_tim.o
    0x0800a286   0x0800a286   0x00000002   Code   RO         3127    i.HAL_TIM_PWM_PulseFinishedCallback  stm32f1xx_hal_tim.o
    0x0800a288   0x0800a288   0x00000018   Code   RO           18    i.HAL_TIM_PeriodElapsedCallback  main.o
    0x0800a2a0   0x0800a2a0   0x00000002   Code   RO         3140    i.HAL_TIM_TriggerCallback  stm32f1xx_hal_tim.o
    0x0800a2a2   0x0800a2a2   0x00000002   Code   RO         4042    i.HAL_UARTEx_RxEventCallback  stm32f1xx_hal_uart.o
    0x0800a2a4   0x0800a2a4   0x00000002   Code   RO         4056    i.HAL_UART_ErrorCallback  stm32f1xx_hal_uart.o
    0x0800a2a6   0x0800a2a6   0x00000002   PAD
    0x0800a2a8   0x0800a2a8   0x0000024c   Code   RO         4059    i.HAL_UART_IRQHandler  stm32f1xx_hal_uart.o
    0x0800a4f4   0x0800a4f4   0x00000072   Code   RO         4060    i.HAL_UART_Init     stm32f1xx_hal_uart.o
    0x0800a566   0x0800a566   0x00000002   PAD
    0x0800a568   0x0800a568   0x000001a4   Code   RO          604    i.HAL_UART_MspInit  stm32f1xx_hal_msp.o
    0x0800a70c   0x0800a70c   0x00000002   Code   RO         4066    i.HAL_UART_RxCpltCallback  stm32f1xx_hal_uart.o
    0x0800a70e   0x0800a70e   0x000000d2   Code   RO         4068    i.HAL_UART_Transmit  stm32f1xx_hal_uart.o
    0x0800a7e0   0x0800a7e0   0x00000002   Code   RO         4071    i.HAL_UART_TxCpltCallback  stm32f1xx_hal_uart.o
    0x0800a7e2   0x0800a7e2   0x00000002   PAD
    0x0800a7e4   0x0800a7e4   0x00000028   Code   RO          486    i.HardFault_Handler  stm32f1xx_it.o
    0x0800a80c   0x0800a80c   0x000000b4   Code   RO         6114    i.ISO14443_LoginE2  iso14443ab.o
    0x0800a8c0   0x0800a8c0   0x00000010   Code   RO         6115    i.ISO14443_ReadBlock  iso14443ab.o
    0x0800a8d0   0x0800a8d0   0x00000060   Code   RO         6117    i.ISO14443_SingleTagSelect  iso14443ab.o
    0x0800a930   0x0800a930   0x00000010   Code   RO         5818    i.IntToBytes        ecard.o
    0x0800a940   0x0800a940   0x0000003e   Code   RO          727    i.IntToUnicode      usbd_desc.o
    0x0800a97e   0x0800a97e   0x00000002   PAD
    0x0800a980   0x0800a980   0x00000024   Code   RO           20    i.LoadFromDFToRam   main.o
    0x0800a9a4   0x0800a9a4   0x00000090   Code   RO           21    i.LoadRecordsInfo   main.o
    0x0800aa34   0x0800aa34   0x0000004a   Code   RO         5666    i.MFRC522_Anticoll  stm32f1_rc522.o
    0x0800aa7e   0x0800aa7e   0x0000006e   Code   RO         5667    i.MFRC522_Auth      stm32f1_rc522.o
    0x0800aaec   0x0800aaec   0x00000024   Code   RO         5668    i.MFRC522_Check     stm32f1_rc522.o
    0x0800ab10   0x0800ab10   0x00000070   Code   RO         5670    i.MFRC522_Init      stm32f1_rc522.o
    0x0800ab80   0x0800ab80   0x00000036   Code   RO         5671    i.MFRC522_Read      stm32f1_rc522.o
    0x0800abb6   0x0800abb6   0x00000030   Code   RO         5672    i.MFRC522_Request   stm32f1_rc522.o
    0x0800abe6   0x0800abe6   0x0000000c   Code   RO         5673    i.MFRC522_Reset     stm32f1_rc522.o
    0x0800abf2   0x0800abf2   0x0000005a   Code   RO         5674    i.MFRC522_SelectTag  stm32f1_rc522.o
    0x0800ac4c   0x0800ac4c   0x00000122   Code   RO         5675    i.MFRC522_ToCard    stm32f1_rc522.o
    0x0800ad6e   0x0800ad6e   0x00000002   PAD
    0x0800ad70   0x0800ad70   0x0000014c   Code   RO           22    i.MX_GPIO_Init      main.o
    0x0800aebc   0x0800aebc   0x00000028   Code   RO           23    i.MX_IWDG_Init      main.o
    0x0800aee4   0x0800aee4   0x00000030   Code   RO           24    i.MX_RTC_Init       main.o
    0x0800af14   0x0800af14   0x00000048   Code   RO           25    i.MX_SPI1_Init      main.o
    0x0800af5c   0x0800af5c   0x00000048   Code   RO           26    i.MX_SPI2_Init      main.o
    0x0800afa4   0x0800afa4   0x0000006c   Code   RO           27    i.MX_TIM3_Init      main.o
    0x0800b010   0x0800b010   0x00000030   Code   RO           28    i.MX_USART1_UART_Init  main.o
    0x0800b040   0x0800b040   0x00000038   Code   RO           29    i.MX_USART2_UART_Init  main.o
    0x0800b078   0x0800b078   0x00000038   Code   RO           30    i.MX_USART3_UART_Init  main.o
    0x0800b0b0   0x0800b0b0   0x00000088   Code   RO          678    i.MX_USB_DEVICE_Init  usb_device.o
    0x0800b138   0x0800b138   0x00000004   Code   RO          487    i.MemManage_Handler  stm32f1xx_it.o
    0x0800b13c   0x0800b13c   0x00000008   Code   RO          488    i.NMI_Handler       stm32f1xx_it.o
    0x0800b144   0x0800b144   0x000003f2   Code   RO         1169    i.PCD_EP_ISR_Handler  stm32f1xx_hal_pcd.o
    0x0800b536   0x0800b536   0x00000002   Code   RO          489    i.PendSV_Handler    stm32f1xx_it.o
    0x0800b538   0x0800b538   0x00000020   Code   RO         5678    i.RC522_SPI_Transfer  stm32f1_rc522.o
    0x0800b558   0x0800b558   0x00000028   Code   RO         1775    i.RCC_Delay         stm32f1xx_hal_rcc.o
    0x0800b580   0x0800b580   0x00000016   Code   RO         4415    i.RTC_Bcd2ToByte    stm32f1xx_hal_rtc.o
    0x0800b596   0x0800b596   0x0000003a   Code   RO         4418    i.RTC_EnterInitMode  stm32f1xx_hal_rtc.o
    0x0800b5d0   0x0800b5d0   0x0000003a   Code   RO         4419    i.RTC_ExitInitMode  stm32f1xx_hal_rtc.o
    0x0800b60a   0x0800b60a   0x00000034   Code   RO         4422    i.RTC_ReadTimeCounter  stm32f1xx_hal_rtc.o
    0x0800b63e   0x0800b63e   0x00000084   Code   RO         4423    i.RTC_WeekDayNum    stm32f1xx_hal_rtc.o
    0x0800b6c2   0x0800b6c2   0x0000002e   Code   RO         4425    i.RTC_WriteTimeCounter  stm32f1xx_hal_rtc.o
    0x0800b6f0   0x0800b6f0   0x00000038   Code   RO         5679    i.Read_MFRC522      stm32f1_rc522.o
    0x0800b728   0x0800b728   0x00000028   Code   RO         2774    i.SPI_EndRxTxTransaction  stm32f1xx_hal_spi.o
    0x0800b750   0x0800b750   0x0000003c   Code   RO         6717    i.SPI_FLASH_Write_Enable  flash.o
    0x0800b78c   0x0800b78c   0x00000048   Code   RO         6718    i.SPI_FLASH_Write_SR  flash.o
    0x0800b7d4   0x0800b7d4   0x00000080   Code   RO         6721    i.SPI_Flash_Erase_Sector  flash.o
    0x0800b854   0x0800b854   0x000000a8   Code   RO         6724    i.SPI_Flash_Read    flash.o
    0x0800b8fc   0x0800b8fc   0x000000ac   Code   RO         6725    i.SPI_Flash_ReadID  flash.o
    0x0800b9a8   0x0800b9a8   0x00000058   Code   RO         6726    i.SPI_Flash_ReadSR  flash.o
    0x0800ba00   0x0800ba00   0x00000024   Code   RO         6729    i.SPI_Flash_Wait_Busy  flash.o
    0x0800ba24   0x0800ba24   0x00000114   Code   RO         6730    i.SPI_Flash_Write   flash.o
    0x0800bb38   0x0800bb38   0x000000f4   Code   RO         6731    i.SPI_Flash_Write2  flash.o
    0x0800bc2c   0x0800bc2c   0x00000054   Code   RO         6732    i.SPI_Flash_Write_NoCheck  flash.o
    0x0800bc80   0x0800bc80   0x000000a0   Code   RO         6733    i.SPI_Flash_Write_Page  flash.o
    0x0800bd20   0x0800bd20   0x000000d8   Code   RO         2779    i.SPI_WaitFlagStateUntilTimeout  stm32f1xx_hal_spi.o
    0x0800bdf8   0x0800bdf8   0x00000002   Code   RO          490    i.SVC_Handler       stm32f1xx_it.o
    0x0800bdfa   0x0800bdfa   0x00000002   PAD
    0x0800bdfc   0x0800bdfc   0x00000024   Code   RO           31    i.SaveFromRamToDF   main.o
    0x0800be20   0x0800be20   0x00000078   Code   RO           32    i.SaveRingDetail    main.o
    0x0800be98   0x0800be98   0x00000068   Code   RO           34    i.Sendpacket        main.o
    0x0800bf00   0x0800bf00   0x0000001a   Code   RO         5680    i.SetBitMask        stm32f1_rc522.o
    0x0800bf1a   0x0800bf1a   0x00000010   Code   RO         5555    i.SoftUartGpioReadPin  softuart.o
    0x0800bf2a   0x0800bf2a   0x00000014   Code   RO         5556    i.SoftUartGpioWritePin  softuart.o
    0x0800bf3e   0x0800bf3e   0x00000002   PAD
    0x0800bf40   0x0800bf40   0x00000070   Code   RO         5557    i.SoftUartHandler   softuart.o
    0x0800bfb0   0x0800bfb0   0x00000074   Code   RO         5562    i.SoftUartRxDataBitProcess  softuart.o
    0x0800c024   0x0800c024   0x00000074   Code   RO         5563    i.SoftUartScanRxPorts  softuart.o
    0x0800c098   0x0800c098   0x00000012   Code   RO         5564    i.SoftUartTransmitBit  softuart.o
    0x0800c0aa   0x0800c0aa   0x0000008c   Code   RO         5565    i.SoftUartTxProcess  softuart.o
    0x0800c136   0x0800c136   0x00000002   PAD
    0x0800c138   0x0800c138   0x00000018   Code   RO          491    i.SysTick_Handler   stm32f1xx_it.o
    0x0800c150   0x0800c150   0x00000094   Code   RO           35    i.SystemClock_Config  main.o
    0x0800c1e4   0x0800c1e4   0x00000010   Code   RO         5056    i.SystemInit        system_stm32f1xx.o
    0x0800c1f4   0x0800c1f4   0x00000014   Code   RO          492    i.TIM3_IRQHandler   stm32f1xx_it.o
    0x0800c208   0x0800c208   0x00000074   Code   RO         3142    i.TIM_Base_SetConfig  stm32f1xx_hal_tim.o
    0x0800c27c   0x0800c27c   0x00000016   Code   RO         3153    i.TIM_ETR_SetConfig  stm32f1xx_hal_tim.o
    0x0800c292   0x0800c292   0x00000012   Code   RO         3154    i.TIM_ITRx_SetConfig  stm32f1xx_hal_tim.o
    0x0800c2a4   0x0800c2a4   0x00000026   Code   RO         3160    i.TIM_TI1_ConfigInputStage  stm32f1xx_hal_tim.o
    0x0800c2ca   0x0800c2ca   0x00000028   Code   RO         3162    i.TIM_TI2_ConfigInputStage  stm32f1xx_hal_tim.o
    0x0800c2f2   0x0800c2f2   0x00000014   Code   RO         4073    i.UART_DMAAbortOnError  stm32f1xx_hal_uart.o
    0x0800c306   0x0800c306   0x00000036   Code   RO         4083    i.UART_EndRxTransfer  stm32f1xx_hal_uart.o
    0x0800c33c   0x0800c33c   0x00000020   Code   RO         4084    i.UART_EndTransmit_IT  stm32f1xx_hal_uart.o
    0x0800c35c   0x0800c35c   0x000000e4   Code   RO         4086    i.UART_Receive_IT   stm32f1xx_hal_uart.o
    0x0800c440   0x0800c440   0x000000fc   Code   RO         4087    i.UART_SetConfig    stm32f1xx_hal_uart.o
    0x0800c53c   0x0800c53c   0x00000060   Code   RO         4090    i.UART_Transmit_IT  stm32f1xx_hal_uart.o
    0x0800c59c   0x0800c59c   0x0000006c   Code   RO         4091    i.UART_WaitOnFlagUntilTimeout  stm32f1xx_hal_uart.o
    0x0800c608   0x0800c608   0x00000010   Code   RO          493    i.USART1_IRQHandler  stm32f1xx_it.o
    0x0800c618   0x0800c618   0x00000058   Code   RO          494    i.USART2_IRQHandler  stm32f1xx_it.o
    0x0800c670   0x0800c670   0x0000004c   Code   RO          495    i.USART3_IRQHandler  stm32f1xx_it.o
    0x0800c6bc   0x0800c6bc   0x0000007c   Code   RO         5385    i.USBD_CDC_DataIn   usbd_cdc.o
    0x0800c738   0x0800c738   0x00000034   Code   RO         5386    i.USBD_CDC_DataOut  usbd_cdc.o
    0x0800c76c   0x0800c76c   0x0000004e   Code   RO         5387    i.USBD_CDC_DeInit   usbd_cdc.o
    0x0800c7ba   0x0800c7ba   0x00000032   Code   RO         5388    i.USBD_CDC_EP0_RxReady  usbd_cdc.o
    0x0800c7ec   0x0800c7ec   0x00000010   Code   RO         5389    i.USBD_CDC_GetDeviceQualifierDescriptor  usbd_cdc.o
    0x0800c7fc   0x0800c7fc   0x00000010   Code   RO         5390    i.USBD_CDC_GetFSCfgDesc  usbd_cdc.o
    0x0800c80c   0x0800c80c   0x00000010   Code   RO         5391    i.USBD_CDC_GetHSCfgDesc  usbd_cdc.o
    0x0800c81c   0x0800c81c   0x00000010   Code   RO         5392    i.USBD_CDC_GetOtherSpeedCfgDesc  usbd_cdc.o
    0x0800c82c   0x0800c82c   0x000000b8   Code   RO         5393    i.USBD_CDC_Init     usbd_cdc.o
    0x0800c8e4   0x0800c8e4   0x0000003a   Code   RO         5394    i.USBD_CDC_ReceivePacket  usbd_cdc.o
    0x0800c91e   0x0800c91e   0x0000000e   Code   RO         5395    i.USBD_CDC_RegisterInterface  usbd_cdc.o
    0x0800c92c   0x0800c92c   0x0000000e   Code   RO         5396    i.USBD_CDC_SetRxBuffer  usbd_cdc.o
    0x0800c93a   0x0800c93a   0x00000014   Code   RO         5397    i.USBD_CDC_SetTxBuffer  usbd_cdc.o
    0x0800c94e   0x0800c94e   0x000000f4   Code   RO         5398    i.USBD_CDC_Setup    usbd_cdc.o
    0x0800ca42   0x0800ca42   0x0000003e   Code   RO         5399    i.USBD_CDC_TransmitPacket  usbd_cdc.o
    0x0800ca80   0x0800ca80   0x00000016   Code   RO         5092    i.USBD_ClrClassConfig  usbd_core.o
    0x0800ca96   0x0800ca96   0x0000003e   Code   RO         5230    i.USBD_ClrFeature   usbd_ctlreq.o
    0x0800cad4   0x0800cad4   0x00000018   Code   RO         5325    i.USBD_CtlContinueRx  usbd_ioreq.o
    0x0800caec   0x0800caec   0x00000018   Code   RO         5326    i.USBD_CtlContinueSendData  usbd_ioreq.o
    0x0800cb04   0x0800cb04   0x00000018   Code   RO         5231    i.USBD_CtlError     usbd_ctlreq.o
    0x0800cb1c   0x0800cb1c   0x00000028   Code   RO         5327    i.USBD_CtlPrepareRx  usbd_ioreq.o
    0x0800cb44   0x0800cb44   0x0000001a   Code   RO         5328    i.USBD_CtlReceiveStatus  usbd_ioreq.o
    0x0800cb5e   0x0800cb5e   0x00000022   Code   RO         5329    i.USBD_CtlSendData  usbd_ioreq.o
    0x0800cb80   0x0800cb80   0x0000001a   Code   RO         5330    i.USBD_CtlSendStatus  usbd_ioreq.o
    0x0800cb9a   0x0800cb9a   0x00000002   PAD
    0x0800cb9c   0x0800cb9c   0x00000034   Code   RO          728    i.USBD_FS_ConfigStrDescriptor  usbd_desc.o
    0x0800cbd0   0x0800cbd0   0x00000010   Code   RO          729    i.USBD_FS_DeviceDescriptor  usbd_desc.o
    0x0800cbe0   0x0800cbe0   0x00000038   Code   RO          730    i.USBD_FS_InterfaceStrDescriptor  usbd_desc.o
    0x0800cc18   0x0800cc18   0x00000010   Code   RO          731    i.USBD_FS_LangIDStrDescriptor  usbd_desc.o
    0x0800cc28   0x0800cc28   0x00000024   Code   RO          732    i.USBD_FS_ManufacturerStrDescriptor  usbd_desc.o
    0x0800cc4c   0x0800cc4c   0x00000038   Code   RO          733    i.USBD_FS_ProductStrDescriptor  usbd_desc.o
    0x0800cc84   0x0800cc84   0x00000018   Code   RO          734    i.USBD_FS_SerialStrDescriptor  usbd_desc.o
    0x0800cc9c   0x0800cc9c   0x00000056   Code   RO         5232    i.USBD_GetConfig    usbd_ctlreq.o
    0x0800ccf2   0x0800ccf2   0x000001f4   Code   RO         5233    i.USBD_GetDescriptor  usbd_ctlreq.o
    0x0800cee6   0x0800cee6   0x00000014   Code   RO         5234    i.USBD_GetLen       usbd_ctlreq.o
    0x0800cefa   0x0800cefa   0x0000005a   Code   RO         5235    i.USBD_GetStatus    usbd_ctlreq.o
    0x0800cf54   0x0800cf54   0x00000052   Code   RO         5236    i.USBD_GetString    usbd_ctlreq.o
    0x0800cfa6   0x0800cfa6   0x0000002c   Code   RO          900    i.USBD_Get_USB_Status  usbd_conf.o
    0x0800cfd2   0x0800cfd2   0x00000032   Code   RO         5094    i.USBD_Init         usbd_core.o
    0x0800d004   0x0800d004   0x00000026   Code   RO          901    i.USBD_LL_ClearStallEP  usbd_conf.o
    0x0800d02a   0x0800d02a   0x00000026   Code   RO          902    i.USBD_LL_CloseEP   usbd_conf.o
    0x0800d050   0x0800d050   0x00000100   Code   RO         5095    i.USBD_LL_DataInStage  usbd_core.o
    0x0800d150   0x0800d150   0x000000a6   Code   RO         5096    i.USBD_LL_DataOutStage  usbd_core.o
    0x0800d1f6   0x0800d1f6   0x00000012   Code   RO          906    i.USBD_LL_GetRxDataSize  usbd_conf.o
    0x0800d208   0x0800d208   0x00000084   Code   RO          907    i.USBD_LL_Init      usbd_conf.o
    0x0800d28c   0x0800d28c   0x00000038   Code   RO          908    i.USBD_LL_IsStallEP  usbd_conf.o
    0x0800d2c4   0x0800d2c4   0x00000030   Code   RO          909    i.USBD_LL_OpenEP    usbd_conf.o
    0x0800d2f4   0x0800d2f4   0x00000030   Code   RO          910    i.USBD_LL_PrepareReceive  usbd_conf.o
    0x0800d324   0x0800d324   0x0000005c   Code   RO         5101    i.USBD_LL_Reset     usbd_core.o
    0x0800d380   0x0800d380   0x00000016   Code   RO         5102    i.USBD_LL_Resume    usbd_core.o
    0x0800d396   0x0800d396   0x00000022   Code   RO         5103    i.USBD_LL_SOF       usbd_core.o
    0x0800d3b8   0x0800d3b8   0x00000008   Code   RO         5104    i.USBD_LL_SetSpeed  usbd_core.o
    0x0800d3c0   0x0800d3c0   0x00000026   Code   RO          911    i.USBD_LL_SetUSBAddress  usbd_conf.o
    0x0800d3e6   0x0800d3e6   0x0000006e   Code   RO         5105    i.USBD_LL_SetupStage  usbd_core.o
    0x0800d454   0x0800d454   0x00000026   Code   RO          912    i.USBD_LL_StallEP   usbd_conf.o
    0x0800d47a   0x0800d47a   0x0000001e   Code   RO          913    i.USBD_LL_Start     usbd_conf.o
    0x0800d498   0x0800d498   0x00000014   Code   RO         5106    i.USBD_LL_Suspend   usbd_core.o
    0x0800d4ac   0x0800d4ac   0x00000030   Code   RO          915    i.USBD_LL_Transmit  usbd_conf.o
    0x0800d4dc   0x0800d4dc   0x00000028   Code   RO         5237    i.USBD_ParseSetupRequest  usbd_ctlreq.o
    0x0800d504   0x0800d504   0x00000010   Code   RO         5107    i.USBD_RegisterClass  usbd_core.o
    0x0800d514   0x0800d514   0x00000006   Code   RO         5108    i.USBD_RunTestMode  usbd_core.o
    0x0800d51a   0x0800d51a   0x0000005a   Code   RO         5238    i.USBD_SetAddress   usbd_ctlreq.o
    0x0800d574   0x0800d574   0x00000022   Code   RO         5109    i.USBD_SetClassConfig  usbd_core.o
    0x0800d596   0x0800d596   0x00000002   PAD
    0x0800d598   0x0800d598   0x000000e8   Code   RO         5239    i.USBD_SetConfig    usbd_ctlreq.o
    0x0800d680   0x0800d680   0x00000018   Code   RO         5240    i.USBD_SetFeature   usbd_ctlreq.o
    0x0800d698   0x0800d698   0x0000000e   Code   RO         5110    i.USBD_Start        usbd_core.o
    0x0800d6a6   0x0800d6a6   0x000000a2   Code   RO         5241    i.USBD_StdDevReq    usbd_ctlreq.o
    0x0800d748   0x0800d748   0x00000238   Code   RO         5242    i.USBD_StdEPReq     usbd_ctlreq.o
    0x0800d980   0x0800d980   0x0000007e   Code   RO         5243    i.USBD_StdItfReq    usbd_ctlreq.o
    0x0800d9fe   0x0800d9fe   0x00000002   Code   RO          916    i.USBD_static_free  usbd_conf.o
    0x0800da00   0x0800da00   0x0000000c   Code   RO          917    i.USBD_static_malloc  usbd_conf.o
    0x0800da0c   0x0800da0c   0x0000044c   Code   RO         1407    i.USB_ActivateEndpoint  stm32f1xx_ll_usb.o
    0x0800de58   0x0800de58   0x00000008   Code   RO         1410    i.USB_CoreInit      stm32f1xx_ll_usb.o
    0x0800de60   0x0800de60   0x0000027c   Code   RO         1412    i.USB_DeactivateEndpoint  stm32f1xx_ll_usb.o
    0x0800e0dc   0x0800e0dc   0x00000006   Code   RO         1413    i.USB_DevConnect    stm32f1xx_ll_usb.o
    0x0800e0e2   0x0800e0e2   0x00000006   Code   RO         1414    i.USB_DevDisconnect  stm32f1xx_ll_usb.o
    0x0800e0e8   0x0800e0e8   0x00000016   Code   RO         1415    i.USB_DevInit       stm32f1xx_ll_usb.o
    0x0800e0fe   0x0800e0fe   0x00000014   Code   RO         1416    i.USB_DisableGlobalInt  stm32f1xx_ll_usb.o
    0x0800e112   0x0800e112   0x00000006   Code   RO         1417    i.USB_EP0_OutStart  stm32f1xx_ll_usb.o
    0x0800e118   0x0800e118   0x000000da   Code   RO         1418    i.USB_EPClearStall  stm32f1xx_ll_usb.o
    0x0800e1f2   0x0800e1f2   0x0000005c   Code   RO         1419    i.USB_EPSetStall    stm32f1xx_ll_usb.o
    0x0800e24e   0x0800e24e   0x00000b8a   Code   RO         1420    i.USB_EPStartXfer   stm32f1xx_ll_usb.o
    0x0800edd8   0x0800edd8   0x00000012   Code   RO         1421    i.USB_EnableGlobalInt  stm32f1xx_ll_usb.o
    0x0800edea   0x0800edea   0x00000002   PAD
    0x0800edec   0x0800edec   0x00000010   Code   RO          496    i.USB_LP_CAN1_RX0_IRQHandler  stm32f1xx_it.o
    0x0800edfc   0x0800edfc   0x00000008   Code   RO         1428    i.USB_ReadInterrupts  stm32f1xx_ll_usb.o
    0x0800ee04   0x0800ee04   0x0000004a   Code   RO         1429    i.USB_ReadPMA       stm32f1xx_ll_usb.o
    0x0800ee4e   0x0800ee4e   0x00000006   Code   RO         1430    i.USB_SetCurrentMode  stm32f1xx_ll_usb.o
    0x0800ee54   0x0800ee54   0x0000000e   Code   RO         1431    i.USB_SetDevAddress  stm32f1xx_ll_usb.o
    0x0800ee62   0x0800ee62   0x00000042   Code   RO         1433    i.USB_WritePMA      stm32f1xx_ll_usb.o
    0x0800eea4   0x0800eea4   0x00000004   Code   RO          497    i.UsageFault_Handler  stm32f1xx_it.o
    0x0800eea8   0x0800eea8   0x00000030   Code   RO         5681    i.Write_MFRC522     stm32f1_rc522.o
    0x0800eed8   0x0800eed8   0x00000020   Code   RO         7078    i.__0printf$8       mc_w.l(printf8.o)
    0x0800eef8   0x0800eef8   0x00000028   Code   RO         7080    i.__0sprintf$8      mc_w.l(printf8.o)
    0x0800ef20   0x0800ef20   0x00000010   Code   RO         2080    i.__NVIC_GetPriorityGrouping  stm32f1xx_hal_cortex.o
    0x0800ef30   0x0800ef30   0x00000028   Code   RO         2081    i.__NVIC_SetPriority  stm32f1xx_hal_cortex.o
    0x0800ef58   0x0800ef58   0x00000008   Code   RO         7189    i.__aeabi_errno_addr  mc_w.l(errno.o)
    0x0800ef60   0x0800ef60   0x0000000e   Code   RO         7249    i.__scatterload_copy  mc_w.l(handlers.o)
    0x0800ef6e   0x0800ef6e   0x00000002   Code   RO         7250    i.__scatterload_null  mc_w.l(handlers.o)
    0x0800ef70   0x0800ef70   0x0000000e   Code   RO         7251    i.__scatterload_zeroinit  mc_w.l(handlers.o)
    0x0800ef7e   0x0800ef7e   0x00000002   PAD
    0x0800ef80   0x0800ef80   0x00000410   Code   RO         7085    i._printf_core      mc_w.l(printf8.o)
    0x0800f390   0x0800f390   0x00000024   Code   RO         7086    i._printf_post_padding  mc_w.l(printf8.o)
    0x0800f3b4   0x0800f3b4   0x0000002e   Code   RO         7087    i._printf_pre_padding  mc_w.l(printf8.o)
    0x0800f3e2   0x0800f3e2   0x0000000a   Code   RO         7089    i._sputc            mc_w.l(printf8.o)
    0x0800f3ec   0x0800f3ec   0x00000058   Code   RO           36    i.cancelProcess     main.o
    0x0800f444   0x0800f444   0x00000032   Code   RO         4426    i.check_for_leap_year  stm32f1xx_hal_rtc.o
    0x0800f476   0x0800f476   0x00000002   PAD
    0x0800f478   0x0800f478   0x00000194   Code   RO           37    i.configBaudRate    main.o
    0x0800f60c   0x0800f60c   0x000000a8   Code   RO           38    i.deleteTemplateProcess  main.o
    0x0800f6b4   0x0800f6b4   0x00000054   Code   RO         5491    i.ee_format         ee.o
    0x0800f708   0x0800f708   0x0000000e   Code   RO         5492    i.ee_init           ee.o
    0x0800f716   0x0800f716   0x00000002   PAD
    0x0800f718   0x0800f718   0x00000044   Code   RO         5494    i.ee_read           ee.o
    0x0800f75c   0x0800f75c   0x00000060   Code   RO         5495    i.ee_write          ee.o
    0x0800f7bc   0x0800f7bc   0x000000c4   Code   RO           39    i.enrollProcess     main.o
    0x0800f880   0x0800f880   0x00000016   Code   RO           40    i.fputc             main.o
    0x0800f896   0x0800f896   0x00000002   PAD
    0x0800f898   0x0800f898   0x000000d0   Code   RO         5981    i.getResponse       finger.o
    0x0800f968   0x0800f968   0x000000b4   Code   RO           41    i.getTimeDate       main.o
    0x0800fa1c   0x0800fa1c   0x00000060   Code   RO           42    i.identifyOffProcess  main.o
    0x0800fa7c   0x0800fa7c   0x0000005c   Code   RO           43    i.identifyProcess   main.o
    0x0800fad8   0x0800fad8   0x00000044   Code   RO           44    i.ledBlik           main.o
    0x0800fb1c   0x0800fb1c   0x00000148   Code   RO           45    i.loadTransactionRecord  main.o
    0x0800fc64   0x0800fc64   0x000008b0   Code   RO           46    i.main              main.o
    0x08010514   0x08010514   0x000001c4   Code   RO           47    i.mainUpdateProccess  main.o
    0x080106d8   0x080106d8   0x000000b4   Code   RO           48    i.reSendLastTransaction  main.o
    0x0801078c   0x0801078c   0x0000008c   Code   RO           49    i.readTempalteProcess  main.o
    0x08010818   0x08010818   0x00000188   Code   RO           50    i.relayState        main.o
    0x080109a0   0x080109a0   0x00000038   Code   RO           51    i.send              main.o
    0x080109d8   0x080109d8   0x000001a0   Code   RO           52    i.sendVersion       main.o
    0x08010b78   0x08010b78   0x000000ac   Code   RO           55    i.serialSendCheck   main.o
    0x08010c24   0x08010c24   0x00000130   Code   RO           56    i.setTimeDate       main.o
    0x08010d54   0x08010d54   0x00000044   Code   RO           57    i.tabletOff         main.o
    0x08010d98   0x08010d98   0x00000040   Code   RO           58    i.tabletOn          main.o
    0x08010dd8   0x08010dd8   0x000000c0   Code   RO         5982    i.testConnection    finger.o
    0x08010e98   0x08010e98   0x00000054   Code   RO           59    i.trHeadSend        main.o
    0x08010eec   0x08010eec   0x0000017c   Code   RO           60    i.updateFirmware    main.o
    0x08011068   0x08011068   0x00000100   Data   RO           62    .constdata          main.o
    0x08011168   0x08011168   0x0000000c   Data   RO         4427    .constdata          stm32f1xx_hal_rtc.o
    0x08011174   0x08011174   0x00000018   Data   RO         5057    .constdata          system_stm32f1xx.o
    0x0801118c   0x0801118c   0x00000048   Data   RO         5983    .constdata          finger.o
    0x080111d4   0x080111d4   0x00000070   Data   RO         6123    .constdata          iso14443ab.o
    0x08011244   0x08011244   0x00000081   Data   RO         7216    .constdata          mc_w.l(ctype_o.o)
    0x080112c5   0x080112c5   0x00000003   PAD
    0x080112c8   0x080112c8   0x00000004   Data   RO         7217    .constdata          mc_w.l(ctype_o.o)
    0x080112cc   0x080112cc   0x000000c9   Data   RO         5984    .conststring        finger.o
    0x08011395   0x08011395   0x00000003   PAD
    0x08011398   0x08011398   0x00000020   Data   RO         7247    Region$$Table       anon$$obj.o


    Execution Region RW_IRAM1 (Exec base: 0x20000000, Load base: 0x080113b8, Size: 0x000035e8, Max: 0x00005000, ABSOLUTE, COMPRESSED[0x000000dc])

    Exec Addr    Load Addr    Size         Type   Attr      Idx    E Section Name        Object

    0x20000000   COMPRESSED   0x000000c3   Data   RW           63    .data               main.o
    0x200000c3   COMPRESSED   0x00000001   PAD
    0x200000c4   COMPRESSED   0x0000004e   Data   RW          736    .data               usbd_desc.o
    0x20000112   COMPRESSED   0x00000002   PAD
    0x20000114   COMPRESSED   0x00000018   Data   RW          825    .data               usbd_cdc_if.o
    0x2000012c   COMPRESSED   0x00000009   Data   RW         1612    .data               stm32f1xx_hal.o
    0x20000135   COMPRESSED   0x00000003   PAD
    0x20000138   COMPRESSED   0x00000010   Data   RW         4428    .data               stm32f1xx_hal_rtc.o
    0x20000148   COMPRESSED   0x00000004   Data   RW         5058    .data               system_stm32f1xx.o
    0x2000014c   COMPRESSED   0x00000001   Data   RW         5244    .data               usbd_ctlreq.o
    0x2000014d   COMPRESSED   0x00000003   PAD
    0x20000150   COMPRESSED   0x0000010f   Data   RW         5400    .data               usbd_cdc.o
    0x2000025f   COMPRESSED   0x00000001   Data   RW         5568    .data               softuart.o
    0x20000260   COMPRESSED   0x00000004   Data   RW         7182    .data               mc_w.l(stdout.o)
    0x20000264   COMPRESSED   0x00000004   Data   RW         7192    .data               mc_w.l(errno.o)
    0x20000268        -       0x00000b3c   Zero   RW           61    .bss                main.o
    0x20000da4        -       0x000002c4   Zero   RW          679    .bss                usb_device.o
    0x20001068        -       0x00000200   Zero   RW          735    .bss                usbd_desc.o
    0x20001268        -       0x000007d0   Zero   RW          824    .bss                usbd_cdc_if.o
    0x20001a38        -       0x0000050c   Zero   RW          918    .bss                usbd_conf.o
    0x20001f44   COMPRESSED   0x00000004   PAD
    0x20001f48        -       0x00000020   Zero   RW         2326    .bss                stm32f1xx_hal_flash.o
    0x20001f68        -       0x00000010   Zero   RW         5497    .bss                ee.o
    0x20001f78        -       0x00000060   Zero   RW         5567    .bss                softuart.o
    0x20001fd8        -       0x0000000a   Zero   RW         6122    .bss                iso14443ab.o
    0x20001fe2        -       0x00001000   Zero   RW         6734    .bss                flash.o
    0x20002fe2   COMPRESSED   0x00000006   PAD
    0x20002fe8        -       0x00000600   Zero   RW            1    STACK               startup_stm32f103xb.o


==============================================================================

Image component sizes


      Code (inc. data)   RO Data    RW Data    ZI Data      Debug   Object Name

        64          0          0          0          0       1882   ecard.o
       262         22          0          0         16       3052   ee.o
      5048       1406        273          0          0      12248   finger.o
      1508        118          0          0       4096       8347   flash.o
       292         16        112          0         10       2728   iso14443ab.o
      8404       2442        256        195       2876     534236   main.o
       538         20          0          1         96       5272   softuart.o
        36          8        236          0       1536        780   startup_stm32f103xb.o
      1132         26          0          0          0       9749   stm32f1_rc522.o
       192         36          0          9          0       5693   stm32f1xx_hal.o
       372         30          0          0          0      29822   stm32f1xx_hal_cortex.o
       262          4          0          0          0       1683   stm32f1xx_hal_dma.o
       520         48          0          0         32       3990   stm32f1xx_hal_flash.o
       256         26          0          0          0       2455   stm32f1xx_hal_flash_ex.o
       848         34          0          0          0       3804   stm32f1xx_hal_gpio.o
        94          0          0          0          0       1200   stm32f1xx_hal_iwdg.o
       976         82          0          0          0       3856   stm32f1xx_hal_msp.o
      4304          0          0          0          0      14201   stm32f1xx_hal_pcd.o
        68          0          0          0          0       1126   stm32f1xx_hal_pcd_ex.o
        12          4          0          0          0        491   stm32f1xx_hal_pwr.o
      1830        120          0          0          0       7271   stm32f1xx_hal_rcc.o
       584         46          0          0          0       2329   stm32f1xx_hal_rcc_ex.o
      1548         42         12         16          0      10843   stm32f1xx_hal_rtc.o
      1430          6          0          0          0       5560   stm32f1xx_hal_spi.o
      1122         26          0          0          0       8812   stm32f1xx_hal_tim.o
       136         14          0          0          0       2293   stm32f1xx_hal_tim_ex.o
      1710         10          0          0          0       9960   stm32f1xx_hal_uart.o
       306         92          0          0          0       5981   stm32f1xx_it.o
      5254          0          0          0          0      19079   stm32f1xx_ll_usb.o
        16          8         24          4          0       1139   system_stm32f1xx.o
       136         22          0          0        708       2495   usb_device.o
       964         24          0        271          0      12578   usbd_cdc.o
       396         68          0         24       2000       4635   usbd_cdc_if.o
       842         30          0          0       1292      14221   usbd_conf.o
       850          0          0          0          0       9551   usbd_core.o
      2106         28          0          1          0      10304   usbd_ctlreq.o
       370        106          0         78        512       6313   usbd_desc.o
       174          0          0          0          0       4360   usbd_ioreq.o

    ----------------------------------------------------------------------
     45004       4964        948        608      13184     784339   Object Totals
         0          0         32          0          0          0   (incl. Generated)
        42          0          3          9         10          0   (incl. Padding)

    ----------------------------------------------------------------------

      Code (inc. data)   RO Data    RW Data    ZI Data      Debug   Library Member Name

        86          0          0          0          0          0   __dczerorl2.o
        28          0          0          0          0         68   _chval.o
       158          0          0          0          0         92   _strtoul.o
        26          0          0          0          0         80   atoi.o
         8          4        133          0          0         68   ctype_o.o
         0          0          0          0          0          0   entry.o
         0          0          0          0          0          0   entry10a.o
         0          0          0          0          0          0   entry11a.o
         8          4          0          0          0          0   entry2.o
         4          0          0          0          0          0   entry5.o
         0          0          0          0          0          0   entry7b.o
         0          0          0          0          0          0   entry8b.o
         8          4          0          0          0          0   entry9a.o
         8          4          0          4          0         68   errno.o
        30          0          0          0          0          0   handlers.o
        36          8          0          0          0         68   init.o
        30          0          0          0          0         68   llshl.o
        32          0          0          0          0         68   llushr.o
        36          0          0          0          0         68   memcpya.o
        36          0          0          0          0        108   memseta.o
      1204         60          0          0          0        504   printf8.o
         0          0          0          4          0          0   stdout.o
        14          0          0          0          0         68   strlen.o
       112          0          0          0          0         88   strtol.o
        98          0          0          0          0         92   uldiv.o

    ----------------------------------------------------------------------
      1968         84        136          8          0       1508   Library Totals
         6          0          3          0          0          0   (incl. Padding)

    ----------------------------------------------------------------------

      Code (inc. data)   RO Data    RW Data    ZI Data      Debug   Library Name

      1962         84        133          8          0       1508   mc_w.l

    ----------------------------------------------------------------------
      1968         84        136          8          0       1508   Library Totals

    ----------------------------------------------------------------------

==============================================================================


      Code (inc. data)   RO Data    RW Data    ZI Data      Debug   

     46972       5048       1084        616      13184     768347   Grand Totals
     46972       5048       1084        220      13184     768347   ELF Image Totals (compressed)
     46972       5048       1084        220          0          0   ROM Totals

==============================================================================

    Total RO  Size (Code + RO Data)                48056 (  46.93kB)
    Total RW  Size (RW Data + ZI Data)             13800 (  13.48kB)
    Total ROM Size (Code + RO Data + RW Data)      48276 (  47.14kB)

==============================================================================

